sshd-148212  ( 148212) [003] d.... 27122.154961: sched_stat_runtime: comm=sshd pid=148212 runtime=132654 [ns] vruntime=117903587 [ns]
bash-148213  ( 148213) [001] ..... 27155.728882: sched_process_fork: comm=bash pid=148213 child_comm=bash child_pid=154961
bash-148213  ( 148213) [001] d.... 27155.728889: sched_wakeup_new: comm=bash pid=154961 prio=120 target_cpu=000
<idle>-0       (-------) [000] d.... 27155.729066: sched_switch: prev_comm=swapper/0 prev_pid=0 prev_prio=120 prev_state=R ==> next_comm=bash next_pid=154961 next_prio=120
<...>-154961  ( 154961) [000] ..... 27155.729604: sched_process_exec: filename=/usr/local/bin/kernelshark pid=154961 old_pid=154961
<...>-154961  ( 154961) [000] d.h.. 27155.732215: softirq_raise: vec=1 [action=TIMER]
<...>-154961  ( 154961) [000] d.h.. 27155.732223: softirq_raise: vec=9 [action=RCU]
<...>-154961  ( 154961) [000] d.h.. 27155.732230: sched_stat_runtime: comm=kernelshark pid=154961 runtime=3343939 [ns] vruntime=919789387 [ns]
<...>-154961  ( 154961) [000] d.h.. 27155.732237: softirq_raise: vec=7 [action=SCHED]
<...>-154961  ( 154961) [000] ..s.. 27155.732394: softirq_entry: vec=1 [action=TIMER]
<...>-154961  ( 154961) [000] ..s.. 27155.732560: softirq_exit: vec=1 [action=TIMER]
<...>-154961  ( 154961) [000] ..s.. 27155.732565: softirq_entry: vec=7 [action=SCHED]
<...>-154961  ( 154961) [000] ..s.. 27155.732573: softirq_exit: vec=7 [action=SCHED]
<...>-154961  ( 154961) [000] ..s.. 27155.732578: softirq_entry: vec=9 [action=RCU]
<...>-154961  ( 154961) [000] ..s.. 27155.732583: softirq_exit: vec=9 [action=RCU]
<...>-154961  ( 154961) [000] d.h.. 27155.736243: softirq_raise: vec=1 [action=TIMER]
<...>-154961  ( 154961) [000] d.h.. 27155.736248: softirq_raise: vec=9 [action=RCU]
<...>-154961  ( 154961) [000] d.h.. 27155.736253: sched_stat_runtime: comm=kernelshark pid=154961 runtime=4023253 [ns] vruntime=923812640 [ns]
<...>-154961  ( 154961) [000] ..s.. 27155.736296: softirq_entry: vec=1 [action=TIMER]
<...>-154961  ( 154961) [000] d.s.. 27155.736300: sched_waking: comm=kworker/0:2 pid=144593 prio=120 target_cpu=000
<...>-154961  ( 154961) [000] dNs.. 27155.736322: sched_wakeup: comm=kworker/0:2 pid=144593 prio=120 target_cpu=000
<...>-154961  ( 154961) [000] .Ns.. 27155.736495: softirq_exit: vec=1 [action=TIMER]
<...>-154961  ( 154961) [000] .Ns.. 27155.736499: softirq_entry: vec=9 [action=RCU]
<...>-154961  ( 154961) [000] .Ns.. 27155.736502: softirq_exit: vec=9 [action=RCU]
<...>-154961  ( 154961) [000] dN... 27155.736505: sched_stat_runtime: comm=kernelshark pid=154961 runtime=52054 [ns] vruntime=923864694 [ns]
<...>-154961  ( 154961) [000] d.... 27155.736512: sched_switch: prev_comm=kernelshark prev_pid=154961 prev_prio=120 prev_state=R ==> next_comm=kworker/0:2 next_pid=144593 next_prio=120
kworker/0:2-144593  ( 144593) [000] d.... 27155.736581: sched_switch: prev_comm=kworker/0:2 prev_pid=144593 prev_prio=120 prev_state=I ==> next_comm=kernelshark next_pid=154961 next_prio=120
<...>-154961  ( 154961) [000] d.h.. 27155.740235: softirq_raise: vec=1 [action=TIMER]
<...>-154961  ( 154961) [000] d.h.. 27155.740240: sched_stat_runtime: comm=kernelshark pid=154961 runtime=3664997 [ns] vruntime=927529691 [ns]
<...>-154961  ( 154961) [000] ..s.. 27155.740281: softirq_entry: vec=1 [action=TIMER]
<...>-154961  ( 154961) [000] ..s.. 27155.740445: softirq_exit: vec=1 [action=TIMER]
<...>-154961  ( 154961) [000] d.h.. 27155.744161: softirq_raise: vec=1 [action=TIMER]
<...>-154961  ( 154961) [000] d.h.. 27155.744167: sched_stat_runtime: comm=kernelshark pid=154961 runtime=3926697 [ns] vruntime=931456388 [ns]
<...>-154961  ( 154961) [000] ..s.. 27155.744210: softirq_entry: vec=1 [action=TIMER]
<...>-154961  ( 154961) [000] ..s.. 27155.744371: softirq_exit: vec=1 [action=TIMER]
<...>-154961  ( 154961) [000] d.h.. 27155.748012: softirq_raise: vec=1 [action=TIMER]
<...>-154961  ( 154961) [000] d.h.. 27155.748018: softirq_raise: vec=9 [action=RCU]
<...>-154961  ( 154961) [000] d.h.. 27155.748023: sched_stat_runtime: comm=kernelshark pid=154961 runtime=3855761 [ns] vruntime=935312149 [ns]
<...>-154961  ( 154961) [000] ..s.. 27155.748067: softirq_entry: vec=1 [action=TIMER]
<...>-154961  ( 154961) [000] ..s.. 27155.748235: softirq_exit: vec=1 [action=TIMER]
<...>-154961  ( 154961) [000] ..s.. 27155.748238: softirq_entry: vec=9 [action=RCU]
<...>-154961  ( 154961) [000] ..s.. 27155.748244: softirq_exit: vec=9 [action=RCU]
<...>-154961  ( 154961) [000] d.h.. 27155.752183: softirq_raise: vec=1 [action=TIMER]
<...>-154961  ( 154961) [000] d.h.. 27155.752198: sched_stat_runtime: comm=kernelshark pid=154961 runtime=4173917 [ns] vruntime=939486066 [ns]
<...>-154961  ( 154961) [000] ..s.. 27155.752249: softirq_entry: vec=1 [action=TIMER]
<...>-154961  ( 154961) [000] ..s.. 27155.752425: softirq_exit: vec=1 [action=TIMER]
<...>-154961  ( 154961) [000] d.h.. 27155.756145: softirq_raise: vec=1 [action=TIMER]
<...>-154961  ( 154961) [000] d.h.. 27155.756154: sched_stat_runtime: comm=kernelshark pid=154961 runtime=3956817 [ns] vruntime=943442883 [ns]
<...>-154961  ( 154961) [000] ..s.. 27155.756198: softirq_entry: vec=1 [action=TIMER]
<...>-154961  ( 154961) [000] ..s.. 27155.756362: softirq_exit: vec=1 [action=TIMER]
<...>-154961  ( 154961) [000] d.... 27155.757192: softirq_raise: vec=3 [action=NET_RX]
<...>-154961  ( 154961) [000] ..s1. 27155.757202: softirq_entry: vec=3 [action=NET_RX]
<...>-154961  ( 154961) [000] ..s1. 27155.757233: softirq_exit: vec=3 [action=NET_RX]
<...>-154961  ( 154961) [000] d.... 27155.757254: softirq_raise: vec=3 [action=NET_RX]
<...>-154961  ( 154961) [000] ..s1. 27155.757263: softirq_entry: vec=3 [action=NET_RX]
<...>-154961  ( 154961) [000] d.s1. 27155.757285: sched_waking: comm=sshd pid=148212 prio=120 target_cpu=003
<...>-154961  ( 154961) [000] ..s1. 27155.757345: softirq_exit: vec=3 [action=NET_RX]
<...>-154961  ( 154961) [000] d.... 27155.757497: softirq_raise: vec=3 [action=NET_RX]
<...>-154961  ( 154961) [000] ..s1. 27155.757507: softirq_entry: vec=3 [action=NET_RX]
<...>-154961  ( 154961) [000] ..s1. 27155.757523: softirq_exit: vec=3 [action=NET_RX]
<...>-154961  ( 154961) [000] d.... 27155.757551: sched_stat_runtime: comm=kernelshark pid=154961 runtime=1396522 [ns] vruntime=944839405 [ns]
<...>-154961  ( 154961) [000] d.... 27155.757562: sched_switch: prev_comm=kernelshark prev_pid=154961 prev_prio=120 prev_state=S ==> next_comm=swapper/0 next_pid=0 next_prio=120
sshd-148212  ( 148212) [003] d.s1. 27155.761376: sched_waking: comm=kernelshark pid=154961 prio=120 target_cpu=000
<idle>-0       (-------) [000] dNh.. 27155.761657: sched_wakeup: comm=kernelshark pid=154961 prio=120 target_cpu=000
<idle>-0       (-------) [000] d.... 27155.761667: sched_switch: prev_comm=swapper/0 prev_pid=0 prev_prio=120 prev_state=R ==> next_comm=kernelshark next_pid=154961 next_prio=120
<...>-154961  ( 154961) [000] d.... 27155.761795: softirq_raise: vec=3 [action=NET_RX]
<...>-154961  ( 154961) [000] ..s1. 27155.761803: softirq_entry: vec=3 [action=NET_RX]
<...>-154961  ( 154961) [000] d.s1. 27155.761813: sched_waking: comm=sshd pid=148212 prio=120 target_cpu=003
<...>-154961  ( 154961) [000] ..s1. 27155.761863: softirq_exit: vec=3 [action=NET_RX]
<...>-154961  ( 154961) [000] d.... 27155.761875: sched_stat_runtime: comm=kernelshark pid=154961 runtime=221480 [ns] vruntime=945060885 [ns]
<...>-154961  ( 154961) [000] d.... 27155.761884: sched_switch: prev_comm=kernelshark prev_pid=154961 prev_prio=120 prev_state=S ==> next_comm=swapper/0 next_pid=0 next_prio=120
sshd-148212  ( 148212) [003] d.s1. 27155.764259: sched_waking: comm=kernelshark pid=154961 prio=120 target_cpu=000
<idle>-0       (-------) [000] dNH.. 27155.764432: sched_wakeup: comm=kernelshark pid=154961 prio=120 target_cpu=000
<idle>-0       (-------) [000] d.... 27155.764566: sched_switch: prev_comm=swapper/0 prev_pid=0 prev_prio=120 prev_state=R ==> next_comm=kernelshark next_pid=154961 next_prio=120
<...>-154961  ( 154961) [000] d.... 27155.764601: softirq_raise: vec=3 [action=NET_RX]
<...>-154961  ( 154961) [000] ..s1. 27155.764609: softirq_entry: vec=3 [action=NET_RX]
<...>-154961  ( 154961) [000] d.s1. 27155.764622: sched_waking: comm=sshd pid=148212 prio=120 target_cpu=003
<...>-154961  ( 154961) [000] ..s1. 27155.764671: softirq_exit: vec=3 [action=NET_RX]
<...>-154961  ( 154961) [000] d.... 27155.764682: sched_stat_runtime: comm=kernelshark pid=154961 runtime=252997 [ns] vruntime=945313882 [ns]
<...>-154961  ( 154961) [000] d.... 27155.764691: sched_switch: prev_comm=kernelshark prev_pid=154961 prev_prio=120 prev_state=S ==> next_comm=swapper/0 next_pid=0 next_prio=120
sshd-148212  ( 148212) [003] d.s1. 27155.765901: sched_waking: comm=kernelshark pid=154961 prio=120 target_cpu=000
<idle>-0       (-------) [000] dNh.. 27155.766049: sched_wakeup: comm=kernelshark pid=154961 prio=120 target_cpu=000
<idle>-0       (-------) [000] d.... 27155.766053: sched_switch: prev_comm=swapper/0 prev_pid=0 prev_prio=120 prev_state=R ==> next_comm=kernelshark next_pid=154961 next_prio=120
<...>-154961  ( 154961) [000] d.... 27155.766095: softirq_raise: vec=3 [action=NET_RX]
<...>-154961  ( 154961) [000] ..s1. 27155.766098: softirq_entry: vec=3 [action=NET_RX]
<...>-154961  ( 154961) [000] d.s1. 27155.766104: sched_waking: comm=sshd pid=148212 prio=120 target_cpu=003
<...>-154961  ( 154961) [000] ..s1. 27155.766141: softirq_exit: vec=3 [action=NET_RX]
<...>-154961  ( 154961) [000] d.... 27155.766153: sched_stat_runtime: comm=kernelshark pid=154961 runtime=106081 [ns] vruntime=945419963 [ns]
<...>-154961  ( 154961) [000] d.... 27155.766158: sched_switch: prev_comm=kernelshark prev_pid=154961 prev_prio=120 prev_state=S ==> next_comm=swapper/0 next_pid=0 next_prio=120
sshd-148212  ( 148212) [003] d.s1. 27155.767567: sched_waking: comm=kernelshark pid=154961 prio=120 target_cpu=000
<idle>-0       (-------) [000] dNh.. 27155.767752: sched_wakeup: comm=kernelshark pid=154961 prio=120 target_cpu=000
<idle>-0       (-------) [000] d.... 27155.767833: sched_switch: prev_comm=swapper/0 prev_pid=0 prev_prio=120 prev_state=R ==> next_comm=kernelshark next_pid=154961 next_prio=120
<...>-154961  ( 154961) [000] d.... 27155.767875: softirq_raise: vec=3 [action=NET_RX]
<...>-154961  ( 154961) [000] ..s1. 27155.767878: softirq_entry: vec=3 [action=NET_RX]
<...>-154961  ( 154961) [000] d.s1. 27155.767884: sched_waking: comm=sshd pid=148212 prio=120 target_cpu=003
<...>-154961  ( 154961) [000] ..s1. 27155.767920: softirq_exit: vec=3 [action=NET_RX]
<...>-154961  ( 154961) [000] d.... 27155.767927: sched_stat_runtime: comm=kernelshark pid=154961 runtime=177410 [ns] vruntime=945597373 [ns]
<...>-154961  ( 154961) [000] d.... 27155.767931: sched_switch: prev_comm=kernelshark prev_pid=154961 prev_prio=120 prev_state=S ==> next_comm=swapper/0 next_pid=0 next_prio=120
sshd-148212  ( 148212) [003] d.s1. 27155.769943: sched_waking: comm=kernelshark pid=154961 prio=120 target_cpu=000
<idle>-0       (-------) [000] dNh.. 27155.770091: sched_wakeup: comm=kernelshark pid=154961 prio=120 target_cpu=000
<idle>-0       (-------) [000] d.... 27155.770096: sched_switch: prev_comm=swapper/0 prev_pid=0 prev_prio=120 prev_state=R ==> next_comm=kernelshark next_pid=154961 next_prio=120
<...>-154961  ( 154961) [000] d.... 27155.770117: softirq_raise: vec=3 [action=NET_RX]
<...>-154961  ( 154961) [000] ..s1. 27155.770119: softirq_entry: vec=3 [action=NET_RX]
<...>-154961  ( 154961) [000] d.s1. 27155.770125: sched_waking: comm=sshd pid=148212 prio=120 target_cpu=003
<...>-154961  ( 154961) [000] ..s1. 27155.770161: softirq_exit: vec=3 [action=NET_RX]
<...>-154961  ( 154961) [000] d.... 27155.770168: sched_stat_runtime: comm=kernelshark pid=154961 runtime=79260 [ns] vruntime=945676633 [ns]
<...>-154961  ( 154961) [000] d.... 27155.770172: sched_switch: prev_comm=kernelshark prev_pid=154961 prev_prio=120 prev_state=S ==> next_comm=swapper/0 next_pid=0 next_prio=120
sshd-148212  ( 148212) [003] d.s1. 27155.771670: sched_waking: comm=kernelshark pid=154961 prio=120 target_cpu=000
<idle>-0       (-------) [000] dNh.. 27155.771816: sched_wakeup: comm=kernelshark pid=154961 prio=120 target_cpu=000
<idle>-0       (-------) [000] d.... 27155.771820: sched_switch: prev_comm=swapper/0 prev_pid=0 prev_prio=120 prev_state=R ==> next_comm=kernelshark next_pid=154961 next_prio=120
<...>-154961  ( 154961) [000] d.... 27155.771895: softirq_raise: vec=3 [action=NET_RX]
<...>-154961  ( 154961) [000] ..s1. 27155.771898: softirq_entry: vec=3 [action=NET_RX]
<...>-154961  ( 154961) [000] d.s1. 27155.771904: sched_waking: comm=sshd pid=148212 prio=120 target_cpu=003
<...>-154961  ( 154961) [000] ..s1. 27155.771941: softirq_exit: vec=3 [action=NET_RX]
<...>-154961  ( 154961) [000] d.... 27155.771947: sched_stat_runtime: comm=kernelshark pid=154961 runtime=132986 [ns] vruntime=945809619 [ns]
<...>-154961  ( 154961) [000] d.... 27155.771951: sched_switch: prev_comm=kernelshark prev_pid=154961 prev_prio=120 prev_state=S ==> next_comm=swapper/0 next_pid=0 next_prio=120
sshd-148212  ( 148212) [003] d.s1. 27155.774097: sched_waking: comm=kernelshark pid=154961 prio=120 target_cpu=000
<idle>-0       (-------) [000] dNh.. 27155.774309: sched_wakeup: comm=kernelshark pid=154961 prio=120 target_cpu=000
<idle>-0       (-------) [000] d.... 27155.774320: sched_switch: prev_comm=swapper/0 prev_pid=0 prev_prio=120 prev_state=R ==> next_comm=kernelshark next_pid=154961 next_prio=120
<...>-154961  ( 154961) [000] d.... 27155.774345: sched_stat_runtime: comm=kernelshark pid=154961 runtime=38323 [ns] vruntime=945847942 [ns]
<...>-154961  ( 154961) [000] d.... 27155.774353: sched_switch: prev_comm=kernelshark prev_pid=154961 prev_prio=120 prev_state=S ==> next_comm=swapper/0 next_pid=0 next_prio=120
sshd-148212  ( 148212) [003] d.s1. 27155.774480: sched_waking: comm=kernelshark pid=154961 prio=120 target_cpu=000
<idle>-0       (-------) [000] dNh.. 27155.774682: sched_wakeup: comm=kernelshark pid=154961 prio=120 target_cpu=000
<idle>-0       (-------) [000] d.... 27155.774692: sched_switch: prev_comm=swapper/0 prev_pid=0 prev_prio=120 prev_state=R ==> next_comm=kernelshark next_pid=154961 next_prio=120
<...>-154961  ( 154961) [000] d.... 27155.774705: softirq_raise: vec=3 [action=NET_RX]
<...>-154961  ( 154961) [000] ..s1. 27155.774715: softirq_entry: vec=3 [action=NET_RX]
<...>-154961  ( 154961) [000] ..s1. 27155.774728: softirq_exit: vec=3 [action=NET_RX]
<...>-154961  ( 154961) [000] d.... 27155.774745: sched_stat_runtime: comm=kernelshark pid=154961 runtime=65177 [ns] vruntime=945913119 [ns]
<...>-154961  ( 154961) [000] d.... 27155.774754: sched_switch: prev_comm=kernelshark prev_pid=154961 prev_prio=120 prev_state=S ==> next_comm=swapper/0 next_pid=0 next_prio=120
sshd-148212  ( 148212) [003] d.s1. 27155.775095: sched_waking: comm=kernelshark pid=154961 prio=120 target_cpu=000
<idle>-0       (-------) [000] dNh.. 27155.775442: sched_wakeup: comm=kernelshark pid=154961 prio=120 target_cpu=000
<idle>-0       (-------) [000] d.... 27155.775452: sched_switch: prev_comm=swapper/0 prev_pid=0 prev_prio=120 prev_state=R ==> next_comm=kernelshark next_pid=154961 next_prio=120
<...>-154961  ( 154961) [000] d.... 27155.775473: sched_stat_runtime: comm=kernelshark pid=154961 runtime=32903 [ns] vruntime=945946022 [ns]
<...>-154961  ( 154961) [000] d.... 27155.775481: sched_switch: prev_comm=kernelshark prev_pid=154961 prev_prio=120 prev_state=S ==> next_comm=swapper/0 next_pid=0 next_prio=120
sshd-148212  ( 148212) [003] d.s1. 27155.775741: sched_waking: comm=kernelshark pid=154961 prio=120 target_cpu=000
<idle>-0       (-------) [000] dNh.. 27155.775964: sched_wakeup: comm=kernelshark pid=154961 prio=120 target_cpu=000
<idle>-0       (-------) [000] d.... 27155.776369: sched_switch: prev_comm=swapper/0 prev_pid=0 prev_prio=120 prev_state=R ==> next_comm=kernelshark next_pid=154961 next_prio=120
<...>-154961  ( 154961) [000] d.... 27155.776383: softirq_raise: vec=3 [action=NET_RX]
<...>-154961  ( 154961) [000] ..s1. 27155.776393: softirq_entry: vec=3 [action=NET_RX]
<...>-154961  ( 154961) [000] ..s1. 27155.776407: softirq_exit: vec=3 [action=NET_RX]
<...>-154961  ( 154961) [000] d.... 27155.776427: sched_stat_runtime: comm=kernelshark pid=154961 runtime=83210 [ns] vruntime=946029232 [ns]
<...>-154961  ( 154961) [000] d.... 27155.776440: sched_switch: prev_comm=kernelshark prev_pid=154961 prev_prio=120 prev_state=S ==> next_comm=swapper/0 next_pid=0 next_prio=120
sshd-148212  ( 148212) [003] d.s1. 27155.776472: sched_waking: comm=kernelshark pid=154961 prio=120 target_cpu=000
<idle>-0       (-------) [000] dNh.. 27155.776681: sched_wakeup: comm=kernelshark pid=154961 prio=120 target_cpu=000
<idle>-0       (-------) [000] d.... 27155.776691: sched_switch: prev_comm=swapper/0 prev_pid=0 prev_prio=120 prev_state=R ==> next_comm=kernelshark next_pid=154961 next_prio=120
<...>-154961  ( 154961) [000] d.... 27155.776711: sched_stat_runtime: comm=kernelshark pid=154961 runtime=32018 [ns] vruntime=946061250 [ns]
<...>-154961  ( 154961) [000] d.... 27155.776720: sched_switch: prev_comm=kernelshark prev_pid=154961 prev_prio=120 prev_state=S ==> next_comm=swapper/0 next_pid=0 next_prio=120
sshd-148212  ( 148212) [003] d.s1. 27155.776838: sched_waking: comm=kernelshark pid=154961 prio=120 target_cpu=000
<idle>-0       (-------) [000] dNh.. 27155.777041: sched_wakeup: comm=kernelshark pid=154961 prio=120 target_cpu=000
<idle>-0       (-------) [000] d.... 27155.777052: sched_switch: prev_comm=swapper/0 prev_pid=0 prev_prio=120 prev_state=R ==> next_comm=kernelshark next_pid=154961 next_prio=120
<...>-154961  ( 154961) [000] d.... 27155.777066: softirq_raise: vec=3 [action=NET_RX]
<...>-154961  ( 154961) [000] ..s1. 27155.777075: softirq_entry: vec=3 [action=NET_RX]
<...>-154961  ( 154961) [000] ..s1. 27155.777088: softirq_exit: vec=3 [action=NET_RX]
<...>-154961  ( 154961) [000] d.... 27155.777105: sched_stat_runtime: comm=kernelshark pid=154961 runtime=66544 [ns] vruntime=946127794 [ns]
<...>-154961  ( 154961) [000] d.... 27155.777113: sched_switch: prev_comm=kernelshark prev_pid=154961 prev_prio=120 prev_state=S ==> next_comm=swapper/0 next_pid=0 next_prio=120
sshd-148212  ( 148212) [003] d.s1. 27155.777326: sched_waking: comm=kernelshark pid=154961 prio=120 target_cpu=000
<idle>-0       (-------) [000] dNh.. 27155.777527: sched_wakeup: comm=kernelshark pid=154961 prio=120 target_cpu=000
<idle>-0       (-------) [000] d.... 27155.777535: sched_switch: prev_comm=swapper/0 prev_pid=0 prev_prio=120 prev_state=R ==> next_comm=kernelshark next_pid=154961 next_prio=120
<...>-154961  ( 154961) [000] d.... 27155.777553: sched_stat_runtime: comm=kernelshark pid=154961 runtime=27980 [ns] vruntime=946155774 [ns]
<...>-154961  ( 154961) [000] d.... 27155.777557: sched_switch: prev_comm=kernelshark prev_pid=154961 prev_prio=120 prev_state=S ==> next_comm=swapper/0 next_pid=0 next_prio=120
sshd-148212  ( 148212) [003] d.s1. 27155.778072: sched_waking: comm=kernelshark pid=154961 prio=120 target_cpu=000
<idle>-0       (-------) [000] dNh.. 27155.778330: sched_wakeup: comm=kernelshark pid=154961 prio=120 target_cpu=000
<idle>-0       (-------) [000] d.... 27155.778340: sched_switch: prev_comm=swapper/0 prev_pid=0 prev_prio=120 prev_state=R ==> next_comm=kernelshark next_pid=154961 next_prio=120
<...>-154961  ( 154961) [000] d.... 27155.778357: softirq_raise: vec=3 [action=NET_RX]
<...>-154961  ( 154961) [000] ..s1. 27155.778366: softirq_entry: vec=3 [action=NET_RX]
<...>-154961  ( 154961) [000] ..s1. 27155.778380: softirq_exit: vec=3 [action=NET_RX]
<...>-154961  ( 154961) [000] d.... 27155.778400: sched_stat_runtime: comm=kernelshark pid=154961 runtime=72733 [ns] vruntime=946228507 [ns]
<...>-154961  ( 154961) [000] d.... 27155.778410: sched_switch: prev_comm=kernelshark prev_pid=154961 prev_prio=120 prev_state=S ==> next_comm=swapper/0 next_pid=0 next_prio=120
sshd-148212  ( 148212) [003] d.s1. 27155.778903: sched_waking: comm=kernelshark pid=154961 prio=120 target_cpu=000
<idle>-0       (-------) [000] dNh.. 27155.779105: sched_wakeup: comm=kernelshark pid=154961 prio=120 target_cpu=000
<idle>-0       (-------) [000] d.... 27155.779241: sched_switch: prev_comm=swapper/0 prev_pid=0 prev_prio=120 prev_state=R ==> next_comm=kernelshark next_pid=154961 next_prio=120
<...>-154961  ( 154961) [000] d.... 27155.779265: sched_stat_runtime: comm=kernelshark pid=154961 runtime=162779 [ns] vruntime=946391286 [ns]
<...>-154961  ( 154961) [000] d.... 27155.779274: sched_switch: prev_comm=kernelshark prev_pid=154961 prev_prio=120 prev_state=S ==> next_comm=swapper/0 next_pid=0 next_prio=120
sshd-148212  ( 148212) [003] d.s1. 27155.779403: sched_waking: comm=kernelshark pid=154961 prio=120 target_cpu=000
<idle>-0       (-------) [000] dNh.. 27155.779608: sched_wakeup: comm=kernelshark pid=154961 prio=120 target_cpu=000
<idle>-0       (-------) [000] d.... 27155.779619: sched_switch: prev_comm=swapper/0 prev_pid=0 prev_prio=120 prev_state=R ==> next_comm=kernelshark next_pid=154961 next_prio=120
<...>-154961  ( 154961) [000] d.... 27155.779634: softirq_raise: vec=3 [action=NET_RX]
<...>-154961  ( 154961) [000] ..s1. 27155.779644: softirq_entry: vec=3 [action=NET_RX]
<...>-154961  ( 154961) [000] ..s1. 27155.779657: softirq_exit: vec=3 [action=NET_RX]
<...>-154961  ( 154961) [000] d.... 27155.779680: sched_stat_runtime: comm=kernelshark pid=154961 runtime=74358 [ns] vruntime=946465644 [ns]
<...>-154961  ( 154961) [000] d.... 27155.779689: sched_switch: prev_comm=kernelshark prev_pid=154961 prev_prio=120 prev_state=S ==> next_comm=swapper/0 next_pid=0 next_prio=120
sshd-148212  ( 148212) [003] d.s1. 27155.780467: sched_waking: comm=kernelshark pid=154961 prio=120 target_cpu=000
<idle>-0       (-------) [000] dNh.. 27155.780685: sched_wakeup: comm=kernelshark pid=154961 prio=120 target_cpu=000
<idle>-0       (-------) [000] d.... 27155.780698: sched_switch: prev_comm=swapper/0 prev_pid=0 prev_prio=120 prev_state=R ==> next_comm=kernelshark next_pid=154961 next_prio=120
<...>-154961  ( 154961) [000] d.... 27155.780717: softirq_raise: vec=3 [action=NET_RX]
<...>-154961  ( 154961) [000] ..s1. 27155.780722: softirq_entry: vec=3 [action=NET_RX]
<...>-154961  ( 154961) [000] ..s1. 27155.780737: softirq_exit: vec=3 [action=NET_RX]
<...>-154961  ( 154961) [000] d.... 27155.780763: sched_stat_runtime: comm=kernelshark pid=154961 runtime=80222 [ns] vruntime=946545866 [ns]
<...>-154961  ( 154961) [000] d.... 27155.780773: sched_switch: prev_comm=kernelshark prev_pid=154961 prev_prio=120 prev_state=S ==> next_comm=swapper/0 next_pid=0 next_prio=120
sshd-148212  ( 148212) [003] d.s1. 27155.782395: sched_waking: comm=kernelshark pid=154961 prio=120 target_cpu=000
<idle>-0       (-------) [000] dNh.. 27155.782611: sched_wakeup: comm=kernelshark pid=154961 prio=120 target_cpu=000
<idle>-0       (-------) [000] d.... 27155.782619: sched_switch: prev_comm=swapper/0 prev_pid=0 prev_prio=120 prev_state=R ==> next_comm=kernelshark next_pid=154961 next_prio=120
<...>-154961  ( 154961) [000] d.... 27155.782633: softirq_raise: vec=3 [action=NET_RX]
<...>-154961  ( 154961) [000] ..s1. 27155.782643: softirq_entry: vec=3 [action=NET_RX]
<...>-154961  ( 154961) [000] ..s1. 27155.782659: softirq_exit: vec=3 [action=NET_RX]
<...>-154961  ( 154961) [000] d.... 27155.782696: sched_stat_runtime: comm=kernelshark pid=154961 runtime=88913 [ns] vruntime=946634779 [ns]
<...>-154961  ( 154961) [000] d.... 27155.782703: sched_switch: prev_comm=kernelshark prev_pid=154961 prev_prio=120 prev_state=S ==> next_comm=swapper/0 next_pid=0 next_prio=120
sshd-148212  ( 148212) [003] d.s1. 27155.783419: sched_waking: comm=kernelshark pid=154961 prio=120 target_cpu=000
<idle>-0       (-------) [000] dNh.. 27155.783582: sched_wakeup: comm=kernelshark pid=154961 prio=120 target_cpu=000
<idle>-0       (-------) [000] d.... 27155.783587: sched_switch: prev_comm=swapper/0 prev_pid=0 prev_prio=120 prev_state=R ==> next_comm=kernelshark next_pid=154961 next_prio=120
<...>-154961  ( 154961) [000] d.... 27155.783597: sched_stat_runtime: comm=kernelshark pid=154961 runtime=17263 [ns] vruntime=946652042 [ns]
<...>-154961  ( 154961) [000] d.... 27155.783601: sched_switch: prev_comm=kernelshark prev_pid=154961 prev_prio=120 prev_state=S ==> next_comm=swapper/0 next_pid=0 next_prio=120
sshd-148212  ( 148212) [003] d.s1. 27155.783651: sched_waking: comm=kernelshark pid=154961 prio=120 target_cpu=000
<idle>-0       (-------) [000] dNh.. 27155.783825: sched_wakeup: comm=kernelshark pid=154961 prio=120 target_cpu=000
<idle>-0       (-------) [000] d.... 27155.783829: sched_switch: prev_comm=swapper/0 prev_pid=0 prev_prio=120 prev_state=R ==> next_comm=kernelshark next_pid=154961 next_prio=120
<...>-154961  ( 154961) [000] d.... 27155.783868: softirq_raise: vec=3 [action=NET_RX]
<...>-154961  ( 154961) [000] ..s1. 27155.783871: softirq_entry: vec=3 [action=NET_RX]
<...>-154961  ( 154961) [000] ..s1. 27155.783877: softirq_exit: vec=3 [action=NET_RX]
<...>-154961  ( 154961) [000] d.... 27155.783885: sched_stat_runtime: comm=kernelshark pid=154961 runtime=61458 [ns] vruntime=946713500 [ns]
<...>-154961  ( 154961) [000] d.... 27155.783888: sched_switch: prev_comm=kernelshark prev_pid=154961 prev_prio=120 prev_state=S ==> next_comm=swapper/0 next_pid=0 next_prio=120
sshd-148212  ( 148212) [003] d.s1. 27155.784848: sched_waking: comm=kernelshark pid=154961 prio=120 target_cpu=000
<idle>-0       (-------) [000] dNh.. 27155.785068: sched_wakeup: comm=kernelshark pid=154961 prio=120 target_cpu=000
<idle>-0       (-------) [000] d.... 27155.785076: sched_switch: prev_comm=swapper/0 prev_pid=0 prev_prio=120 prev_state=R ==> next_comm=kernelshark next_pid=154961 next_prio=120
<...>-154961  ( 154961) [000] d.... 27155.785096: sched_stat_runtime: comm=kernelshark pid=154961 runtime=30282 [ns] vruntime=946743782 [ns]
<...>-154961  ( 154961) [000] d.... 27155.785103: sched_switch: prev_comm=kernelshark prev_pid=154961 prev_prio=120 prev_state=S ==> next_comm=swapper/0 next_pid=0 next_prio=120
sshd-148212  ( 148212) [003] d.s1. 27155.785242: sched_waking: comm=kernelshark pid=154961 prio=120 target_cpu=000
<idle>-0       (-------) [000] dNh.. 27155.785596: sched_wakeup: comm=kernelshark pid=154961 prio=120 target_cpu=000
<idle>-0       (-------) [000] d.... 27155.785600: sched_switch: prev_comm=swapper/0 prev_pid=0 prev_prio=120 prev_state=R ==> next_comm=kernelshark next_pid=154961 next_prio=120
<...>-154961  ( 154961) [000] d.... 27155.785633: softirq_raise: vec=3 [action=NET_RX]
<...>-154961  ( 154961) [000] ..s1. 27155.785637: softirq_entry: vec=3 [action=NET_RX]
<...>-154961  ( 154961) [000] ..s1. 27155.785642: softirq_exit: vec=3 [action=NET_RX]
<...>-154961  ( 154961) [000] d.... 27155.785707: softirq_raise: vec=3 [action=NET_RX]
<...>-154961  ( 154961) [000] ..s1. 27155.785710: softirq_entry: vec=3 [action=NET_RX]
<...>-154961  ( 154961) [000] ..s1. 27155.785714: softirq_exit: vec=3 [action=NET_RX]
<...>-154961  ( 154961) [000] d.... 27155.785719: sched_stat_runtime: comm=kernelshark pid=154961 runtime=124442 [ns] vruntime=946868224 [ns]
<...>-154961  ( 154961) [000] d.... 27155.785727: sched_switch: prev_comm=kernelshark prev_pid=154961 prev_prio=120 prev_state=S ==> next_comm=swapper/0 next_pid=0 next_prio=120
sshd-148212  ( 148212) [003] d.s1. 27155.787349: sched_waking: comm=kernelshark pid=154961 prio=120 target_cpu=000
<idle>-0       (-------) [000] dNh.. 27155.787510: sched_wakeup: comm=kernelshark pid=154961 prio=120 target_cpu=000
<idle>-0       (-------) [000] d.... 27155.787515: sched_switch: prev_comm=swapper/0 prev_pid=0 prev_prio=120 prev_state=R ==> next_comm=kernelshark next_pid=154961 next_prio=120
<...>-154961  ( 154961) [000] d.... 27155.787642: softirq_raise: vec=3 [action=NET_RX]
<...>-154961  ( 154961) [000] ..s1. 27155.787645: softirq_entry: vec=3 [action=NET_RX]
<...>-154961  ( 154961) [000] d.s1. 27155.787651: sched_waking: comm=sshd pid=148212 prio=120 target_cpu=003
<...>-154961  ( 154961) [000] ..s1. 27155.787690: softirq_exit: vec=3 [action=NET_RX]
<...>-154961  ( 154961) [000] d.... 27155.787696: sched_stat_runtime: comm=kernelshark pid=154961 runtime=187736 [ns] vruntime=947055960 [ns]
<...>-154961  ( 154961) [000] d.... 27155.787700: sched_switch: prev_comm=kernelshark prev_pid=154961 prev_prio=120 prev_state=S ==> next_comm=swapper/0 next_pid=0 next_prio=120
sshd-148212  ( 148212) [003] d.s1. 27155.789115: sched_waking: comm=kernelshark pid=154961 prio=120 target_cpu=000
<idle>-0       (-------) [000] dNh.. 27155.789282: sched_wakeup: comm=kernelshark pid=154961 prio=120 target_cpu=000
<idle>-0       (-------) [000] d.... 27155.789287: sched_switch: prev_comm=swapper/0 prev_pid=0 prev_prio=120 prev_state=R ==> next_comm=kernelshark next_pid=154961 next_prio=120
<...>-154961  ( 154961) [000] d.... 27155.789326: softirq_raise: vec=3 [action=NET_RX]
<...>-154961  ( 154961) [000] ..s1. 27155.789329: softirq_entry: vec=3 [action=NET_RX]
<...>-154961  ( 154961) [000] d.s1. 27155.789335: sched_waking: comm=sshd pid=148212 prio=120 target_cpu=003
<...>-154961  ( 154961) [000] ..s1. 27155.789372: softirq_exit: vec=3 [action=NET_RX]
<...>-154961  ( 154961) [000] d.... 27155.789378: sched_stat_runtime: comm=kernelshark pid=154961 runtime=99220 [ns] vruntime=947155180 [ns]
<...>-154961  ( 154961) [000] d.... 27155.789383: sched_switch: prev_comm=kernelshark prev_pid=154961 prev_prio=120 prev_state=S ==> next_comm=swapper/0 next_pid=0 next_prio=120
sshd-148212  ( 148212) [003] d.s1. 27155.791180: sched_waking: comm=kernelshark pid=154961 prio=120 target_cpu=000
<idle>-0       (-------) [000] dNh.. 27155.791324: sched_wakeup: comm=kernelshark pid=154961 prio=120 target_cpu=000
<idle>-0       (-------) [000] d.... 27155.791329: sched_switch: prev_comm=swapper/0 prev_pid=0 prev_prio=120 prev_state=R ==> next_comm=kernelshark next_pid=154961 next_prio=120
<...>-154961  ( 154961) [000] d.... 27155.791361: softirq_raise: vec=3 [action=NET_RX]
<...>-154961  ( 154961) [000] ..s1. 27155.791364: softirq_entry: vec=3 [action=NET_RX]
<...>-154961  ( 154961) [000] d.s1. 27155.791370: sched_waking: comm=sshd pid=148212 prio=120 target_cpu=003
<...>-154961  ( 154961) [000] ..s1. 27155.791406: softirq_exit: vec=3 [action=NET_RX]
<...>-154961  ( 154961) [000] d.... 27155.791412: sched_stat_runtime: comm=kernelshark pid=154961 runtime=89106 [ns] vruntime=947244286 [ns]
<...>-154961  ( 154961) [000] d.... 27155.791416: sched_switch: prev_comm=kernelshark prev_pid=154961 prev_prio=120 prev_state=S ==> next_comm=swapper/0 next_pid=0 next_prio=120
sshd-148212  ( 148212) [003] d.s1. 27155.797503: sched_waking: comm=kernelshark pid=154961 prio=120 target_cpu=000
<idle>-0       (-------) [000] dNh.. 27155.797763: sched_wakeup: comm=kernelshark pid=154961 prio=120 target_cpu=000
<idle>-0       (-------) [000] d.... 27155.797772: sched_switch: prev_comm=swapper/0 prev_pid=0 prev_prio=120 prev_state=R ==> next_comm=kernelshark next_pid=154961 next_prio=120
<...>-154961  ( 154961) [000] d.... 27155.797824: softirq_raise: vec=3 [action=NET_RX]
<...>-154961  ( 154961) [000] ..s1. 27155.797832: softirq_entry: vec=3 [action=NET_RX]
<...>-154961  ( 154961) [000] d.s1. 27155.797842: sched_waking: comm=sshd pid=148212 prio=120 target_cpu=003
<...>-154961  ( 154961) [000] ..s1. 27155.797889: softirq_exit: vec=3 [action=NET_RX]
<...>-154961  ( 154961) [000] d.... 27155.797900: sched_stat_runtime: comm=kernelshark pid=154961 runtime=139759 [ns] vruntime=947384045 [ns]
<...>-154961  ( 154961) [000] d.... 27155.797907: sched_switch: prev_comm=kernelshark prev_pid=154961 prev_prio=120 prev_state=S ==> next_comm=swapper/0 next_pid=0 next_prio=120
sshd-148212  ( 148212) [003] d.s1. 27155.799293: sched_waking: comm=kernelshark pid=154961 prio=120 target_cpu=000
<idle>-0       (-------) [000] dNh.. 27155.799434: sched_wakeup: comm=kernelshark pid=154961 prio=120 target_cpu=000
<idle>-0       (-------) [000] d.... 27155.799438: sched_switch: prev_comm=swapper/0 prev_pid=0 prev_prio=120 prev_state=R ==> next_comm=kernelshark next_pid=154961 next_prio=120
<...>-154961  ( 154961) [000] d.... 27155.799467: softirq_raise: vec=3 [action=NET_RX]
<...>-154961  ( 154961) [000] ..s1. 27155.799470: softirq_entry: vec=3 [action=NET_RX]
<...>-154961  ( 154961) [000] d.s1. 27155.799475: sched_waking: comm=sshd pid=148212 prio=120 target_cpu=003
<...>-154961  ( 154961) [000] ..s1. 27155.799510: softirq_exit: vec=3 [action=NET_RX]
<...>-154961  ( 154961) [000] d.... 27155.799516: sched_stat_runtime: comm=kernelshark pid=154961 runtime=84086 [ns] vruntime=947468131 [ns]
<...>-154961  ( 154961) [000] d.... 27155.799520: sched_switch: prev_comm=kernelshark prev_pid=154961 prev_prio=120 prev_state=S ==> next_comm=swapper/0 next_pid=0 next_prio=120
sshd-148212  ( 148212) [003] d.s1. 27155.804413: sched_waking: comm=kernelshark pid=154961 prio=120 target_cpu=000
<idle>-0       (-------) [000] dNh.. 27155.804619: sched_wakeup: comm=kernelshark pid=154961 prio=120 target_cpu=000
<idle>-0       (-------) [000] d.... 27155.804628: sched_switch: prev_comm=swapper/0 prev_pid=0 prev_prio=120 prev_state=R ==> next_comm=kernelshark next_pid=154961 next_prio=120
<...>-154961  ( 154961) [000] d.... 27155.804681: softirq_raise: vec=3 [action=NET_RX]
<...>-154961  ( 154961) [000] ..s1. 27155.804689: softirq_entry: vec=3 [action=NET_RX]
<...>-154961  ( 154961) [000] d.s1. 27155.804699: sched_waking: comm=sshd pid=148212 prio=120 target_cpu=003
<...>-154961  ( 154961) [000] ..s1. 27155.804746: softirq_exit: vec=3 [action=NET_RX]
<...>-154961  ( 154961) [000] d.... 27155.804757: sched_stat_runtime: comm=kernelshark pid=154961 runtime=140574 [ns] vruntime=947608705 [ns]
<...>-154961  ( 154961) [000] d.... 27155.804764: sched_switch: prev_comm=kernelshark prev_pid=154961 prev_prio=120 prev_state=S ==> next_comm=swapper/0 next_pid=0 next_prio=120
sshd-148212  ( 148212) [003] d.s1. 27155.806282: sched_waking: comm=kernelshark pid=154961 prio=120 target_cpu=000
<idle>-0       (-------) [000] dNh.. 27155.806422: sched_wakeup: comm=kernelshark pid=154961 prio=120 target_cpu=000
<idle>-0       (-------) [000] d.... 27155.806426: sched_switch: prev_comm=swapper/0 prev_pid=0 prev_prio=120 prev_state=R ==> next_comm=kernelshark next_pid=154961 next_prio=120
<...>-154961  ( 154961) [000] d.... 27155.806646: sched_stat_runtime: comm=kernelshark pid=154961 runtime=226213 [ns] vruntime=947834918 [ns]
<...>-154961  ( 154961) [000] ..... 27155.806656: sched_process_fork: comm=kernelshark pid=154961 child_comm=kernelshark child_pid=154962
<...>-154961  ( 154961) [000] d.... 27155.806665: sched_wakeup_new: comm=kernelshark pid=154962 prio=120 target_cpu=001
<...>-154961  ( 154961) [000] d.... 27155.806749: softirq_raise: vec=3 [action=NET_RX]
<...>-154961  ( 154961) [000] ..s1. 27155.806757: softirq_entry: vec=3 [action=NET_RX]
<...>-154961  ( 154961) [000] d.s1. 27155.806767: sched_waking: comm=sshd pid=148212 prio=120 target_cpu=003
<...>-154961  ( 154961) [000] ..s1. 27155.806814: softirq_exit: vec=3 [action=NET_RX]
<...>-154961  ( 154961) [000] d.... 27155.806825: sched_stat_runtime: comm=kernelshark pid=154961 runtime=178497 [ns] vruntime=948013415 [ns]
<...>-154961  ( 154961) [000] d.... 27155.806832: sched_switch: prev_comm=kernelshark prev_pid=154961 prev_prio=120 prev_state=S ==> next_comm=swapper/0 next_pid=0 next_prio=120
<...>-154962  ( 154961) [001] d.... 27155.807026: sched_stat_runtime: comm=QXcbEventQueue pid=154962 runtime=364194 [ns] vruntime=771706728 [ns]
<...>-154962  ( 154961) [001] d.... 27155.807030: sched_switch: prev_comm=QXcbEventQueue prev_pid=154962 prev_prio=120 prev_state=S ==> next_comm=swapper/1 next_pid=0 next_prio=120
sshd-148212  ( 148212) [003] d.s1. 27155.808178: sched_waking: comm=kernelshark pid=154961 prio=120 target_cpu=000
<idle>-0       (-------) [000] dNH.. 27155.808349: sched_wakeup: comm=kernelshark pid=154961 prio=120 target_cpu=000
<idle>-0       (-------) [000] d.... 27155.808510: sched_switch: prev_comm=swapper/0 prev_pid=0 prev_prio=120 prev_state=R ==> next_comm=kernelshark next_pid=154961 next_prio=120
<...>-154961  ( 154961) [000] d.... 27155.808523: sched_waking: comm=QXcbEventQueue pid=154962 prio=120 target_cpu=001
<...>-154961  ( 154961) [000] d.... 27155.808582: softirq_raise: vec=3 [action=NET_RX]
<...>-154961  ( 154961) [000] ..s1. 27155.808590: softirq_entry: vec=3 [action=NET_RX]
<...>-154961  ( 154961) [000] d.s1. 27155.808600: sched_waking: comm=sshd pid=148212 prio=120 target_cpu=003
<...>-154961  ( 154961) [000] ..s1. 27155.808647: softirq_exit: vec=3 [action=NET_RX]
<...>-154961  ( 154961) [000] d.... 27155.808658: sched_stat_runtime: comm=kernelshark pid=154961 runtime=289583 [ns] vruntime=948302998 [ns]
<...>-154961  ( 154961) [000] d.... 27155.808665: sched_switch: prev_comm=kernelshark prev_pid=154961 prev_prio=120 prev_state=S ==> next_comm=swapper/0 next_pid=0 next_prio=120
<...>-154962  ( 154961) [001] d.... 27155.808805: sched_stat_runtime: comm=QXcbEventQueue pid=154962 runtime=88808 [ns] vruntime=771795536 [ns]
<...>-154962  ( 154961) [001] d.... 27155.808811: sched_switch: prev_comm=QXcbEventQueue prev_pid=154962 prev_prio=120 prev_state=S ==> next_comm=swapper/1 next_pid=0 next_prio=120
sshd-148212  ( 148212) [003] d.s1. 27155.810054: sched_waking: comm=kernelshark pid=154961 prio=120 target_cpu=000
<idle>-0       (-------) [000] dNh.. 27155.810199: sched_wakeup: comm=kernelshark pid=154961 prio=120 target_cpu=000
<idle>-0       (-------) [000] d.... 27155.810203: sched_switch: prev_comm=swapper/0 prev_pid=0 prev_prio=120 prev_state=R ==> next_comm=kernelshark next_pid=154961 next_prio=120
<...>-154961  ( 154961) [000] d.... 27155.810211: sched_waking: comm=QXcbEventQueue pid=154962 prio=120 target_cpu=001
<...>-154961  ( 154961) [000] d.... 27155.810263: softirq_raise: vec=3 [action=NET_RX]
<...>-154961  ( 154961) [000] ..s1. 27155.810266: softirq_entry: vec=3 [action=NET_RX]
<...>-154961  ( 154961) [000] d.s1. 27155.810271: sched_waking: comm=sshd pid=148212 prio=120 target_cpu=003
<...>-154961  ( 154961) [000] ..s1. 27155.810308: softirq_exit: vec=3 [action=NET_RX]
<...>-154961  ( 154961) [000] d.... 27155.810314: sched_stat_runtime: comm=kernelshark pid=154961 runtime=116775 [ns] vruntime=948419773 [ns]
<...>-154961  ( 154961) [000] d.... 27155.810317: sched_switch: prev_comm=kernelshark prev_pid=154961 prev_prio=120 prev_state=S ==> next_comm=swapper/0 next_pid=0 next_prio=120
<...>-154962  ( 154961) [001] d.... 27155.810470: sched_stat_runtime: comm=QXcbEventQueue pid=154962 runtime=90829 [ns] vruntime=771886365 [ns]
<...>-154962  ( 154961) [001] d.... 27155.810473: sched_switch: prev_comm=QXcbEventQueue prev_pid=154962 prev_prio=120 prev_state=S ==> next_comm=swapper/1 next_pid=0 next_prio=120
sshd-148212  ( 148212) [003] d.s1. 27155.811707: sched_waking: comm=kernelshark pid=154961 prio=120 target_cpu=000
<idle>-0       (-------) [000] dNh.. 27155.811884: sched_wakeup: comm=kernelshark pid=154961 prio=120 target_cpu=000
<idle>-0       (-------) [000] d.... 27155.811889: sched_switch: prev_comm=swapper/0 prev_pid=0 prev_prio=120 prev_state=R ==> next_comm=kernelshark next_pid=154961 next_prio=120
<...>-154961  ( 154961) [000] d.... 27155.811899: sched_waking: comm=QXcbEventQueue pid=154962 prio=120 target_cpu=001
<...>-154961  ( 154961) [000] d.... 27155.811945: softirq_raise: vec=3 [action=NET_RX]
<...>-154961  ( 154961) [000] ..s1. 27155.811947: softirq_entry: vec=3 [action=NET_RX]
<...>-154961  ( 154961) [000] d.s1. 27155.811953: sched_waking: comm=sshd pid=148212 prio=120 target_cpu=003
<...>-154961  ( 154961) [000] ..s1. 27155.811990: softirq_exit: vec=3 [action=NET_RX]
<...>-154961  ( 154961) [000] d.... 27155.811996: sched_stat_runtime: comm=kernelshark pid=154961 runtime=114003 [ns] vruntime=948533776 [ns]
<...>-154961  ( 154961) [000] d.... 27155.812000: sched_switch: prev_comm=kernelshark prev_pid=154961 prev_prio=120 prev_state=S ==> next_comm=swapper/0 next_pid=0 next_prio=120
<...>-154962  ( 154961) [001] d.... 27155.812197: sched_stat_runtime: comm=QXcbEventQueue pid=154962 runtime=101792 [ns] vruntime=771988157 [ns]
<...>-154962  ( 154961) [001] d.... 27155.812202: sched_switch: prev_comm=QXcbEventQueue prev_pid=154962 prev_prio=120 prev_state=S ==> next_comm=swapper/1 next_pid=0 next_prio=120
sshd-148212  ( 148212) [003] d.s1. 27155.813777: sched_waking: comm=kernelshark pid=154961 prio=120 target_cpu=000
<idle>-0       (-------) [000] dNh.. 27155.813922: sched_wakeup: comm=kernelshark pid=154961 prio=120 target_cpu=000
<idle>-0       (-------) [000] d.... 27155.813927: sched_switch: prev_comm=swapper/0 prev_pid=0 prev_prio=120 prev_state=R ==> next_comm=kernelshark next_pid=154961 next_prio=120
<...>-154961  ( 154961) [000] d.... 27155.813936: sched_waking: comm=QXcbEventQueue pid=154962 prio=120 target_cpu=001
<...>-154961  ( 154961) [000] d.... 27155.813996: softirq_raise: vec=3 [action=NET_RX]
<...>-154961  ( 154961) [000] ..s1. 27155.813999: softirq_entry: vec=3 [action=NET_RX]
<...>-154961  ( 154961) [000] d.s1. 27155.814005: sched_waking: comm=sshd pid=148212 prio=120 target_cpu=003
<...>-154961  ( 154961) [000] ..s1. 27155.814042: softirq_exit: vec=3 [action=NET_RX]
<...>-154961  ( 154961) [000] d.... 27155.814049: sched_stat_runtime: comm=kernelshark pid=154961 runtime=128223 [ns] vruntime=948661999 [ns]
<...>-154961  ( 154961) [000] d.... 27155.814053: sched_switch: prev_comm=kernelshark prev_pid=154961 prev_prio=120 prev_state=S ==> next_comm=swapper/0 next_pid=0 next_prio=120
<...>-154962  ( 154961) [001] d.... 27155.814179: sched_stat_runtime: comm=QXcbEventQueue pid=154962 runtime=75885 [ns] vruntime=772064042 [ns]
<...>-154962  ( 154961) [001] d.... 27155.814182: sched_switch: prev_comm=QXcbEventQueue prev_pid=154962 prev_prio=120 prev_state=S ==> next_comm=swapper/1 next_pid=0 next_prio=120
sshd-148212  ( 148212) [003] d.s1. 27155.815661: sched_waking: comm=kernelshark pid=154961 prio=120 target_cpu=000
<idle>-0       (-------) [000] dNh.. 27155.815806: sched_wakeup: comm=kernelshark pid=154961 prio=120 target_cpu=000
<idle>-0       (-------) [000] d.... 27155.815810: sched_switch: prev_comm=swapper/0 prev_pid=0 prev_prio=120 prev_state=R ==> next_comm=kernelshark next_pid=154961 next_prio=120
<...>-154961  ( 154961) [000] d.... 27155.815819: sched_waking: comm=QXcbEventQueue pid=154962 prio=120 target_cpu=001
<...>-154961  ( 154961) [000] d.... 27155.815867: softirq_raise: vec=3 [action=NET_RX]
<...>-154961  ( 154961) [000] ..s1. 27155.815870: softirq_entry: vec=3 [action=NET_RX]
<...>-154961  ( 154961) [000] d.s1. 27155.815875: sched_waking: comm=sshd pid=148212 prio=120 target_cpu=003
<...>-154961  ( 154961) [000] ..s1. 27155.815911: softirq_exit: vec=3 [action=NET_RX]
<...>-154961  ( 154961) [000] d.... 27155.815917: sched_stat_runtime: comm=kernelshark pid=154961 runtime=112732 [ns] vruntime=948774731 [ns]
<...>-154961  ( 154961) [000] d.... 27155.815921: sched_switch: prev_comm=kernelshark prev_pid=154961 prev_prio=120 prev_state=S ==> next_comm=swapper/0 next_pid=0 next_prio=120
<...>-154962  ( 154961) [001] d.... 27155.816062: sched_stat_runtime: comm=QXcbEventQueue pid=154962 runtime=76567 [ns] vruntime=772140609 [ns]
<...>-154962  ( 154961) [001] d.... 27155.816065: sched_switch: prev_comm=QXcbEventQueue prev_pid=154962 prev_prio=120 prev_state=S ==> next_comm=swapper/1 next_pid=0 next_prio=120
sshd-148212  ( 148212) [003] d.s1. 27155.817673: sched_waking: comm=kernelshark pid=154961 prio=120 target_cpu=000
<idle>-0       (-------) [000] dNh.. 27155.817821: sched_wakeup: comm=kernelshark pid=154961 prio=120 target_cpu=000
<idle>-0       (-------) [000] d.... 27155.817826: sched_switch: prev_comm=swapper/0 prev_pid=0 prev_prio=120 prev_state=R ==> next_comm=kernelshark next_pid=154961 next_prio=120
<...>-154961  ( 154961) [000] d.... 27155.817836: sched_waking: comm=QXcbEventQueue pid=154962 prio=120 target_cpu=001
<...>-154961  ( 154961) [000] d.... 27155.817934: softirq_raise: vec=3 [action=NET_RX]
<...>-154961  ( 154961) [000] ..s1. 27155.817937: softirq_entry: vec=3 [action=NET_RX]
<...>-154961  ( 154961) [000] d.s1. 27155.817943: sched_waking: comm=sshd pid=148212 prio=120 target_cpu=003
<...>-154961  ( 154961) [000] ..s1. 27155.817980: softirq_exit: vec=3 [action=NET_RX]
<...>-154961  ( 154961) [000] d.... 27155.817986: sched_stat_runtime: comm=kernelshark pid=154961 runtime=167150 [ns] vruntime=948941881 [ns]
<...>-154961  ( 154961) [000] d.... 27155.817991: sched_switch: prev_comm=kernelshark prev_pid=154961 prev_prio=120 prev_state=S ==> next_comm=swapper/0 next_pid=0 next_prio=120
<...>-154962  ( 154961) [001] d.... 27155.818074: sched_stat_runtime: comm=QXcbEventQueue pid=154962 runtime=74657 [ns] vruntime=772215266 [ns]
<...>-154962  ( 154961) [001] d.... 27155.818077: sched_switch: prev_comm=QXcbEventQueue prev_pid=154962 prev_prio=120 prev_state=S ==> next_comm=swapper/1 next_pid=0 next_prio=120
sshd-148212  ( 148212) [003] d.s1. 27155.819501: sched_waking: comm=kernelshark pid=154961 prio=120 target_cpu=000
<idle>-0       (-------) [000] dNh.. 27155.819646: sched_wakeup: comm=kernelshark pid=154961 prio=120 target_cpu=000
<idle>-0       (-------) [000] d.... 27155.819651: sched_switch: prev_comm=swapper/0 prev_pid=0 prev_prio=120 prev_state=R ==> next_comm=kernelshark next_pid=154961 next_prio=120
<...>-154961  ( 154961) [000] d.... 27155.819659: sched_waking: comm=QXcbEventQueue pid=154962 prio=120 target_cpu=001
<...>-154961  ( 154961) [000] d.... 27155.819702: softirq_raise: vec=3 [action=NET_RX]
<...>-154961  ( 154961) [000] ..s1. 27155.819705: softirq_entry: vec=3 [action=NET_RX]
<...>-154961  ( 154961) [000] d.s1. 27155.819710: sched_waking: comm=sshd pid=148212 prio=120 target_cpu=003
<...>-154961  ( 154961) [000] ..s1. 27155.819746: softirq_exit: vec=3 [action=NET_RX]
<...>-154961  ( 154961) [000] d.... 27155.819751: sched_stat_runtime: comm=kernelshark pid=154961 runtime=107047 [ns] vruntime=949048928 [ns]
<...>-154961  ( 154961) [000] d.... 27155.819755: sched_switch: prev_comm=kernelshark prev_pid=154961 prev_prio=120 prev_state=S ==> next_comm=swapper/0 next_pid=0 next_prio=120
<...>-154962  ( 154961) [001] d.... 27155.819898: sched_stat_runtime: comm=QXcbEventQueue pid=154962 runtime=72757 [ns] vruntime=772288023 [ns]
<...>-154962  ( 154961) [001] d.... 27155.819901: sched_switch: prev_comm=QXcbEventQueue prev_pid=154962 prev_prio=120 prev_state=S ==> next_comm=swapper/1 next_pid=0 next_prio=120
sshd-148212  ( 148212) [003] d.s1. 27155.821470: sched_waking: comm=kernelshark pid=154961 prio=120 target_cpu=000
<idle>-0       (-------) [000] dNh.. 27155.821615: sched_wakeup: comm=kernelshark pid=154961 prio=120 target_cpu=000
<idle>-0       (-------) [000] d.... 27155.821619: sched_switch: prev_comm=swapper/0 prev_pid=0 prev_prio=120 prev_state=R ==> next_comm=kernelshark next_pid=154961 next_prio=120
<...>-154961  ( 154961) [000] d.... 27155.821627: sched_waking: comm=QXcbEventQueue pid=154962 prio=120 target_cpu=001
<...>-154961  ( 154961) [000] d.... 27155.821694: softirq_raise: vec=3 [action=NET_RX]
<...>-154961  ( 154961) [000] ..s1. 27155.821697: softirq_entry: vec=3 [action=NET_RX]
<...>-154961  ( 154961) [000] d.s1. 27155.821702: sched_waking: comm=sshd pid=148212 prio=120 target_cpu=003
<...>-154961  ( 154961) [000] ..s1. 27155.821739: softirq_exit: vec=3 [action=NET_RX]
<...>-154961  ( 154961) [000] d.... 27155.821745: sched_stat_runtime: comm=kernelshark pid=154961 runtime=132132 [ns] vruntime=949181060 [ns]
<...>-154961  ( 154961) [000] d.... 27155.821749: sched_switch: prev_comm=kernelshark prev_pid=154961 prev_prio=120 prev_state=S ==> next_comm=swapper/0 next_pid=0 next_prio=120
<...>-154962  ( 154961) [001] d.... 27155.821864: sched_stat_runtime: comm=QXcbEventQueue pid=154962 runtime=73558 [ns] vruntime=772361581 [ns]
<...>-154962  ( 154961) [001] d.... 27155.821867: sched_switch: prev_comm=QXcbEventQueue prev_pid=154962 prev_prio=120 prev_state=S ==> next_comm=swapper/1 next_pid=0 next_prio=120
sshd-148212  ( 148212) [003] d.s1. 27155.823640: sched_waking: comm=kernelshark pid=154961 prio=120 target_cpu=000
<idle>-0       (-------) [000] dNh.. 27155.823785: sched_wakeup: comm=kernelshark pid=154961 prio=120 target_cpu=000
<idle>-0       (-------) [000] d.... 27155.823789: sched_switch: prev_comm=swapper/0 prev_pid=0 prev_prio=120 prev_state=R ==> next_comm=kernelshark next_pid=154961 next_prio=120
<...>-154961  ( 154961) [000] d.... 27155.823798: sched_waking: comm=QXcbEventQueue pid=154962 prio=120 target_cpu=001
<...>-154961  ( 154961) [000] d.... 27155.823858: softirq_raise: vec=3 [action=NET_RX]
<...>-154961  ( 154961) [000] ..s1. 27155.823861: softirq_entry: vec=3 [action=NET_RX]
<...>-154961  ( 154961) [000] d.s1. 27155.823866: sched_waking: comm=sshd pid=148212 prio=120 target_cpu=003
<...>-154961  ( 154961) [000] ..s1. 27155.823903: softirq_exit: vec=3 [action=NET_RX]
<...>-154961  ( 154961) [000] d.... 27155.823909: sched_stat_runtime: comm=kernelshark pid=154961 runtime=126077 [ns] vruntime=949307137 [ns]
<...>-154961  ( 154961) [000] d.... 27155.823913: sched_switch: prev_comm=kernelshark prev_pid=154961 prev_prio=120 prev_state=S ==> next_comm=swapper/0 next_pid=0 next_prio=120
<...>-154962  ( 154961) [001] d.... 27155.824040: sched_stat_runtime: comm=QXcbEventQueue pid=154962 runtime=75130 [ns] vruntime=772436711 [ns]
<...>-154962  ( 154961) [001] d.... 27155.824043: sched_switch: prev_comm=QXcbEventQueue prev_pid=154962 prev_prio=120 prev_state=S ==> next_comm=swapper/1 next_pid=0 next_prio=120
sshd-148212  ( 148212) [003] d.s1. 27155.825359: sched_waking: comm=kernelshark pid=154961 prio=120 target_cpu=000
<idle>-0       (-------) [000] dNh.. 27155.825504: sched_wakeup: comm=kernelshark pid=154961 prio=120 target_cpu=000
