<...>-154963  ( 154961) [002] d.... 27156.036676: sched_stat_runtime: comm=QDBusConnection pid=154963 runtime=361721 [ns] vruntime=2428909157 [ns]
<...>-154963  ( 154961) [002] d.... 27156.036686: sched_switch: prev_comm=QDBusConnection prev_pid=154963 prev_prio=120 prev_state=S ==> next_comm=swapper/2 next_pid=0 next_prio=120
<idle>-0       (-------) [000] dNh.. 27156.036742: sched_wakeup: comm=kernelshark pid=154961 prio=120 target_cpu=000
<idle>-0       (-------) [000] d.... 27156.036753: sched_switch: prev_comm=swapper/0 prev_pid=0 prev_prio=120 prev_state=R ==> next_comm=kernelshark next_pid=154961 next_prio=120
<...>-154961  ( 154961) [000] d.... 27156.036988: sched_waking: comm=QDBusConnection pid=154963 prio=120 target_cpu=002
<...>-154961  ( 154961) [000] d.... 27156.037044: sched_stat_runtime: comm=kernelshark pid=154961 runtime=304130 [ns] vruntime=1078661192 [ns]
<...>-154961  ( 154961) [000] d.... 27156.037053: sched_switch: prev_comm=kernelshark prev_pid=154961 prev_prio=120 prev_state=S ==> next_comm=swapper/0 next_pid=0 next_prio=120
<...>-154963  ( 154961) [002] d.... 27156.037252: sched_waking: comm=dbus-daemon pid=1199 prio=120 target_cpu=002
<...>-154963  ( 154961) [002] d.... 27156.037260: sched_wakeup: comm=dbus-daemon pid=1199 prio=120 target_cpu=002
<...>-154963  ( 154961) [002] d.... 27156.037271: sched_waking: comm=kernelshark pid=154961 prio=120 target_cpu=000
<...>-154963  ( 154961) [002] d.... 27156.037327: sched_stat_runtime: comm=QDBusConnection pid=154963 runtime=141034 [ns] vruntime=2429050191 [ns]
<...>-154963  ( 154961) [002] d.... 27156.037335: sched_switch: prev_comm=QDBusConnection prev_pid=154963 prev_prio=120 prev_state=S ==> next_comm=dbus-daemon next_pid=1199 next_prio=120
<idle>-0       (-------) [000] dNh.. 27156.037485: sched_wakeup: comm=kernelshark pid=154961 prio=120 target_cpu=000
<idle>-0       (-------) [000] d.... 27156.037495: sched_switch: prev_comm=swapper/0 prev_pid=0 prev_prio=120 prev_state=R ==> next_comm=kernelshark next_pid=154961 next_prio=120
<...>-154961  ( 154961) [000] d.... 27156.037617: sched_waking: comm=QDBusConnection pid=154963 prio=120 target_cpu=002
<...>-154961  ( 154961) [000] d.... 27156.037687: sched_stat_runtime: comm=kernelshark pid=154961 runtime=213098 [ns] vruntime=1078874290 [ns]
<...>-154961  ( 154961) [000] d.... 27156.037695: sched_switch: prev_comm=kernelshark prev_pid=154961 prev_prio=120 prev_state=S ==> next_comm=swapper/0 next_pid=0 next_prio=120
<...>-154963  ( 154961) [002] d.... 27156.037944: sched_waking: comm=dbus-daemon pid=1199 prio=120 target_cpu=002
<...>-154963  ( 154961) [002] dN... 27156.037953: sched_wakeup: comm=dbus-daemon pid=1199 prio=120 target_cpu=002
<...>-154963  ( 154961) [002] dN... 27156.037960: sched_stat_runtime: comm=QDBusConnection pid=154963 runtime=91062 [ns] vruntime=2429141253 [ns]
<...>-154963  ( 154961) [002] d.... 27156.037966: sched_switch: prev_comm=QDBusConnection prev_pid=154963 prev_prio=120 prev_state=R ==> next_comm=dbus-daemon next_pid=1199 next_prio=120
<...>-154963  ( 154961) [002] d.... 27156.038188: sched_waking: comm=kernelshark pid=154961 prio=120 target_cpu=000
<...>-154963  ( 154961) [002] d.... 27156.038250: sched_stat_runtime: comm=QDBusConnection pid=154963 runtime=160722 [ns] vruntime=2429301975 [ns]
<...>-154963  ( 154961) [002] d.... 27156.038262: sched_switch: prev_comm=QDBusConnection prev_pid=154963 prev_prio=120 prev_state=S ==> next_comm=swapper/2 next_pid=0 next_prio=120
<idle>-0       (-------) [000] dNh.. 27156.038337: sched_wakeup: comm=kernelshark pid=154961 prio=120 target_cpu=000
<idle>-0       (-------) [000] d.... 27156.038342: sched_switch: prev_comm=swapper/0 prev_pid=0 prev_prio=120 prev_state=R ==> next_comm=kernelshark next_pid=154961 next_prio=120
<...>-154961  ( 154961) [000] d.... 27156.038392: sched_waking: comm=QDBusConnection pid=154963 prio=120 target_cpu=002
<...>-154961  ( 154961) [000] d.... 27156.038429: sched_stat_runtime: comm=kernelshark pid=154961 runtime=94445 [ns] vruntime=1078968735 [ns]
<...>-154961  ( 154961) [000] d.... 27156.038433: sched_switch: prev_comm=kernelshark prev_pid=154961 prev_prio=120 prev_state=S ==> next_comm=swapper/0 next_pid=0 next_prio=120
<...>-154963  ( 154961) [002] d.... 27156.038626: sched_waking: comm=dbus-daemon pid=1199 prio=120 target_cpu=002
<...>-154963  ( 154961) [002] dN... 27156.038635: sched_wakeup: comm=dbus-daemon pid=1199 prio=120 target_cpu=002
<...>-154963  ( 154961) [002] dN... 27156.038641: sched_stat_runtime: comm=QDBusConnection pid=154963 runtime=54689 [ns] vruntime=2429356664 [ns]
<...>-154963  ( 154961) [002] d.... 27156.038647: sched_switch: prev_comm=QDBusConnection prev_pid=154963 prev_prio=120 prev_state=R ==> next_comm=dbus-daemon next_pid=1199 next_prio=120
<...>-154963  ( 154961) [002] d.... 27156.038732: sched_waking: comm=kernelshark pid=154961 prio=120 target_cpu=000
<...>-154963  ( 154961) [002] d.... 27156.038779: sched_stat_runtime: comm=QDBusConnection pid=154963 runtime=64627 [ns] vruntime=2429421291 [ns]
<...>-154963  ( 154961) [002] d.... 27156.038788: sched_switch: prev_comm=QDBusConnection prev_pid=154963 prev_prio=120 prev_state=S ==> next_comm=swapper/2 next_pid=0 next_prio=120
<idle>-0       (-------) [000] dNh.. 27156.038947: sched_wakeup: comm=kernelshark pid=154961 prio=120 target_cpu=000
<idle>-0       (-------) [000] d.... 27156.038956: sched_switch: prev_comm=swapper/0 prev_pid=0 prev_prio=120 prev_state=R ==> next_comm=kernelshark next_pid=154961 next_prio=120
<...>-154961  ( 154961) [000] d.... 27156.038999: sched_waking: comm=QDBusConnection pid=154963 prio=120 target_cpu=002
<...>-154961  ( 154961) [000] d.... 27156.039045: sched_stat_runtime: comm=kernelshark pid=154961 runtime=99303 [ns] vruntime=1079068038 [ns]
<...>-154961  ( 154961) [000] d.... 27156.039051: sched_switch: prev_comm=kernelshark prev_pid=154961 prev_prio=120 prev_state=S ==> next_comm=swapper/0 next_pid=0 next_prio=120
<...>-154963  ( 154961) [002] d.... 27156.039196: sched_waking: comm=dbus-daemon pid=1199 prio=120 target_cpu=002
<...>-154963  ( 154961) [002] dN... 27156.039199: sched_wakeup: comm=dbus-daemon pid=1199 prio=120 target_cpu=002
<...>-154963  ( 154961) [002] dN... 27156.039202: sched_stat_runtime: comm=QDBusConnection pid=154963 runtime=31870 [ns] vruntime=2429453161 [ns]
<...>-154963  ( 154961) [002] d.... 27156.039204: sched_switch: prev_comm=QDBusConnection prev_pid=154963 prev_prio=120 prev_state=R ==> next_comm=dbus-daemon next_pid=1199 next_prio=120
<...>-154963  ( 154961) [002] d.... 27156.039288: sched_waking: comm=kernelshark pid=154961 prio=120 target_cpu=000
<...>-154963  ( 154961) [002] d.... 27156.039335: sched_stat_runtime: comm=QDBusConnection pid=154963 runtime=83743 [ns] vruntime=2429536904 [ns]
<...>-154963  ( 154961) [002] d.... 27156.039340: sched_switch: prev_comm=QDBusConnection prev_pid=154963 prev_prio=120 prev_state=S ==> next_comm=swapper/2 next_pid=0 next_prio=120
<idle>-0       (-------) [000] dNh.. 27156.039430: sched_wakeup: comm=kernelshark pid=154961 prio=120 target_cpu=000
<idle>-0       (-------) [000] d.... 27156.039434: sched_switch: prev_comm=swapper/0 prev_pid=0 prev_prio=120 prev_state=R ==> next_comm=kernelshark next_pid=154961 next_prio=120
<...>-154961  ( 154961) [000] d.... 27156.039482: sched_waking: comm=QDBusConnection pid=154963 prio=120 target_cpu=002
<...>-154961  ( 154961) [000] d.... 27156.039519: sched_stat_runtime: comm=kernelshark pid=154961 runtime=90801 [ns] vruntime=1079158839 [ns]
<...>-154961  ( 154961) [000] d.... 27156.039523: sched_switch: prev_comm=kernelshark prev_pid=154961 prev_prio=120 prev_state=S ==> next_comm=swapper/0 next_pid=0 next_prio=120
<...>-154963  ( 154961) [002] d.... 27156.039669: sched_waking: comm=dbus-daemon pid=1199 prio=120 target_cpu=002
<...>-154963  ( 154961) [002] dN... 27156.039673: sched_wakeup: comm=dbus-daemon pid=1199 prio=120 target_cpu=002
<...>-154963  ( 154961) [002] dN... 27156.039675: sched_stat_runtime: comm=QDBusConnection pid=154963 runtime=29798 [ns] vruntime=2429566702 [ns]
<...>-154963  ( 154961) [002] d.... 27156.039677: sched_switch: prev_comm=QDBusConnection prev_pid=154963 prev_prio=120 prev_state=R ==> next_comm=dbus-daemon next_pid=1199 next_prio=120
<...>-154963  ( 154961) [002] d.... 27156.039882: sched_stat_runtime: comm=QDBusConnection pid=154963 runtime=124454 [ns] vruntime=2429691156 [ns]
<...>-154963  ( 154961) [002] d.... 27156.040000: sched_switch: prev_comm=QDBusConnection prev_pid=154963 prev_prio=120 prev_state=S ==> next_comm=swapper/2 next_pid=0 next_prio=120
<...>-154963  ( 154961) [002] d.... 27156.040947: sched_waking: comm=kernelshark pid=154961 prio=120 target_cpu=000
<...>-154963  ( 154961) [002] d.... 27156.040994: sched_stat_runtime: comm=QDBusConnection pid=154963 runtime=90146 [ns] vruntime=2429781302 [ns]
<...>-154963  ( 154961) [002] d.... 27156.041000: sched_switch: prev_comm=QDBusConnection prev_pid=154963 prev_prio=120 prev_state=S ==> next_comm=swapper/2 next_pid=0 next_prio=120
<idle>-0       (-------) [000] dNh.. 27156.041110: sched_wakeup: comm=kernelshark pid=154961 prio=120 target_cpu=000
<idle>-0       (-------) [000] d.... 27156.041119: sched_switch: prev_comm=swapper/0 prev_pid=0 prev_prio=120 prev_state=R ==> next_comm=kernelshark next_pid=154961 next_prio=120
<...>-154961  ( 154961) [000] d.... 27156.041184: sched_waking: comm=QDBusConnection pid=154963 prio=120 target_cpu=002
<...>-154961  ( 154961) [000] d.... 27156.041229: sched_stat_runtime: comm=kernelshark pid=154961 runtime=120848 [ns] vruntime=1079279687 [ns]
<...>-154961  ( 154961) [000] d.... 27156.041236: sched_switch: prev_comm=kernelshark prev_pid=154961 prev_prio=120 prev_state=S ==> next_comm=swapper/0 next_pid=0 next_prio=120
<...>-154963  ( 154961) [002] d.... 27156.041377: sched_waking: comm=dbus-daemon pid=1199 prio=120 target_cpu=002
<...>-154963  ( 154961) [002] dN... 27156.041381: sched_wakeup: comm=dbus-daemon pid=1199 prio=120 target_cpu=002
<...>-154963  ( 154961) [002] dN... 27156.041383: sched_stat_runtime: comm=QDBusConnection pid=154963 runtime=30413 [ns] vruntime=2429811715 [ns]
<...>-154963  ( 154961) [002] d.... 27156.041385: sched_switch: prev_comm=QDBusConnection prev_pid=154963 prev_prio=120 prev_state=R ==> next_comm=dbus-daemon next_pid=1199 next_prio=120
<...>-154963  ( 154961) [002] d.... 27156.041476: sched_stat_runtime: comm=QDBusConnection pid=154963 runtime=15794 [ns] vruntime=2429827509 [ns]
<...>-154963  ( 154961) [002] d.... 27156.041481: sched_switch: prev_comm=QDBusConnection prev_pid=154963 prev_prio=120 prev_state=S ==> next_comm=swapper/2 next_pid=0 next_prio=120
<...>-154963  ( 154961) [002] d.... 27156.042232: sched_waking: comm=kernelshark pid=154961 prio=120 target_cpu=000
<...>-154963  ( 154961) [002] d.... 27156.042279: sched_stat_runtime: comm=QDBusConnection pid=154963 runtime=77362 [ns] vruntime=2429904871 [ns]
<...>-154963  ( 154961) [002] d.... 27156.042284: sched_switch: prev_comm=QDBusConnection prev_pid=154963 prev_prio=120 prev_state=S ==> next_comm=swapper/2 next_pid=0 next_prio=120
<idle>-0       (-------) [000] dNh.. 27156.042374: sched_wakeup: comm=kernelshark pid=154961 prio=120 target_cpu=000
<idle>-0       (-------) [000] d.... 27156.042378: sched_switch: prev_comm=swapper/0 prev_pid=0 prev_prio=120 prev_state=R ==> next_comm=kernelshark next_pid=154961 next_prio=120
<...>-154961  ( 154961) [000] d.... 27156.042430: softirq_raise: vec=3 [action=NET_RX]
<...>-154961  ( 154961) [000] ..s1. 27156.042433: softirq_entry: vec=3 [action=NET_RX]
<...>-154961  ( 154961) [000] d.s1. 27156.042443: sched_waking: comm=sshd pid=148212 prio=120 target_cpu=003
<...>-154961  ( 154961) [000] ..s1. 27156.042479: softirq_exit: vec=3 [action=NET_RX]
<...>-154961  ( 154961) [000] d.... 27156.042486: sched_stat_runtime: comm=kernelshark pid=154961 runtime=113409 [ns] vruntime=1079393096 [ns]
<...>-154961  ( 154961) [000] d.... 27156.042489: sched_switch: prev_comm=kernelshark prev_pid=154961 prev_prio=120 prev_state=S ==> next_comm=swapper/0 next_pid=0 next_prio=120
<...>-154962  ( 154961) [001] d.... 27156.045255: softirq_raise: vec=3 [action=NET_RX]
<...>-154962  ( 154961) [001] ..s1. 27156.045264: softirq_entry: vec=3 [action=NET_RX]
<...>-154962  ( 154961) [001] ..s1. 27156.045275: softirq_exit: vec=3 [action=NET_RX]
<...>-154962  ( 154961) [001] d.... 27156.045285: sched_waking: comm=kernelshark pid=154961 prio=120 target_cpu=000
<...>-154962  ( 154961) [001] d.... 27156.045330: sched_stat_runtime: comm=QXcbEventQueue pid=154962 runtime=172774 [ns] vruntime=780366388 [ns]
<...>-154962  ( 154961) [001] d.... 27156.045337: sched_switch: prev_comm=QXcbEventQueue prev_pid=154962 prev_prio=120 prev_state=S ==> next_comm=swapper/1 next_pid=0 next_prio=120
<idle>-0       (-------) [000] dNh.. 27156.045454: sched_wakeup: comm=kernelshark pid=154961 prio=120 target_cpu=000
<idle>-0       (-------) [000] d.... 27156.045459: sched_switch: prev_comm=swapper/0 prev_pid=0 prev_prio=120 prev_state=R ==> next_comm=kernelshark next_pid=154961 next_prio=120
<...>-154961  ( 154961) [000] d.h.. 27156.048166: softirq_raise: vec=1 [action=TIMER]
<...>-154961  ( 154961) [000] d.h.. 27156.048172: softirq_raise: vec=9 [action=RCU]
<...>-154961  ( 154961) [000] d.h.. 27156.048177: sched_stat_runtime: comm=kernelshark pid=154961 runtime=2724901 [ns] vruntime=1082117997 [ns]
<...>-154961  ( 154961) [000] d.h.. 27156.048183: softirq_raise: vec=7 [action=SCHED]
<...>-154961  ( 154961) [000] ..s.. 27156.048225: softirq_entry: vec=1 [action=TIMER]
<...>-154961  ( 154961) [000] ..s.. 27156.048394: softirq_exit: vec=1 [action=TIMER]
<...>-154961  ( 154961) [000] ..s.. 27156.048398: softirq_entry: vec=7 [action=SCHED]
<...>-154961  ( 154961) [000] ..s.. 27156.048403: softirq_exit: vec=7 [action=SCHED]
<...>-154961  ( 154961) [000] ..s.. 27156.048407: softirq_entry: vec=9 [action=RCU]
<...>-154961  ( 154961) [000] ..s.. 27156.048417: softirq_exit: vec=9 [action=RCU]
<...>-154961  ( 154961) [000] d.h.. 27156.052357: softirq_raise: vec=1 [action=TIMER]
<...>-154961  ( 154961) [000] d.h.. 27156.052363: sched_stat_runtime: comm=kernelshark pid=154961 runtime=4186635 [ns] vruntime=1086304632 [ns]
<...>-154961  ( 154961) [000] ..s.. 27156.052405: softirq_entry: vec=1 [action=TIMER]
<...>-154961  ( 154961) [000] ..s.. 27156.052586: softirq_exit: vec=1 [action=TIMER]
<...>-154961  ( 154961) [000] d.h.. 27156.056534: softirq_raise: vec=1 [action=TIMER]
<...>-154961  ( 154961) [000] d.h.. 27156.056540: sched_stat_runtime: comm=kernelshark pid=154961 runtime=4176940 [ns] vruntime=1090481572 [ns]
<...>-154961  ( 154961) [000] ..s.. 27156.056591: softirq_entry: vec=1 [action=TIMER]
<...>-154961  ( 154961) [000] ..s.. 27156.056815: softirq_exit: vec=1 [action=TIMER]
<...>-154961  ( 154961) [000] d.h.. 27156.060151: softirq_raise: vec=1 [action=TIMER]
<...>-154961  ( 154961) [000] d.h.. 27156.060156: sched_stat_runtime: comm=kernelshark pid=154961 runtime=3615494 [ns] vruntime=1094097066 [ns]
<...>-154961  ( 154961) [000] ..s.. 27156.060197: softirq_entry: vec=1 [action=TIMER]
<...>-154961  ( 154961) [000] ..s.. 27156.060362: softirq_exit: vec=1 [action=TIMER]
<...>-154961  ( 154961) [000] d.h.. 27156.064142: softirq_raise: vec=1 [action=TIMER]
<...>-154961  ( 154961) [000] d.h.. 27156.064147: sched_stat_runtime: comm=kernelshark pid=154961 runtime=3991014 [ns] vruntime=1098088080 [ns]
<...>-154961  ( 154961) [000] ..s.. 27156.064299: softirq_entry: vec=1 [action=TIMER]
<...>-154961  ( 154961) [000] ..s.. 27156.064456: softirq_exit: vec=1 [action=TIMER]
<...>-154961  ( 154961) [000] d.h.. 27156.068134: softirq_raise: vec=1 [action=TIMER]
<...>-154961  ( 154961) [000] d.h.. 27156.068139: sched_stat_runtime: comm=kernelshark pid=154961 runtime=3991843 [ns] vruntime=1102079923 [ns]
<...>-154961  ( 154961) [000] ..s.. 27156.068179: softirq_entry: vec=1 [action=TIMER]
<...>-154961  ( 154961) [000] ..s.. 27156.068342: softirq_exit: vec=1 [action=TIMER]
<...>-154961  ( 154961) [000] d.h.. 27156.072183: softirq_raise: vec=1 [action=TIMER]
<...>-154961  ( 154961) [000] d.h.. 27156.072189: sched_stat_runtime: comm=kernelshark pid=154961 runtime=4050482 [ns] vruntime=1106130405 [ns]
<...>-154961  ( 154961) [000] ..s.. 27156.072265: softirq_entry: vec=1 [action=TIMER]
<...>-154961  ( 154961) [000] ..s.. 27156.072430: softirq_exit: vec=1 [action=TIMER]
<...>-154961  ( 154961) [000] d.h.. 27156.076281: softirq_raise: vec=1 [action=TIMER]
<...>-154961  ( 154961) [000] d.h.. 27156.076286: sched_stat_runtime: comm=kernelshark pid=154961 runtime=4097086 [ns] vruntime=1110227491 [ns]
<...>-154961  ( 154961) [000] ..s.. 27156.076326: softirq_entry: vec=1 [action=TIMER]
<...>-154961  ( 154961) [000] ..s.. 27156.076484: softirq_exit: vec=1 [action=TIMER]
<...>-154961  ( 154961) [000] d.h.. 27156.080164: softirq_raise: vec=1 [action=TIMER]
<...>-154961  ( 154961) [000] d.h.. 27156.080169: sched_stat_runtime: comm=kernelshark pid=154961 runtime=3882800 [ns] vruntime=1114110291 [ns]
<...>-154961  ( 154961) [000] ..s.. 27156.080210: softirq_entry: vec=1 [action=TIMER]
<...>-154961  ( 154961) [000] ..s.. 27156.080374: softirq_exit: vec=1 [action=TIMER]
<...>-154961  ( 154961) [000] d.h.. 27156.088679: softirq_raise: vec=1 [action=TIMER]
<...>-154961  ( 154961) [000] d.h.. 27156.088684: sched_stat_runtime: comm=kernelshark pid=154961 runtime=8514653 [ns] vruntime=1122624944 [ns]
<...>-154961  ( 154961) [000] ..s.. 27156.088731: softirq_entry: vec=1 [action=TIMER]
<...>-154961  ( 154961) [000] ..s.. 27156.089114: softirq_exit: vec=1 [action=TIMER]
<...>-154961  ( 154961) [000] d.h.. 27156.092003: softirq_raise: vec=1 [action=TIMER]
<...>-154961  ( 154961) [000] d.h.. 27156.092008: sched_stat_runtime: comm=kernelshark pid=154961 runtime=3324476 [ns] vruntime=1125949420 [ns]
<...>-154961  ( 154961) [000] ..s.. 27156.092048: softirq_entry: vec=1 [action=TIMER]
<...>-154961  ( 154961) [000] ..s.. 27156.092207: softirq_exit: vec=1 [action=TIMER]
<...>-154961  ( 154961) [000] d.h.. 27156.096279: softirq_raise: vec=1 [action=TIMER]
<...>-154961  ( 154961) [000] d.h.. 27156.096286: sched_stat_runtime: comm=kernelshark pid=154961 runtime=4277963 [ns] vruntime=1130227383 [ns]
<...>-154961  ( 154961) [000] ..s.. 27156.096337: softirq_entry: vec=1 [action=TIMER]
<...>-154961  ( 154961) [000] ..s.. 27156.096513: softirq_exit: vec=1 [action=TIMER]
<...>-154961  ( 154961) [000] d.h.. 27156.100135: softirq_raise: vec=1 [action=TIMER]
<...>-154961  ( 154961) [000] d.h.. 27156.100141: sched_stat_runtime: comm=kernelshark pid=154961 runtime=3854852 [ns] vruntime=1134082235 [ns]
<...>-154961  ( 154961) [000] ..s.. 27156.100184: softirq_entry: vec=1 [action=TIMER]
<...>-154961  ( 154961) [000] ..s.. 27156.100350: softirq_exit: vec=1 [action=TIMER]
<...>-154961  ( 154961) [000] d.h.. 27156.104150: softirq_raise: vec=1 [action=TIMER]
<...>-154961  ( 154961) [000] d.h.. 27156.104155: sched_stat_runtime: comm=kernelshark pid=154961 runtime=4014122 [ns] vruntime=1138096357 [ns]
<...>-154961  ( 154961) [000] d.h.. 27156.104160: softirq_raise: vec=7 [action=SCHED]
<...>-154961  ( 154961) [000] ..s.. 27156.104199: softirq_entry: vec=1 [action=TIMER]
<...>-154961  ( 154961) [000] ..s.. 27156.104376: softirq_exit: vec=1 [action=TIMER]
<...>-154961  ( 154961) [000] ..s.. 27156.104380: softirq_entry: vec=7 [action=SCHED]
<...>-154961  ( 154961) [000] ..s.. 27156.104388: softirq_exit: vec=7 [action=SCHED]
<...>-154961  ( 154961) [000] d.h.. 27156.108249: softirq_raise: vec=1 [action=TIMER]
<...>-154961  ( 154961) [000] d.h.. 27156.108254: sched_stat_runtime: comm=kernelshark pid=154961 runtime=4099108 [ns] vruntime=1142195465 [ns]
<...>-154961  ( 154961) [000] ..s.. 27156.108333: softirq_entry: vec=1 [action=TIMER]
<...>-154961  ( 154961) [000] ..s.. 27156.108502: softirq_exit: vec=1 [action=TIMER]
<...>-154961  ( 154961) [000] d.h.. 27156.112145: softirq_raise: vec=1 [action=TIMER]
<...>-154961  ( 154961) [000] d.h.. 27156.112151: sched_stat_runtime: comm=kernelshark pid=154961 runtime=3896722 [ns] vruntime=1146092187 [ns]
<...>-154961  ( 154961) [000] ..s.. 27156.112192: softirq_entry: vec=1 [action=TIMER]
<...>-154961  ( 154961) [000] ..s.. 27156.112350: softirq_exit: vec=1 [action=TIMER]
<...>-154961  ( 154961) [000] d.h.. 27156.116060: softirq_raise: vec=1 [action=TIMER]
<...>-154961  ( 154961) [000] d.h.. 27156.116065: sched_stat_runtime: comm=kernelshark pid=154961 runtime=3914023 [ns] vruntime=1150006210 [ns]
<...>-154961  ( 154961) [000] ..s.. 27156.116200: softirq_entry: vec=1 [action=TIMER]
<...>-154961  ( 154961) [000] ..s.. 27156.116357: softirq_exit: vec=1 [action=TIMER]
<...>-154961  ( 154961) [000] d.h.. 27156.119373: sched_waking: comm=systemd-oomd pid=708 prio=120 target_cpu=000
<...>-154961  ( 154961) [000] dNh.. 27156.119387: sched_wakeup: comm=systemd-oomd pid=708 prio=120 target_cpu=000
<...>-154961  ( 154961) [000] dN... 27156.119429: sched_stat_runtime: comm=kernelshark pid=154961 runtime=3314917 [ns] vruntime=1153321127 [ns]
<...>-154961  ( 154961) [000] d.... 27156.119438: sched_switch: prev_comm=kernelshark prev_pid=154961 prev_prio=120 prev_state=R ==> next_comm=systemd-oomd next_pid=708 next_prio=120
systemd-oomd-708     (    708) [000] d.... 27156.119637: sched_switch: prev_comm=systemd-oomd prev_pid=708 prev_prio=120 prev_state=S ==> next_comm=kernelshark next_pid=154961 next_prio=120
<...>-154961  ( 154961) [000] d.h.. 27156.120148: softirq_raise: vec=1 [action=TIMER]
<...>-154961  ( 154961) [000] d.h.. 27156.120152: softirq_raise: vec=9 [action=RCU]
<...>-154961  ( 154961) [000] d.h.. 27156.120157: sched_stat_runtime: comm=kernelshark pid=154961 runtime=529980 [ns] vruntime=1153851107 [ns]
<...>-154961  ( 154961) [000] ..s.. 27156.120197: softirq_entry: vec=1 [action=TIMER]
<...>-154961  ( 154961) [000] ..s.. 27156.120356: softirq_exit: vec=1 [action=TIMER]
<...>-154961  ( 154961) [000] ..s.. 27156.120359: softirq_entry: vec=9 [action=RCU]
<...>-154961  ( 154961) [000] d.s.. 27156.120364: sched_waking: comm=rcu_sched pid=14 prio=120 target_cpu=003
<...>-154961  ( 154961) [000] ..s.. 27156.120404: softirq_exit: vec=9 [action=RCU]
<...>-154961  ( 154961) [000] d.h.. 27156.124148: softirq_raise: vec=1 [action=TIMER]
<...>-154961  ( 154961) [000] d.h.. 27156.124153: softirq_raise: vec=9 [action=RCU]
<...>-154961  ( 154961) [000] d.h.. 27156.124158: sched_stat_runtime: comm=kernelshark pid=154961 runtime=4001056 [ns] vruntime=1157852163 [ns]
<...>-154961  ( 154961) [000] ..s.. 27156.124198: softirq_entry: vec=1 [action=TIMER]
<...>-154961  ( 154961) [000] ..s.. 27156.124359: softirq_exit: vec=1 [action=TIMER]
<...>-154961  ( 154961) [000] ..s.. 27156.124362: softirq_entry: vec=9 [action=RCU]
<...>-154961  ( 154961) [000] ..s.. 27156.124365: softirq_exit: vec=9 [action=RCU]
<...>-154961  ( 154961) [000] d.... 27156.126124: sched_waking: comm=kworker/u8:3 pid=144682 prio=120 target_cpu=002
<...>-154961  ( 154961) [000] dNh.. 27156.126519: sched_wakeup: comm=sshd pid=148212 prio=120 target_cpu=000
<...>-154961  ( 154961) [000] dN... 27156.126526: sched_stat_runtime: comm=kernelshark pid=154961 runtime=2357071 [ns] vruntime=1160209234 [ns]
<...>-154961  ( 154961) [000] d.... 27156.126532: sched_switch: prev_comm=kernelshark prev_pid=154961 prev_prio=120 prev_state=R ==> next_comm=sshd next_pid=148212 next_prio=120
sshd-148212  ( 148212) [000] d.... 27156.126799: sched_switch: prev_comm=sshd prev_pid=148212 prev_prio=120 prev_state=S ==> next_comm=kernelshark next_pid=154961 next_prio=120
<...>-154961  ( 154961) [000] d.... 27156.127387: sched_waking: comm=kworker/u8:3 pid=144682 prio=120 target_cpu=002
<...>-154961  ( 154961) [000] dNh.. 27156.127786: sched_wakeup: comm=sshd pid=148212 prio=120 target_cpu=000
<...>-154961  ( 154961) [000] dN... 27156.127792: sched_stat_runtime: comm=kernelshark pid=154961 runtime=1010567 [ns] vruntime=1161219801 [ns]
<...>-154961  ( 154961) [000] d.... 27156.127799: sched_switch: prev_comm=kernelshark prev_pid=154961 prev_prio=120 prev_state=R ==> next_comm=sshd next_pid=148212 next_prio=120
sshd-148212  ( 148212) [000] d.... 27156.127955: sched_switch: prev_comm=sshd prev_pid=148212 prev_prio=120 prev_state=S ==> next_comm=kernelshark next_pid=154961 next_prio=120
<...>-154961  ( 154961) [000] d.h.. 27156.128237: softirq_raise: vec=1 [action=TIMER]
<...>-154961  ( 154961) [000] d.h.. 27156.128241: softirq_raise: vec=9 [action=RCU]
<...>-154961  ( 154961) [000] d.h.. 27156.128246: sched_stat_runtime: comm=kernelshark pid=154961 runtime=300955 [ns] vruntime=1161520756 [ns]
<...>-154961  ( 154961) [000] ..s.. 27156.128433: softirq_entry: vec=1 [action=TIMER]
<...>-154961  ( 154961) [000] ..s.. 27156.128603: softirq_exit: vec=1 [action=TIMER]
<...>-154961  ( 154961) [000] ..s.. 27156.128606: softirq_entry: vec=9 [action=RCU]
<...>-154961  ( 154961) [000] ..s.. 27156.128609: softirq_exit: vec=9 [action=RCU]
<...>-154961  ( 154961) [000] d.... 27156.129244: sched_waking: comm=kworker/u8:3 pid=144682 prio=120 target_cpu=002
<...>-154961  ( 154961) [000] dNh.. 27156.129727: sched_wakeup: comm=sshd pid=148212 prio=120 target_cpu=000
<...>-154961  ( 154961) [000] dN... 27156.129734: sched_stat_runtime: comm=kernelshark pid=154961 runtime=1477651 [ns] vruntime=1162998407 [ns]
<...>-154961  ( 154961) [000] d.... 27156.129741: sched_switch: prev_comm=kernelshark prev_pid=154961 prev_prio=120 prev_state=R ==> next_comm=sshd next_pid=148212 next_prio=120
sshd-148212  ( 148212) [000] d.... 27156.129895: sched_switch: prev_comm=sshd prev_pid=148212 prev_prio=120 prev_state=S ==> next_comm=kernelshark next_pid=154961 next_prio=120
<...>-154961  ( 154961) [000] d.... 27156.130468: sched_waking: comm=kworker/u8:3 pid=144682 prio=120 target_cpu=002
<...>-154961  ( 154961) [000] dNh.. 27156.130862: sched_wakeup: comm=sshd pid=148212 prio=120 target_cpu=000
<...>-154961  ( 154961) [000] dN... 27156.130872: sched_stat_runtime: comm=kernelshark pid=154961 runtime=973332 [ns] vruntime=1163971739 [ns]
<...>-154961  ( 154961) [000] d.... 27156.130879: sched_switch: prev_comm=kernelshark prev_pid=154961 prev_prio=120 prev_state=R ==> next_comm=sshd next_pid=148212 next_prio=120
sshd-148212  ( 148212) [000] d.... 27156.131027: sched_switch: prev_comm=sshd prev_pid=148212 prev_prio=120 prev_state=S ==> next_comm=kernelshark next_pid=154961 next_prio=120
<...>-154961  ( 154961) [000] d.h.. 27156.132212: softirq_raise: vec=1 [action=TIMER]
<...>-154961  ( 154961) [000] d.h.. 27156.132220: sched_stat_runtime: comm=kernelshark pid=154961 runtime=1201317 [ns] vruntime=1165173056 [ns]
<...>-154961  ( 154961) [000] ..s.. 27156.132264: softirq_entry: vec=1 [action=TIMER]
<...>-154961  ( 154961) [000] ..s.. 27156.132435: softirq_exit: vec=1 [action=TIMER]
<...>-154961  ( 154961) [000] d.... 27156.132774: sched_waking: comm=kworker/u8:3 pid=144682 prio=120 target_cpu=002
<...>-154961  ( 154961) [000] dNh.. 27156.133153: sched_wakeup: comm=sshd pid=148212 prio=120 target_cpu=000
<...>-154961  ( 154961) [000] dN... 27156.133159: sched_stat_runtime: comm=kernelshark pid=154961 runtime=929484 [ns] vruntime=1166102540 [ns]
<...>-154961  ( 154961) [000] d.... 27156.133166: sched_switch: prev_comm=kernelshark prev_pid=154961 prev_prio=120 prev_state=R ==> next_comm=sshd next_pid=148212 next_prio=120
sshd-148212  ( 148212) [000] d.... 27156.133335: sched_switch: prev_comm=sshd prev_pid=148212 prev_prio=120 prev_state=S ==> next_comm=kernelshark next_pid=154961 next_prio=120
<...>-154961  ( 154961) [000] d.... 27156.133954: sched_waking: comm=jbd2/sda3-8 pid=219 prio=120 target_cpu=003
<...>-154961  ( 154961) [000] d.h.. 27156.136226: softirq_raise: vec=1 [action=TIMER]
<...>-154961  ( 154961) [000] d.h.. 27156.136237: sched_stat_runtime: comm=kernelshark pid=154961 runtime=2911593 [ns] vruntime=1169014133 [ns]
<...>-154961  ( 154961) [000] ..s.. 27156.136293: softirq_entry: vec=1 [action=TIMER]
<...>-154961  ( 154961) [000] ..s.. 27156.136474: softirq_exit: vec=1 [action=TIMER]
<...>-154961  ( 154961) [000] d.h.. 27156.140272: softirq_raise: vec=1 [action=TIMER]
<...>-154961  ( 154961) [000] d.h.. 27156.140280: softirq_raise: vec=9 [action=RCU]
<...>-154961  ( 154961) [000] d.h.. 27156.140286: sched_stat_runtime: comm=kernelshark pid=154961 runtime=4048873 [ns] vruntime=1173063006 [ns]
<...>-154961  ( 154961) [000] ..s.. 27156.140330: softirq_entry: vec=1 [action=TIMER]
<...>-154961  ( 154961) [000] ..s.. 27156.140608: softirq_exit: vec=1 [action=TIMER]
<...>-154961  ( 154961) [000] ..s.. 27156.140612: softirq_entry: vec=9 [action=RCU]
<...>-154961  ( 154961) [000] d.s.. 27156.140617: sched_waking: comm=rcu_sched pid=14 prio=120 target_cpu=003
<...>-154961  ( 154961) [000] ..s.. 27156.140663: softirq_exit: vec=9 [action=RCU]
<...>-154961  ( 154961) [000] d.h.. 27156.144145: softirq_raise: vec=1 [action=TIMER]
<...>-154961  ( 154961) [000] d.h.. 27156.144150: softirq_raise: vec=9 [action=RCU]
<...>-154961  ( 154961) [000] d.h.. 27156.144156: sched_stat_runtime: comm=kernelshark pid=154961 runtime=3870303 [ns] vruntime=1176933309 [ns]
<...>-154961  ( 154961) [000] ..s.. 27156.144198: softirq_entry: vec=1 [action=TIMER]
<...>-154961  ( 154961) [000] d.H.. 27156.151186: softirq_raise: vec=9 [action=RCU]
<...>-154961  ( 154961) [000] d.H.. 27156.151194: sched_stat_runtime: comm=kernelshark pid=154961 runtime=7038431 [ns] vruntime=1183971740 [ns]
<...>-154961  ( 154961) [000] ..s.. 27156.151394: softirq_exit: vec=1 [action=TIMER]
<...>-154961  ( 154961) [000] ..s.. 27156.151398: softirq_entry: vec=9 [action=RCU]
<...>-154961  ( 154961) [000] ..s.. 27156.151401: softirq_exit: vec=9 [action=RCU]
<...>-154961  ( 154961) [000] d.s.. 27156.151405: sched_waking: comm=ksoftirqd/0 pid=13 prio=120 target_cpu=000
<...>-154961  ( 154961) [000] dNs.. 27156.151412: sched_wakeup: comm=ksoftirqd/0 pid=13 prio=120 target_cpu=000
<...>-154961  ( 154961) [000] dN... 27156.151417: sched_stat_runtime: comm=kernelshark pid=154961 runtime=214812 [ns] vruntime=1184186552 [ns]
<...>-154961  ( 154961) [000] d.... 27156.151424: sched_switch: prev_comm=kernelshark prev_pid=154961 prev_prio=120 prev_state=R ==> next_comm=ksoftirqd/0 next_pid=13 next_prio=120
<...>-13      (     13) [000] d.... 27156.151482: sched_switch: prev_comm=ksoftirqd/0 prev_pid=13 prev_prio=120 prev_state=S ==> next_comm=kernelshark next_pid=154961 next_prio=120
<...>-154961  ( 154961) [000] d.h.. 27156.152030: softirq_raise: vec=1 [action=TIMER]
<...>-154961  ( 154961) [000] d.h.. 27156.152034: softirq_raise: vec=9 [action=RCU]
<...>-154961  ( 154961) [000] d.h.. 27156.152039: sched_stat_runtime: comm=kernelshark pid=154961 runtime=562757 [ns] vruntime=1184749309 [ns]
<...>-154961  ( 154961) [000] ..s.. 27156.152089: softirq_entry: vec=1 [action=TIMER]
<...>-154961  ( 154961) [000] d.s.. 27156.152094: sched_waking: comm=kworker/0:2 pid=144593 prio=120 target_cpu=000
<...>-154961  ( 154961) [000] dNs.. 27156.152109: sched_wakeup: comm=kworker/0:2 pid=144593 prio=120 target_cpu=000
<...>-154961  ( 154961) [000] .Ns.. 27156.152270: softirq_exit: vec=1 [action=TIMER]
<...>-154961  ( 154961) [000] .Ns.. 27156.152273: softirq_entry: vec=9 [action=RCU]
<...>-154961  ( 154961) [000] .Ns.. 27156.152280: softirq_exit: vec=9 [action=RCU]
<...>-154961  ( 154961) [000] dN... 27156.152283: sched_stat_runtime: comm=kernelshark pid=154961 runtime=60242 [ns] vruntime=1184809551 [ns]
<...>-154961  ( 154961) [000] d.... 27156.152289: sched_switch: prev_comm=kernelshark prev_pid=154961 prev_prio=120 prev_state=R ==> next_comm=kworker/0:2 next_pid=144593 next_prio=120
kworker/0:2-144593  ( 144593) [000] d.... 27156.152303: sched_switch: prev_comm=kworker/0:2 prev_pid=144593 prev_prio=120 prev_state=I ==> next_comm=kernelshark next_pid=154961 next_prio=120
<...>-154961  ( 154961) [000] d.h.. 27156.156158: softirq_raise: vec=1 [action=TIMER]
<...>-154961  ( 154961) [000] d.h.. 27156.156166: sched_stat_runtime: comm=kernelshark pid=154961 runtime=3867836 [ns] vruntime=1188677387 [ns]
<...>-154961  ( 154961) [000] ..s.. 27156.156219: softirq_entry: vec=1 [action=TIMER]
<...>-154961  ( 154961) [000] ..s.. 27156.156425: softirq_exit: vec=1 [action=TIMER]
<...>-154961  ( 154961) [000] d.h.. 27156.160004: softirq_raise: vec=1 [action=TIMER]
<...>-154961  ( 154961) [000] d.h.. 27156.160014: sched_stat_runtime: comm=kernelshark pid=154961 runtime=3847689 [ns] vruntime=1192525076 [ns]
<...>-154961  ( 154961) [000] ..s.. 27156.160061: softirq_entry: vec=1 [action=TIMER]
<...>-154961  ( 154961) [000] ..s.. 27156.160242: softirq_exit: vec=1 [action=TIMER]
<...>-154961  ( 154961) [000] d.h.. 27156.164230: softirq_raise: vec=1 [action=TIMER]
<...>-154961  ( 154961) [000] d.h.. 27156.164237: sched_stat_runtime: comm=kernelshark pid=154961 runtime=4223706 [ns] vruntime=1196748782 [ns]
<...>-154961  ( 154961) [000] ..s.. 27156.164280: softirq_entry: vec=1 [action=TIMER]
<...>-154961  ( 154961) [000] ..s.. 27156.164441: softirq_exit: vec=1 [action=TIMER]
<...>-154961  ( 154961) [000] d.... 27156.165875: sched_waking: comm=QDBusConnection pid=154963 prio=120 target_cpu=002
<...>-154961  ( 154961) [000] d.... 27156.165925: sched_stat_runtime: comm=kernelshark pid=154961 runtime=1686646 [ns] vruntime=1198435428 [ns]
<...>-154961  ( 154961) [000] d.... 27156.165936: sched_switch: prev_comm=kernelshark prev_pid=154961 prev_prio=120 prev_state=S ==> next_comm=swapper/0 next_pid=0 next_prio=120
<...>-154963  ( 154961) [002] d.... 27156.166174: sched_waking: comm=dbus-daemon pid=1199 prio=120 target_cpu=002
<...>-154963  ( 154961) [002] dN... 27156.166180: sched_wakeup: comm=dbus-daemon pid=1199 prio=120 target_cpu=002
<...>-154963  ( 154961) [002] dN... 27156.166183: sched_stat_runtime: comm=QDBusConnection pid=154963 runtime=133429 [ns] vruntime=2430038300 [ns]
<...>-154963  ( 154961) [002] d.... 27156.166186: sched_switch: prev_comm=QDBusConnection prev_pid=154963 prev_prio=120 prev_state=R ==> next_comm=dbus-daemon next_pid=1199 next_prio=120
<...>-154963  ( 154961) [002] d.... 27156.166343: sched_waking: comm=kernelshark pid=154961 prio=120 target_cpu=000
<...>-154963  ( 154961) [002] d.... 27156.166394: sched_stat_runtime: comm=QDBusConnection pid=154963 runtime=108308 [ns] vruntime=2430146608 [ns]
<...>-154963  ( 154961) [002] d.... 27156.166402: sched_switch: prev_comm=QDBusConnection prev_pid=154963 prev_prio=120 prev_state=S ==> next_comm=swapper/2 next_pid=0 next_prio=120
<idle>-0       (-------) [000] dNh.. 27156.166541: sched_wakeup: comm=kernelshark pid=154961 prio=120 target_cpu=000
<idle>-0       (-------) [000] d.... 27156.166551: sched_switch: prev_comm=swapper/0 prev_pid=0 prev_prio=120 prev_state=R ==> next_comm=kernelshark next_pid=154961 next_prio=120
<...>-154961  ( 154961) [000] d.h.. 27156.168175: softirq_raise: vec=1 [action=TIMER]
<...>-154961  ( 154961) [000] d.h.. 27156.168181: sched_stat_runtime: comm=kernelshark pid=154961 runtime=1643991 [ns] vruntime=1200079419 [ns]
<...>-154961  ( 154961) [000] d.h.. 27156.168186: softirq_raise: vec=7 [action=SCHED]
<...>-154961  ( 154961) [000] ..s.. 27156.168226: softirq_entry: vec=1 [action=TIMER]
<...>-154961  ( 154961) [000] ..s.. 27156.168390: softirq_exit: vec=1 [action=TIMER]
<...>-154961  ( 154961) [000] ..s.. 27156.168393: softirq_entry: vec=7 [action=SCHED]
<...>-154961  ( 154961) [000] ..s.. 27156.168400: softirq_exit: vec=7 [action=SCHED]
<...>-154961  ( 154961) [000] d.h.. 27156.172144: softirq_raise: vec=1 [action=TIMER]
<...>-154961  ( 154961) [000] d.h.. 27156.172153: sched_stat_runtime: comm=kernelshark pid=154961 runtime=3972148 [ns] vruntime=1204051567 [ns]
<...>-154961  ( 154961) [000] ..s.. 27156.172199: softirq_entry: vec=1 [action=TIMER]
<...>-154961  ( 154961) [000] ..s.. 27156.172369: softirq_exit: vec=1 [action=TIMER]
<...>-154961  ( 154961) [000] d.h.. 27156.175974: softirq_raise: vec=1 [action=TIMER]
<...>-154961  ( 154961) [000] d.h.. 27156.175980: sched_stat_runtime: comm=kernelshark pid=154961 runtime=3826908 [ns] vruntime=1207878475 [ns]
<...>-154961  ( 154961) [000] ..s.. 27156.176039: softirq_entry: vec=1 [action=TIMER]
<...>-154961  ( 154961) [000] ..s.. 27156.176262: softirq_exit: vec=1 [action=TIMER]
<...>-154961  ( 154961) [000] d.h.. 27156.180169: softirq_raise: vec=1 [action=TIMER]
<...>-154961  ( 154961) [000] d.h.. 27156.180179: sched_stat_runtime: comm=kernelshark pid=154961 runtime=4198501 [ns] vruntime=1212076976 [ns]
<...>-154961  ( 154961) [000] ..s.. 27156.180228: softirq_entry: vec=1 [action=TIMER]
<...>-154961  ( 154961) [000] ..s.. 27156.180451: softirq_exit: vec=1 [action=TIMER]
<...>-154961  ( 154961) [000] d.... 27156.183490: softirq_raise: vec=3 [action=NET_RX]
<...>-154961  ( 154961) [000] ..s1. 27156.183498: softirq_entry: vec=3 [action=NET_RX]
<...>-154961  ( 154961) [000] d.s1. 27156.183514: sched_waking: comm=sshd pid=148212 prio=120 target_cpu=000
<...>-154961  ( 154961) [000] dNs1. 27156.183530: sched_wakeup: comm=sshd pid=148212 prio=120 target_cpu=000
<...>-154961  ( 154961) [000] .Ns1. 27156.183540: softirq_exit: vec=3 [action=NET_RX]
<...>-154961  ( 154961) [000] dN... 27156.183550: sched_stat_runtime: comm=kernelshark pid=154961 runtime=3345776 [ns] vruntime=1215422752 [ns]
<...>-154961  ( 154961) [000] d.... 27156.183555: sched_switch: prev_comm=kernelshark prev_pid=154961 prev_prio=120 prev_state=R ==> next_comm=sshd next_pid=148212 next_prio=120
sshd-148212  ( 148212) [000] d.... 27156.183739: sched_switch: prev_comm=sshd prev_pid=148212 prev_prio=120 prev_state=S ==> next_comm=kernelshark next_pid=154961 next_prio=120
<...>-154961  ( 154961) [000] d.... 27156.183749: sched_stat_runtime: comm=kernelshark pid=154961 runtime=20547 [ns] vruntime=1215443299 [ns]
<...>-154961  ( 154961) [000] d.... 27156.183762: sched_switch: prev_comm=kernelshark prev_pid=154961 prev_prio=120 prev_state=S ==> next_comm=swapper/0 next_pid=0 next_prio=120
<...>-154962  ( 154961) [001] d.... 27156.185513: softirq_raise: vec=3 [action=NET_RX]
<...>-154962  ( 154961) [001] ..s1. 27156.185522: softirq_entry: vec=3 [action=NET_RX]
<...>-154962  ( 154961) [001] ..s1. 27156.185533: softirq_exit: vec=3 [action=NET_RX]
<...>-154962  ( 154961) [001] d.... 27156.185544: sched_waking: comm=kernelshark pid=154961 prio=120 target_cpu=000
<...>-154962  ( 154961) [001] d.... 27156.185588: sched_stat_runtime: comm=QXcbEventQueue pid=154962 runtime=172839 [ns] vruntime=780539227 [ns]
<...>-154962  ( 154961) [001] d.... 27156.185596: sched_switch: prev_comm=QXcbEventQueue prev_pid=154962 prev_prio=120 prev_state=S ==> next_comm=swapper/1 next_pid=0 next_prio=120
<idle>-0       (-------) [000] dNh.. 27156.185726: sched_wakeup: comm=kernelshark pid=154961 prio=120 target_cpu=000
<idle>-0       (-------) [000] d.... 27156.185732: sched_switch: prev_comm=swapper/0 prev_pid=0 prev_prio=120 prev_state=R ==> next_comm=kernelshark next_pid=154961 next_prio=120
<...>-154961  ( 154961) [000] d.... 27156.185765: softirq_raise: vec=3 [action=NET_RX]
<...>-154961  ( 154961) [000] ..s1. 27156.185768: softirq_entry: vec=3 [action=NET_RX]
<...>-154961  ( 154961) [000] d.s1. 27156.185773: sched_waking: comm=sshd pid=148212 prio=120 target_cpu=000
<...>-154961  ( 154961) [000] dNs1. 27156.185778: sched_wakeup: comm=sshd pid=148212 prio=120 target_cpu=000
<...>-154961  ( 154961) [000] .Ns1. 27156.185782: softirq_exit: vec=3 [action=NET_RX]
<...>-154961  ( 154961) [000] dN... 27156.185786: sched_stat_runtime: comm=kernelshark pid=154961 runtime=52953 [ns] vruntime=1215496252 [ns]
<...>-154961  ( 154961) [000] d.... 27156.185788: sched_switch: prev_comm=kernelshark prev_pid=154961 prev_prio=120 prev_state=R ==> next_comm=sshd next_pid=148212 next_prio=120
sshd-148212  ( 148212) [000] d.... 27156.185897: sched_switch: prev_comm=sshd prev_pid=148212 prev_prio=120 prev_state=S ==> next_comm=kernelshark next_pid=154961 next_prio=120
<...>-154961  ( 154961) [000] d.... 27156.185903: sched_stat_runtime: comm=kernelshark pid=154961 runtime=11401 [ns] vruntime=1215507653 [ns]
<...>-154961  ( 154961) [000] d.... 27156.185909: sched_switch: prev_comm=kernelshark prev_pid=154961 prev_prio=120 prev_state=S ==> next_comm=swapper/0 next_pid=0 next_prio=120
<...>-154962  ( 154961) [001] d.... 27156.189005: sched_waking: comm=kernelshark pid=154961 prio=120 target_cpu=000
<...>-154962  ( 154961) [001] d.... 27156.189050: sched_stat_runtime: comm=QXcbEventQueue pid=154962 runtime=141511 [ns] vruntime=780680738 [ns]
<...>-154962  ( 154961) [001] d.... 27156.189058: sched_switch: prev_comm=QXcbEventQueue prev_pid=154962 prev_prio=120 prev_state=S ==> next_comm=swapper/1 next_pid=0 next_prio=120
<idle>-0       (-------) [000] dNh.. 27156.189324: sched_wakeup: comm=kernelshark pid=154961 prio=120 target_cpu=000
<...>-154960  ( 154960) [000] d.... 27156.189748: sched_switch: prev_comm=sleep prev_pid=154960 prev_prio=120 prev_state=Z ==> next_comm=kernelshark next_pid=154961 next_prio=120
<...>-154961  ( 154961) [000] d.... 27156.189868: softirq_raise: vec=3 [action=NET_RX]
<...>-154961  ( 154961) [000] ..s1. 27156.189876: softirq_entry: vec=3 [action=NET_RX]
<...>-154961  ( 154961) [000] d.s1. 27156.189887: sched_waking: comm=sshd pid=148212 prio=120 target_cpu=000
<...>-154961  ( 154961) [000] dNs1. 27156.189900: sched_wakeup: comm=sshd pid=148212 prio=120 target_cpu=000
<...>-154961  ( 154961) [000] .Ns1. 27156.189911: softirq_exit: vec=3 [action=NET_RX]
<...>-154961  ( 154961) [000] dN... 27156.189920: sched_stat_runtime: comm=kernelshark pid=154961 runtime=157922 [ns] vruntime=1215665575 [ns]
<...>-154961  ( 154961) [000] d.... 27156.189925: sched_switch: prev_comm=kernelshark prev_pid=154961 prev_prio=120 prev_state=R ==> next_comm=sshd next_pid=148212 next_prio=120
sshd-148212  ( 148212) [000] d.... 27156.190061: sched_switch: prev_comm=sshd prev_pid=148212 prev_prio=120 prev_state=S ==> next_comm=kernelshark next_pid=154961 next_prio=120
<...>-154961  ( 154961) [000] d.... 27156.190073: sched_stat_runtime: comm=kernelshark pid=154961 runtime=20586 [ns] vruntime=1215686161 [ns]
<...>-154961  ( 154961) [000] d.... 27156.190084: sched_switch: prev_comm=kernelshark prev_pid=154961 prev_prio=120 prev_state=S ==> next_comm=swapper/0 next_pid=0 next_prio=120
<...>-154962  ( 154961) [001] d.... 27156.191653: sched_waking: comm=kernelshark pid=154961 prio=120 target_cpu=000
<...>-154962  ( 154961) [001] d.... 27156.191690: sched_stat_runtime: comm=QXcbEventQueue pid=154962 runtime=49189 [ns] vruntime=780729927 [ns]
<...>-154962  ( 154961) [001] d.... 27156.191698: sched_switch: prev_comm=QXcbEventQueue prev_pid=154962 prev_prio=120 prev_state=S ==> next_comm=swapper/1 next_pid=0 next_prio=120
<idle>-0       (-------) [000] dNh.. 27156.191821: sched_wakeup: comm=kernelshark pid=154961 prio=120 target_cpu=000
<idle>-0       (-------) [000] d.... 27156.191830: sched_switch: prev_comm=swapper/0 prev_pid=0 prev_prio=120 prev_state=R ==> next_comm=kernelshark next_pid=154961 next_prio=120
<...>-154961  ( 154961) [000] d.... 27156.191855: softirq_raise: vec=3 [action=NET_RX]
<...>-154961  ( 154961) [000] ..s1. 27156.191863: softirq_entry: vec=3 [action=NET_RX]
<...>-154961  ( 154961) [000] d.s1. 27156.191873: sched_waking: comm=sshd pid=148212 prio=120 target_cpu=000
<...>-154961  ( 154961) [000] dNs1. 27156.191885: sched_wakeup: comm=sshd pid=148212 prio=120 target_cpu=000
<...>-154961  ( 154961) [000] .Ns1. 27156.191896: softirq_exit: vec=3 [action=NET_RX]
<...>-154961  ( 154961) [000] dN... 27156.191904: sched_stat_runtime: comm=kernelshark pid=154961 runtime=64353 [ns] vruntime=1215750514 [ns]
<...>-154961  ( 154961) [000] d.... 27156.191909: sched_switch: prev_comm=kernelshark prev_pid=154961 prev_prio=120 prev_state=R ==> next_comm=sshd next_pid=148212 next_prio=120
<idle>-0       (-------) [001] d.s.. 27156.192445: sched_migrate_task: comm=kernelshark pid=154961 prio=120 orig_cpu=0 dest_cpu=2
ksoftirqd/2-28      (     28) [002] d.... 27156.192697: sched_switch: prev_comm=ksoftirqd/2 prev_pid=28 prev_prio=120 prev_state=S ==> next_comm=kernelshark next_pid=154961 next_prio=120
<...>-154961  ( 154961) [002] d.... 27156.192704: sched_stat_runtime: comm=kernelshark pid=154961 runtime=10537 [ns] vruntime=2430157145 [ns]
<...>-154961  ( 154961) [002] d.... 27156.192710: sched_migrate_task: comm=rcu_sched pid=14 prio=120 orig_cpu=3 dest_cpu=2
<...>-154961  ( 154961) [002] d.... 27156.192714: sched_switch: prev_comm=kernelshark prev_pid=154961 prev_prio=120 prev_state=S ==> next_comm=rcu_sched next_pid=14 next_prio=120
<...>-154962  ( 154961) [001] d.... 27156.193964: sched_waking: comm=kernelshark pid=154961 prio=120 target_cpu=002
<...>-154962  ( 154961) [001] d.... 27156.194000: sched_stat_runtime: comm=QXcbEventQueue pid=154962 runtime=110542 [ns] vruntime=780840469 [ns]
<...>-154962  ( 154961) [001] d.... 27156.194013: sched_switch: prev_comm=QXcbEventQueue prev_pid=154962 prev_prio=120 prev_state=S ==> next_comm=swapper/1 next_pid=0 next_prio=120
<idle>-0       (-------) [002] dNH.. 27156.194105: sched_wakeup: comm=kernelshark pid=154961 prio=120 target_cpu=002
<idle>-0       (-------) [002] d.... 27156.194198: sched_switch: prev_comm=swapper/2 prev_pid=0 prev_prio=120 prev_state=R ==> next_comm=kernelshark next_pid=154961 next_prio=120
<...>-154961  ( 154961) [002] d.... 27156.194934: softirq_raise: vec=3 [action=NET_RX]
<...>-154961  ( 154961) [002] ..s1. 27156.194937: softirq_entry: vec=3 [action=NET_RX]
<...>-154961  ( 154961) [002] d.s1. 27156.194944: sched_waking: comm=sshd pid=148212 prio=120 target_cpu=000
<...>-154961  ( 154961) [002] ..s1. 27156.194992: softirq_exit: vec=3 [action=NET_RX]
<...>-154961  ( 154961) [002] d.... 27156.195000: sched_stat_runtime: comm=kernelshark pid=154961 runtime=905852 [ns] vruntime=2431062997 [ns]
<...>-154961  ( 154961) [002] d.... 27156.195004: sched_switch: prev_comm=kernelshark prev_pid=154961 prev_prio=120 prev_state=S ==> next_comm=swapper/2 next_pid=0 next_prio=120
<...>-154962  ( 154961) [001] d.... 27156.198107: sched_waking: comm=kernelshark pid=154961 prio=120 target_cpu=002
<...>-154962  ( 154961) [001] d.... 27156.198154: sched_stat_runtime: comm=QXcbEventQueue pid=154962 runtime=73324 [ns] vruntime=780913793 [ns]
<...>-154962  ( 154961) [001] d.... 27156.198161: sched_switch: prev_comm=QXcbEventQueue prev_pid=154962 prev_prio=120 prev_state=S ==> next_comm=swapper/1 next_pid=0 next_prio=120
<idle>-0       (-------) [002] dNh.. 27156.198275: sched_wakeup: comm=kernelshark pid=154961 prio=120 target_cpu=002
<idle>-0       (-------) [002] d.... 27156.198280: sched_switch: prev_comm=swapper/2 prev_pid=0 prev_prio=120 prev_state=R ==> next_comm=kernelshark next_pid=154961 next_prio=120
<...>-154961  ( 154961) [002] d.... 27156.198330: softirq_raise: vec=3 [action=NET_RX]
<...>-154961  ( 154961) [002] ..s1. 27156.198333: softirq_entry: vec=3 [action=NET_RX]
<...>-154961  ( 154961) [002] d.s1. 27156.198340: sched_waking: comm=sshd pid=148212 prio=120 target_cpu=000
<...>-154961  ( 154961) [002] ..s1. 27156.198377: softirq_exit: vec=3 [action=NET_RX]
<...>-154961  ( 154961) [002] d.... 27156.198384: sched_stat_runtime: comm=kernelshark pid=154961 runtime=111068 [ns] vruntime=2431174065 [ns]
<...>-154961  ( 154961) [002] d.... 27156.198387: sched_switch: prev_comm=kernelshark prev_pid=154961 prev_prio=120 prev_state=S ==> next_comm=swapper/2 next_pid=0 next_prio=120
<...>-154962  ( 154961) [001] d.... 27156.200975: sched_waking: comm=kernelshark pid=154961 prio=120 target_cpu=002
<...>-154962  ( 154961) [001] d.... 27156.201019: sched_stat_runtime: comm=QXcbEventQueue pid=154962 runtime=230273 [ns] vruntime=781144066 [ns]
<...>-154962  ( 154961) [001] d.... 27156.201032: sched_switch: prev_comm=QXcbEventQueue prev_pid=154962 prev_prio=120 prev_state=S ==> next_comm=swapper/1 next_pid=0 next_prio=120
<idle>-0       (-------) [002] dNh.. 27156.201147: sched_wakeup: comm=kernelshark pid=154961 prio=120 target_cpu=002
<idle>-0       (-------) [002] d.... 27156.201151: sched_switch: prev_comm=swapper/2 prev_pid=0 prev_prio=120 prev_state=R ==> next_comm=kernelshark next_pid=154961 next_prio=120
<...>-154961  ( 154961) [002] d.h.. 27156.201307: irq_handler_entry: irq=19 name=enp0s3
<...>-154961  ( 154961) [002] d.h.. 27156.201468: softirq_raise: vec=3 [action=NET_RX]
<...>-154961  ( 154961) [002] d.h.. 27156.201472: irq_handler_exit: irq=19 ret=handled
<...>-154961  ( 154961) [002] d.H.. 27156.201593: sched_wakeup: comm=bash pid=154947 prio=120 target_cpu=002
<...>-154961  ( 154961) [002] ..s.. 27156.201598: softirq_entry: vec=3 [action=NET_RX]
<...>-154961  ( 154961) [002] ..s.. 27156.201766: softirq_exit: vec=3 [action=NET_RX]
<...>-154961  ( 154961) [002] d.... 27156.201800: softirq_raise: vec=3 [action=NET_RX]
<...>-154961  ( 154961) [002] ..s1. 27156.201807: softirq_entry: vec=3 [action=NET_RX]
<...>-154961  ( 154961) [002] d.s1. 27156.201818: sched_waking: comm=sshd pid=148212 prio=120 target_cpu=000
<...>-154961  ( 154961) [002] ..s1. 27156.201867: softirq_exit: vec=3 [action=NET_RX]
<...>-154961  ( 154961) [002] d.... 27156.201878: sched_stat_runtime: comm=kernelshark pid=154961 runtime=733306 [ns] vruntime=2431907371 [ns]
<...>-154961  ( 154961) [002] d.... 27156.201886: sched_switch: prev_comm=kernelshark prev_pid=154961 prev_prio=120 prev_state=S ==> next_comm=bash next_pid=154947 next_prio=120
<...>-154962  ( 154961) [001] d.... 27156.203765: sched_waking: comm=kernelshark pid=154961 prio=120 target_cpu=002
<...>-154962  ( 154961) [001] d.... 27156.203832: sched_stat_runtime: comm=QXcbEventQueue pid=154962 runtime=159351 [ns] vruntime=781303417 [ns]
<...>-154962  ( 154961) [001] d.... 27156.203842: sched_switch: prev_comm=QXcbEventQueue prev_pid=154962 prev_prio=120 prev_state=S ==> next_comm=swapper/1 next_pid=0 next_prio=120
<idle>-0       (-------) [002] dNH.. 27156.204086: sched_wakeup: comm=kernelshark pid=154961 prio=120 target_cpu=002
