<...>-154961  ( 154961) [002] d.... 27156.613143: sched_switch: prev_comm=kernelshark prev_pid=154961 prev_prio=120 prev_state=S ==> next_comm=swapper/2 next_pid=0 next_prio=120
<...>-154962  ( 154961) [000] d.... 27156.615384: sched_waking: comm=kernelshark pid=154961 prio=120 target_cpu=002
<...>-154962  ( 154961) [000] d.... 27156.615443: sched_stat_runtime: comm=QXcbEventQueue pid=154962 runtime=90873 [ns] vruntime=1317725326 [ns]
<...>-154962  ( 154961) [000] d.... 27156.615450: sched_switch: prev_comm=QXcbEventQueue prev_pid=154962 prev_prio=120 prev_state=S ==> next_comm=sshd next_pid=148212 next_prio=120
<idle>-0       (-------) [002] dNH.. 27156.619064: sched_wakeup: comm=kernelshark pid=154961 prio=120 target_cpu=002
<idle>-0       (-------) [002] d.... 27156.619405: sched_switch: prev_comm=swapper/2 prev_pid=0 prev_prio=120 prev_state=R ==> next_comm=kernelshark next_pid=154961 next_prio=120
<...>-154961  ( 154961) [002] d.... 27156.619488: softirq_raise: vec=3 [action=NET_RX]
<...>-154961  ( 154961) [002] ..s1. 27156.619497: softirq_entry: vec=3 [action=NET_RX]
<...>-154961  ( 154961) [002] d.s1. 27156.619515: sched_waking: comm=sshd pid=148212 prio=120 target_cpu=000
<...>-154961  ( 154961) [002] ..s1. 27156.619564: softirq_exit: vec=3 [action=NET_RX]
<...>-154961  ( 154961) [002] d.... 27156.619579: sched_stat_runtime: comm=kernelshark pid=154961 runtime=522863 [ns] vruntime=2563621342 [ns]
<...>-154961  ( 154961) [002] d.... 27156.619588: sched_switch: prev_comm=kernelshark prev_pid=154961 prev_prio=120 prev_state=S ==> next_comm=swapper/2 next_pid=0 next_prio=120
<...>-154962  ( 154961) [000] d.... 27156.623634: sched_waking: comm=kernelshark pid=154961 prio=120 target_cpu=002
<...>-154962  ( 154961) [000] d.... 27156.623676: sched_stat_runtime: comm=QXcbEventQueue pid=154962 runtime=65036 [ns] vruntime=1317790362 [ns]
<...>-154962  ( 154961) [000] d.... 27156.623694: sched_switch: prev_comm=QXcbEventQueue prev_pid=154962 prev_prio=120 prev_state=S ==> next_comm=swapper/0 next_pid=0 next_prio=120
<idle>-0       (-------) [002] dNh.. 27156.623889: sched_wakeup: comm=kernelshark pid=154961 prio=120 target_cpu=002
<idle>-0       (-------) [002] d.... 27156.623969: sched_switch: prev_comm=swapper/2 prev_pid=0 prev_prio=120 prev_state=R ==> next_comm=kernelshark next_pid=154961 next_prio=120
<...>-154961  ( 154961) [002] dNh.. 27156.624322: sched_wakeup: comm=rcu_sched pid=14 prio=120 target_cpu=002
<...>-154961  ( 154961) [002] dN... 27156.624327: sched_stat_runtime: comm=kernelshark pid=154961 runtime=432894 [ns] vruntime=2564054236 [ns]
<...>-154961  ( 154961) [002] d.... 27156.624334: sched_switch: prev_comm=kernelshark prev_pid=154961 prev_prio=120 prev_state=R ==> next_comm=rcu_sched next_pid=14 next_prio=120
rcu_sched-14      (     14) [002] d.... 27156.624346: sched_switch: prev_comm=rcu_sched prev_pid=14 prev_prio=120 prev_state=I ==> next_comm=kernelshark next_pid=154961 next_prio=120
<...>-154961  ( 154961) [002] d.h.. 27156.628905: softirq_raise: vec=9 [action=RCU]
<...>-154961  ( 154961) [002] d.h.. 27156.628917: sched_stat_runtime: comm=kernelshark pid=154961 runtime=4575607 [ns] vruntime=2568629843 [ns]
<...>-154961  ( 154961) [002] d.h.. 27156.628925: softirq_raise: vec=7 [action=SCHED]
<...>-154961  ( 154961) [002] ..s.. 27156.628973: softirq_entry: vec=7 [action=SCHED]
<...>-154961  ( 154961) [002] ..s.. 27156.628982: softirq_exit: vec=7 [action=SCHED]
<...>-154961  ( 154961) [002] ..s.. 27156.628985: softirq_entry: vec=9 [action=RCU]
<...>-154961  ( 154961) [002] ..s.. 27156.628989: softirq_exit: vec=9 [action=RCU]
<...>-154961  ( 154961) [002] d.h.. 27156.632061: softirq_raise: vec=1 [action=TIMER]
<...>-154961  ( 154961) [002] d.h.. 27156.632069: sched_stat_runtime: comm=kernelshark pid=154961 runtime=3153191 [ns] vruntime=2571783034 [ns]
<...>-154961  ( 154961) [002] ..s.. 27156.632114: softirq_entry: vec=1 [action=TIMER]
<...>-154961  ( 154961) [002] d.s.. 27156.632119: sched_waking: comm=rcu_sched pid=14 prio=120 target_cpu=002
<...>-154961  ( 154961) [002] dNs.. 27156.632130: sched_wakeup: comm=rcu_sched pid=14 prio=120 target_cpu=002
<...>-154961  ( 154961) [002] .Ns.. 27156.632135: softirq_exit: vec=1 [action=TIMER]
<...>-154961  ( 154961) [002] dN... 27156.632140: sched_stat_runtime: comm=kernelshark pid=154961 runtime=55163 [ns] vruntime=2571838197 [ns]
<...>-154961  ( 154961) [002] d.... 27156.632148: sched_switch: prev_comm=kernelshark prev_pid=154961 prev_prio=120 prev_state=R ==> next_comm=rcu_sched next_pid=14 next_prio=120
rcu_sched-14      (     14) [002] d.... 27156.632167: sched_switch: prev_comm=rcu_sched prev_pid=14 prev_prio=120 prev_state=I ==> next_comm=kernelshark next_pid=154961 next_prio=120
<...>-154961  ( 154961) [002] dNh.. 27156.632466: sched_wakeup: comm=rcu_sched pid=14 prio=120 target_cpu=002
<...>-154961  ( 154961) [002] dN... 27156.632474: sched_stat_runtime: comm=kernelshark pid=154961 runtime=304427 [ns] vruntime=2572142624 [ns]
<...>-154961  ( 154961) [002] d.... 27156.632481: sched_switch: prev_comm=kernelshark prev_pid=154961 prev_prio=120 prev_state=R ==> next_comm=rcu_sched next_pid=14 next_prio=120
rcu_sched-14      (     14) [002] d.... 27156.632495: sched_switch: prev_comm=rcu_sched prev_pid=14 prev_prio=120 prev_state=I ==> next_comm=kernelshark next_pid=154961 next_prio=120
<...>-154961  ( 154961) [002] d.h.. 27156.636211: softirq_raise: vec=9 [action=RCU]
<...>-154961  ( 154961) [002] d.h.. 27156.636221: sched_stat_runtime: comm=kernelshark pid=154961 runtime=3731352 [ns] vruntime=2575873976 [ns]
<...>-154961  ( 154961) [002] ..s.. 27156.636278: softirq_entry: vec=9 [action=RCU]
<...>-154961  ( 154961) [002] ..s.. 27156.636283: softirq_exit: vec=9 [action=RCU]
<...>-154961  ( 154961) [002] d.h.. 27156.640184: softirq_raise: vec=1 [action=TIMER]
<...>-154961  ( 154961) [002] d.h.. 27156.640194: sched_stat_runtime: comm=kernelshark pid=154961 runtime=3971806 [ns] vruntime=2579845782 [ns]
<...>-154961  ( 154961) [002] ..s.. 27156.640403: softirq_entry: vec=1 [action=TIMER]
<...>-154961  ( 154961) [002] d.s.. 27156.640407: sched_waking: comm=rcu_sched pid=14 prio=120 target_cpu=002
<...>-154961  ( 154961) [002] dNs.. 27156.640417: sched_wakeup: comm=rcu_sched pid=14 prio=120 target_cpu=002
<...>-154961  ( 154961) [002] .Ns.. 27156.640422: softirq_exit: vec=1 [action=TIMER]
<...>-154961  ( 154961) [002] dN... 27156.640426: sched_stat_runtime: comm=kernelshark pid=154961 runtime=220132 [ns] vruntime=2580065914 [ns]
<...>-154961  ( 154961) [002] d.... 27156.640434: sched_switch: prev_comm=kernelshark prev_pid=154961 prev_prio=120 prev_state=R ==> next_comm=rcu_sched next_pid=14 next_prio=120
rcu_sched-14      (     14) [002] d.... 27156.640450: sched_switch: prev_comm=rcu_sched prev_pid=14 prev_prio=120 prev_state=I ==> next_comm=kernelshark next_pid=154961 next_prio=120
<...>-154961  ( 154961) [002] dNh.. 27156.640718: sched_wakeup: comm=rcu_sched pid=14 prio=120 target_cpu=002
<...>-154961  ( 154961) [002] dN... 27156.640724: sched_stat_runtime: comm=kernelshark pid=154961 runtime=272036 [ns] vruntime=2580337950 [ns]
<...>-154961  ( 154961) [002] d.... 27156.640731: sched_switch: prev_comm=kernelshark prev_pid=154961 prev_prio=120 prev_state=R ==> next_comm=rcu_sched next_pid=14 next_prio=120
rcu_sched-14      (     14) [002] d.... 27156.640743: sched_switch: prev_comm=rcu_sched prev_pid=14 prev_prio=120 prev_state=I ==> next_comm=kernelshark next_pid=154961 next_prio=120
<...>-154961  ( 154961) [002] d.h.. 27156.644200: softirq_raise: vec=9 [action=RCU]
<...>-154961  ( 154961) [002] d.h.. 27156.644209: sched_stat_runtime: comm=kernelshark pid=154961 runtime=3471283 [ns] vruntime=2583809233 [ns]
<...>-154961  ( 154961) [002] ..s.. 27156.644257: softirq_entry: vec=9 [action=RCU]
<...>-154961  ( 154961) [002] ..s.. 27156.644263: softirq_exit: vec=9 [action=RCU]
<...>-154961  ( 154961) [002] d.h.. 27156.645933: irq_handler_entry: irq=19 name=enp0s3
<...>-154961  ( 154961) [002] d.h.. 27156.646128: softirq_raise: vec=3 [action=NET_RX]
<...>-154961  ( 154961) [002] d.h.. 27156.646134: irq_handler_exit: irq=19 ret=handled
<...>-154961  ( 154961) [002] ..s.. 27156.646220: softirq_entry: vec=3 [action=NET_RX]
<...>-154961  ( 154961) [002] d.s.. 27156.646316: sched_waking: comm=sshd pid=148212 prio=120 target_cpu=002
<...>-154961  ( 154961) [002] dNs.. 27156.646339: sched_wakeup: comm=sshd pid=148212 prio=120 target_cpu=002
<...>-154961  ( 154961) [002] dNH.. 27156.646477: irq_handler_entry: irq=19 name=enp0s3
<...>-154961  ( 154961) [002] dNH.. 27156.646639: softirq_raise: vec=3 [action=NET_RX]
<...>-154961  ( 154961) [002] dNH.. 27156.646645: irq_handler_exit: irq=19 ret=handled
<...>-154961  ( 154961) [002] .Ns.. 27156.646717: softirq_exit: vec=3 [action=NET_RX]
<...>-154961  ( 154961) [002] dNs.. 27156.646721: sched_waking: comm=ksoftirqd/2 pid=28 prio=120 target_cpu=002
<...>-154961  ( 154961) [002] dNs.. 27156.646727: sched_wakeup: comm=ksoftirqd/2 pid=28 prio=120 target_cpu=002
<...>-154961  ( 154961) [002] dN... 27156.646733: sched_stat_runtime: comm=kernelshark pid=154961 runtime=2516041 [ns] vruntime=2586325274 [ns]
<...>-154961  ( 154961) [002] d.... 27156.646741: sched_switch: prev_comm=kernelshark prev_pid=154961 prev_prio=120 prev_state=R ==> next_comm=sshd next_pid=148212 next_prio=120
sshd-148212  ( 148212) [002] d.... 27156.647420: sched_switch: prev_comm=sshd prev_pid=148212 prev_prio=120 prev_state=S ==> next_comm=kernelshark next_pid=154961 next_prio=120
<...>-154962  ( 154961) [000] d.... 27156.647519: softirq_raise: vec=3 [action=NET_RX]
<...>-154962  ( 154961) [000] ..s1. 27156.647529: softirq_entry: vec=3 [action=NET_RX]
<...>-154962  ( 154961) [000] ..s1. 27156.647547: softirq_exit: vec=3 [action=NET_RX]
<...>-154962  ( 154961) [000] d.... 27156.647578: sched_stat_runtime: comm=QXcbEventQueue pid=154962 runtime=99694 [ns] vruntime=1317890056 [ns]
<...>-154962  ( 154961) [000] d.... 27156.647594: sched_switch: prev_comm=QXcbEventQueue prev_pid=154962 prev_prio=120 prev_state=S ==> next_comm=swapper/0 next_pid=0 next_prio=120
<...>-154961  ( 154961) [002] d.h.. 27156.648126: sched_stat_runtime: comm=kernelshark pid=154961 runtime=714523 [ns] vruntime=2587039797 [ns]
<...>-154961  ( 154961) [002] d.h.. 27156.652272: softirq_raise: vec=1 [action=TIMER]
<...>-154961  ( 154961) [002] d.h.. 27156.652280: sched_stat_runtime: comm=kernelshark pid=154961 runtime=4153751 [ns] vruntime=2591193548 [ns]
<...>-154961  ( 154961) [002] ..s.. 27156.652324: softirq_entry: vec=1 [action=TIMER]
<...>-154961  ( 154961) [002] ..s.. 27156.652328: softirq_exit: vec=1 [action=TIMER]
<...>-154961  ( 154961) [002] d.h.. 27156.656327: softirq_raise: vec=9 [action=RCU]
<...>-154961  ( 154961) [002] d.h.. 27156.656339: sched_stat_runtime: comm=kernelshark pid=154961 runtime=4058446 [ns] vruntime=2595251994 [ns]
<...>-154961  ( 154961) [002] ..s.. 27156.656443: softirq_entry: vec=9 [action=RCU]
<...>-154961  ( 154961) [002] d.s.. 27156.656450: sched_waking: comm=rcu_sched pid=14 prio=120 target_cpu=002
<...>-154961  ( 154961) [002] dNs.. 27156.656462: sched_wakeup: comm=rcu_sched pid=14 prio=120 target_cpu=002
<...>-154961  ( 154961) [002] .Ns.. 27156.656468: softirq_exit: vec=9 [action=RCU]
<...>-154961  ( 154961) [002] dN... 27156.656474: sched_stat_runtime: comm=kernelshark pid=154961 runtime=118346 [ns] vruntime=2595370340 [ns]
<...>-154961  ( 154961) [002] d.... 27156.656484: sched_switch: prev_comm=kernelshark prev_pid=154961 prev_prio=120 prev_state=R ==> next_comm=rcu_sched next_pid=14 next_prio=120
rcu_sched-14      (     14) [002] d.... 27156.656504: sched_switch: prev_comm=rcu_sched prev_pid=14 prev_prio=120 prev_state=I ==> next_comm=kernelshark next_pid=154961 next_prio=120
<...>-154961  ( 154961) [002] d.... 27156.658145: sched_waking: comm=llvmpipe-0 pid=154970 prio=120 target_cpu=003
<...>-154961  ( 154961) [002] d.... 27156.658204: sched_waking: comm=llvmpipe-1 pid=154971 prio=120 target_cpu=001
<...>-154961  ( 154961) [002] d.h.. 27156.658279: irq_handler_entry: irq=19 name=enp0s3
<...>-154970  ( 154961) [003] d.... 27156.658454: sched_stat_runtime: comm=llvmpipe-0 pid=154970 runtime=73896 [ns] vruntime=3716120299 [ns]
<...>-154970  ( 154961) [003] d.... 27156.658464: sched_switch: prev_comm=llvmpipe-0 prev_pid=154970 prev_prio=120 prev_state=S ==> next_comm=swapper/3 next_pid=0 next_prio=120
<...>-154971  ( 154961) [001] d.... 27156.658496: sched_stat_runtime: comm=llvmpipe-1 pid=154971 runtime=72323 [ns] vruntime=802104523 [ns]
<...>-154971  ( 154961) [001] d.... 27156.658505: sched_switch: prev_comm=llvmpipe-1 prev_pid=154971 prev_prio=120 prev_state=S ==> next_comm=swapper/1 next_pid=0 next_prio=120
<...>-154961  ( 154961) [002] d.h.. 27156.658508: softirq_raise: vec=3 [action=NET_RX]
<...>-154961  ( 154961) [002] d.h.. 27156.658517: irq_handler_exit: irq=19 ret=handled
<...>-154961  ( 154961) [002] ..s.. 27156.658609: softirq_entry: vec=3 [action=NET_RX]
<...>-154961  ( 154961) [002] ..s.. 27156.658734: softirq_exit: vec=3 [action=NET_RX]
<...>-154961  ( 154961) [002] d.... 27156.658846: sched_waking: comm=llvmpipe-1 pid=154971 prio=120 target_cpu=001
<...>-154961  ( 154961) [002] d.... 27156.658894: sched_waking: comm=llvmpipe-2 pid=154972 prio=120 target_cpu=000
<...>-154961  ( 154961) [002] d.... 27156.658946: sched_waking: comm=llvmpipe-3 pid=154973 prio=120 target_cpu=001
<...>-154961  ( 154961) [002] d.... 27156.658956: sched_stat_runtime: comm=kernelshark pid=154961 runtime=2459741 [ns] vruntime=2597830081 [ns]
<...>-154961  ( 154961) [002] d.... 27156.658965: sched_switch: prev_comm=kernelshark prev_pid=154961 prev_prio=120 prev_state=S ==> next_comm=swapper/2 next_pid=0 next_prio=120
<...>-154972  ( 154961) [000] d.... 27156.659075: sched_stat_runtime: comm=llvmpipe-2 pid=154972 runtime=17992 [ns] vruntime=1313186338 [ns]
<...>-154972  ( 154961) [000] d.... 27156.659084: sched_migrate_task: comm=llvmpipe-1 pid=154971 prio=120 orig_cpu=1 dest_cpu=0
<...>-154972  ( 154961) [000] d.... 27156.659087: sched_stat_runtime: comm=llvmpipe-2 pid=154972 runtime=12609 [ns] vruntime=1313198947 [ns]
<...>-154972  ( 154961) [000] d.... 27156.659091: sched_switch: prev_comm=llvmpipe-2 prev_pid=154972 prev_prio=120 prev_state=S ==> next_comm=llvmpipe-1 next_pid=154971 next_prio=120
<...>-154971  ( 154961) [000] d.... 27156.659096: sched_stat_runtime: comm=llvmpipe-1 pid=154971 runtime=9022 [ns] vruntime=1313244541 [ns]
<...>-154971  ( 154961) [000] d.... 27156.659100: sched_switch: prev_comm=llvmpipe-1 prev_pid=154971 prev_prio=120 prev_state=S ==> next_comm=swapper/0 next_pid=0 next_prio=120
<...>-154973  ( 154961) [001] d.... 27156.659101: sched_waking: comm=llvmpipe-0 pid=154970 prio=120 target_cpu=003
<...>-154973  ( 154961) [001] d.... 27156.659135: sched_waking: comm=llvmpipe-2 pid=154972 prio=120 target_cpu=000
<...>-154973  ( 154961) [001] d.... 27156.659168: sched_waking: comm=llvmpipe-1 pid=154971 prio=120 target_cpu=000
<...>-154970  ( 154961) [003] d.h.. 27156.660163: softirq_raise: vec=1 [action=TIMER]
<...>-154973  ( 154961) [001] d.h.. 27156.660167: softirq_raise: vec=1 [action=TIMER]
<...>-154970  ( 154961) [003] d.h.. 27156.660169: softirq_raise: vec=9 [action=RCU]
<...>-154973  ( 154961) [001] d.h.. 27156.660172: softirq_raise: vec=9 [action=RCU]
<...>-154970  ( 154961) [003] d.h.. 27156.660175: sched_stat_runtime: comm=llvmpipe-0 pid=154970 runtime=845146 [ns] vruntime=3716965445 [ns]
<...>-154972  ( 154961) [000] d.h.. 27156.660176: softirq_raise: vec=1 [action=TIMER]
<...>-154973  ( 154961) [001] d.h.. 27156.660177: sched_stat_runtime: comm=llvmpipe-3 pid=154973 runtime=1094388 [ns] vruntime=803119462 [ns]
<...>-154972  ( 154961) [000] d.h.. 27156.660182: softirq_raise: vec=9 [action=RCU]
<...>-154970  ( 154961) [003] d.h.. 27156.660182: softirq_raise: vec=7 [action=SCHED]
<...>-154973  ( 154961) [001] d.h.. 27156.660182: softirq_raise: vec=7 [action=SCHED]
<...>-154972  ( 154961) [000] d.h.. 27156.660187: sched_stat_runtime: comm=llvmpipe-2 pid=154972 runtime=8721 [ns] vruntime=1314101849 [ns]
<...>-154972  ( 154961) [000] d.h.. 27156.660193: softirq_raise: vec=7 [action=SCHED]
<...>-154973  ( 154961) [001] ..s.. 27156.660245: softirq_entry: vec=1 [action=TIMER]
<...>-154973  ( 154961) [001] d.s.. 27156.660250: sched_waking: comm=kworker/u8:3 pid=144682 prio=120 target_cpu=002
<...>-154970  ( 154961) [003] ..s.. 27156.660254: softirq_entry: vec=1 [action=TIMER]
<...>-154972  ( 154961) [000] ..s.. 27156.660256: softirq_entry: vec=1 [action=TIMER]
<...>-154970  ( 154961) [003] ..s.. 27156.660260: softirq_exit: vec=1 [action=TIMER]
<...>-154970  ( 154961) [003] ..s.. 27156.660264: softirq_entry: vec=7 [action=SCHED]
<...>-154970  ( 154961) [003] ..s.. 27156.660271: softirq_exit: vec=7 [action=SCHED]
<...>-154970  ( 154961) [003] ..s.. 27156.660275: softirq_entry: vec=9 [action=RCU]
<...>-154970  ( 154961) [003] ..s.. 27156.660279: softirq_exit: vec=9 [action=RCU]
<...>-154973  ( 154961) [001] ..s.. 27156.660295: softirq_exit: vec=1 [action=TIMER]
<...>-154973  ( 154961) [001] ..s.. 27156.660298: softirq_entry: vec=7 [action=SCHED]
<...>-154973  ( 154961) [001] ..s.. 27156.660303: softirq_exit: vec=7 [action=SCHED]
<...>-154973  ( 154961) [001] ..s.. 27156.660306: softirq_entry: vec=9 [action=RCU]
<...>-154973  ( 154961) [001] ..s.. 27156.660309: softirq_exit: vec=9 [action=RCU]
<...>-154971  ( 154961) [002] dNh.. 27156.660429: sched_wakeup: comm=kworker/u8:3 pid=144682 prio=120 target_cpu=002
<...>-154971  ( 154961) [002] dN... 27156.660435: sched_stat_runtime: comm=llvmpipe-1 pid=154971 runtime=241631 [ns] vruntime=2589303789 [ns]
<...>-154972  ( 154961) [000] ..s.. 27156.660441: softirq_exit: vec=1 [action=TIMER]
<...>-154971  ( 154961) [002] d.... 27156.660443: sched_switch: prev_comm=llvmpipe-1 prev_pid=154971 prev_prio=120 prev_state=R ==> next_comm=kworker/u8:3 next_pid=144682 next_prio=120
<...>-154972  ( 154961) [000] ..s.. 27156.660445: softirq_entry: vec=7 [action=SCHED]
<...>-154972  ( 154961) [000] ..s.. 27156.660450: softirq_exit: vec=7 [action=SCHED]
<...>-154972  ( 154961) [000] ..s.. 27156.660454: softirq_entry: vec=9 [action=RCU]
<...>-154972  ( 154961) [000] ..s.. 27156.660458: softirq_exit: vec=9 [action=RCU]
<...>-154972  ( 154961) [000] d.h.. 27156.660622: sched_wakeup: comm=kworker/u8:1 pid=153240 prio=120 target_cpu=000
<...>-154972  ( 154961) [000] d.... 27156.662116: sched_stat_runtime: comm=llvmpipe-2 pid=154972 runtime=1928253 [ns] vruntime=1316030102 [ns]
<...>-154970  ( 154961) [003] d.... 27156.662117: sched_stat_runtime: comm=llvmpipe-0 pid=154970 runtime=1941456 [ns] vruntime=3718906901 [ns]
<...>-154971  ( 154961) [002] d.... 27156.662119: sched_stat_runtime: comm=llvmpipe-1 pid=154971 runtime=1623855 [ns] vruntime=2590927644 [ns]
<...>-154973  ( 154961) [001] d.... 27156.662128: sched_waking: comm=llvmpipe-2 pid=154972 prio=120 target_cpu=000
<...>-154972  ( 154961) [000] d.... 27156.662132: sched_switch: prev_comm=llvmpipe-2 prev_pid=154972 prev_prio=120 prev_state=S ==> next_comm=kworker/u8:1 next_pid=153240 next_prio=120
<...>-154970  ( 154961) [003] d.... 27156.662135: sched_switch: prev_comm=llvmpipe-0 prev_pid=154970 prev_prio=120 prev_state=S ==> next_comm=swapper/3 next_pid=0 next_prio=120
<...>-154971  ( 154961) [002] d.... 27156.662135: sched_switch: prev_comm=llvmpipe-1 prev_pid=154971 prev_prio=120 prev_state=S ==> next_comm=swapper/2 next_pid=0 next_prio=120
<...>-154973  ( 154961) [001] d.... 27156.662181: sched_waking: comm=llvmpipe-0 pid=154970 prio=120 target_cpu=003
<...>-154973  ( 154961) [001] d.... 27156.662188: sched_wake_idle_without_ipi: cpu=3
<...>-154973  ( 154961) [001] d.... 27156.662195: sched_waking: comm=llvmpipe-1 pid=154971 prio=120 target_cpu=002
<...>-154973  ( 154961) [001] d.... 27156.662253: sched_stat_runtime: comm=llvmpipe-3 pid=154973 runtime=2075850 [ns] vruntime=805195312 [ns]
<...>-154972  ( 154961) [000] d.... 27156.662262: sched_stat_runtime: comm=llvmpipe-2 pid=154972 runtime=29677 [ns] vruntime=1316059779 [ns]
<...>-154973  ( 154961) [001] d.... 27156.662263: sched_switch: prev_comm=llvmpipe-3 prev_pid=154973 prev_prio=120 prev_state=S ==> next_comm=swapper/1 next_pid=0 next_prio=120
<...>-154972  ( 154961) [000] d.... 27156.662270: sched_switch: prev_comm=llvmpipe-2 prev_pid=154972 prev_prio=120 prev_state=S ==> next_comm=swapper/0 next_pid=0 next_prio=120
<...>-154971  ( 154961) [002] d.... 27156.662432: sched_stat_runtime: comm=llvmpipe-1 pid=154971 runtime=21927 [ns] vruntime=2590949571 [ns]
<...>-154971  ( 154961) [002] d.... 27156.662440: sched_switch: prev_comm=llvmpipe-1 prev_pid=154971 prev_prio=120 prev_state=S ==> next_comm=swapper/2 next_pid=0 next_prio=120
<...>-154970  ( 154961) [003] d.... 27156.663835: sched_waking: comm=kernelshark pid=154961 prio=120 target_cpu=002
<...>-154970  ( 154961) [003] d.... 27156.663895: sched_stat_runtime: comm=llvmpipe-0 pid=154970 runtime=1651304 [ns] vruntime=3720558205 [ns]
<...>-154970  ( 154961) [003] d.... 27156.663905: sched_switch: prev_comm=llvmpipe-0 prev_pid=154970 prev_prio=120 prev_state=S ==> next_comm=swapper/3 next_pid=0 next_prio=120
<idle>-0       (-------) [002] dNh.. 27156.664138: sched_wakeup: comm=kernelshark pid=154961 prio=120 target_cpu=002
rcu_sched-14      (     14) [002] d.... 27156.664303: sched_switch: prev_comm=rcu_sched prev_pid=14 prev_prio=120 prev_state=I ==> next_comm=kernelshark next_pid=154961 next_prio=120
<...>-154961  ( 154961) [002] dNh.. 27156.664569: sched_wakeup: comm=rcu_sched pid=14 prio=120 target_cpu=002
<...>-154961  ( 154961) [002] dN... 27156.664575: sched_stat_runtime: comm=kernelshark pid=154961 runtime=261626 [ns] vruntime=2598091707 [ns]
<...>-154961  ( 154961) [002] d.... 27156.664582: sched_switch: prev_comm=kernelshark prev_pid=154961 prev_prio=120 prev_state=R ==> next_comm=rcu_sched next_pid=14 next_prio=120
rcu_sched-14      (     14) [002] d.... 27156.664594: sched_switch: prev_comm=rcu_sched prev_pid=14 prev_prio=120 prev_state=I ==> next_comm=kernelshark next_pid=154961 next_prio=120
<...>-154961  ( 154961) [002] d.... 27156.664792: softirq_raise: vec=3 [action=NET_RX]
<...>-154961  ( 154961) [002] ..s1. 27156.664801: softirq_entry: vec=3 [action=NET_RX]
<...>-154961  ( 154961) [002] d.s1. 27156.664816: sched_waking: comm=sshd pid=148212 prio=120 target_cpu=002
<...>-154961  ( 154961) [002] dNs1. 27156.664830: sched_wakeup: comm=sshd pid=148212 prio=120 target_cpu=002
<...>-154961  ( 154961) [002] .Ns1. 27156.664841: softirq_exit: vec=3 [action=NET_RX]
<...>-154961  ( 154961) [002] dN... 27156.664850: sched_stat_runtime: comm=kernelshark pid=154961 runtime=238245 [ns] vruntime=2598329952 [ns]
<...>-154961  ( 154961) [002] d.... 27156.664857: sched_switch: prev_comm=kernelshark prev_pid=154961 prev_prio=120 prev_state=R+ ==> next_comm=sshd next_pid=148212 next_prio=120
sshd-148212  ( 148212) [002] d.... 27156.665652: sched_switch: prev_comm=sshd prev_pid=148212 prev_prio=120 prev_state=S ==> next_comm=kernelshark next_pid=154961 next_prio=120
<...>-154961  ( 154961) [002] d.... 27156.665676: softirq_raise: vec=3 [action=NET_RX]
<...>-154961  ( 154961) [002] ..s1. 27156.665686: softirq_entry: vec=3 [action=NET_RX]
<...>-154961  ( 154961) [002] ..s1. 27156.665699: softirq_exit: vec=3 [action=NET_RX]
<...>-154961  ( 154961) [002] d.h.. 27156.665876: irq_handler_entry: irq=19 name=enp0s3
<...>-154961  ( 154961) [002] d.h.. 27156.666041: softirq_raise: vec=3 [action=NET_RX]
<...>-154961  ( 154961) [002] d.h.. 27156.666049: irq_handler_exit: irq=19 ret=handled
<...>-154961  ( 154961) [002] ..s.. 27156.666138: softirq_entry: vec=3 [action=NET_RX]
<...>-154961  ( 154961) [002] ..s.. 27156.666292: softirq_exit: vec=3 [action=NET_RX]
<...>-154961  ( 154961) [002] d.h.. 27156.666684: irq_handler_entry: irq=19 name=enp0s3
<...>-154961  ( 154961) [002] d.h.. 27156.666846: softirq_raise: vec=3 [action=NET_RX]
<...>-154961  ( 154961) [002] d.h.. 27156.666854: irq_handler_exit: irq=19 ret=handled
<...>-154961  ( 154961) [002] ..s.. 27156.666926: softirq_entry: vec=3 [action=NET_RX]
<...>-154961  ( 154961) [002] d.s.. 27156.667003: sched_waking: comm=sshd pid=148212 prio=120 target_cpu=002
<...>-154961  ( 154961) [002] dNs.. 27156.667020: sched_wakeup: comm=sshd pid=148212 prio=120 target_cpu=002
<...>-154961  ( 154961) [002] .Ns.. 27156.667133: softirq_exit: vec=3 [action=NET_RX]
<...>-154961  ( 154961) [002] dN... 27156.667145: sched_stat_runtime: comm=kernelshark pid=154961 runtime=1373107 [ns] vruntime=2599703059 [ns]
<...>-154961  ( 154961) [002] d.... 27156.667153: sched_switch: prev_comm=kernelshark prev_pid=154961 prev_prio=120 prev_state=R+ ==> next_comm=sshd next_pid=148212 next_prio=120
<idle>-0       (-------) [001] d.s.. 27156.669166: sched_migrate_task: comm=kernelshark pid=154961 prio=120 orig_cpu=2 dest_cpu=3
<idle>-0       (-------) [003] d.... 27156.669420: sched_switch: prev_comm=swapper/3 prev_pid=0 prev_prio=120 prev_state=R ==> next_comm=kernelshark next_pid=154961 next_prio=120
<...>-154961  ( 154961) [003] d.... 27156.669653: softirq_raise: vec=3 [action=NET_RX]
<...>-154961  ( 154961) [003] ..s1. 27156.669663: softirq_entry: vec=3 [action=NET_RX]
<...>-154961  ( 154961) [003] ..s1. 27156.669680: softirq_exit: vec=3 [action=NET_RX]
<...>-154961  ( 154961) [003] d.... 27156.669867: sched_stat_runtime: comm=kernelshark pid=154961 runtime=697552 [ns] vruntime=3724234856 [ns]
<...>-154961  ( 154961) [003] d.... 27156.669878: sched_switch: prev_comm=kernelshark prev_pid=154961 prev_prio=120 prev_state=S ==> next_comm=swapper/3 next_pid=0 next_prio=120
<...>-154962  ( 154961) [002] d.... 27156.800809: sched_waking: comm=kernelshark pid=154961 prio=120 target_cpu=003
<...>-154962  ( 154961) [002] d.... 27156.800857: sched_stat_runtime: comm=QXcbEventQueue pid=154962 runtime=76088 [ns] vruntime=2595656739 [ns]
<...>-154962  ( 154961) [002] d.... 27156.800865: sched_switch: prev_comm=QXcbEventQueue prev_pid=154962 prev_prio=120 prev_state=S ==> next_comm=swapper/2 next_pid=0 next_prio=120
<idle>-0       (-------) [003] dNh.. 27156.801047: sched_wakeup: comm=kernelshark pid=154961 prio=120 target_cpu=003
gnome-shell-1357    (   1357) [003] d.... 27156.801222: sched_switch: prev_comm=gnome-shell prev_pid=1357 prev_prio=120 prev_state=S ==> next_comm=kernelshark next_pid=154961 next_prio=120
<...>-154961  ( 154961) [003] d.... 27156.801542: sched_waking: comm=llvmpipe-0 pid=154970 prio=120 target_cpu=003
<...>-154961  ( 154961) [003] d.... 27156.801548: sched_stat_runtime: comm=kernelshark pid=154961 runtime=334443 [ns] vruntime=3724569299 [ns]
<...>-154961  ( 154961) [003] dN... 27156.801555: sched_wakeup: comm=llvmpipe-0 pid=154970 prio=120 target_cpu=003
<...>-154961  ( 154961) [003] d.... 27156.801561: sched_switch: prev_comm=kernelshark prev_pid=154961 prev_prio=120 prev_state=R ==> next_comm=llvmpipe-0 next_pid=154970 next_prio=120
<...>-154970  ( 154961) [003] d.... 27156.801570: sched_stat_runtime: comm=llvmpipe-0 pid=154970 runtime=22846 [ns] vruntime=3720581051 [ns]
<...>-154970  ( 154961) [003] d.... 27156.801576: sched_switch: prev_comm=llvmpipe-0 prev_pid=154970 prev_prio=120 prev_state=S ==> next_comm=kernelshark next_pid=154961 next_prio=120
<...>-154961  ( 154961) [003] d.... 27156.801581: sched_waking: comm=llvmpipe-0 pid=154970 prio=120 target_cpu=003
<...>-154961  ( 154961) [003] d.... 27156.801586: sched_stat_runtime: comm=kernelshark pid=154961 runtime=15700 [ns] vruntime=3724584999 [ns]
<...>-154961  ( 154961) [003] dN... 27156.801592: sched_wakeup: comm=llvmpipe-0 pid=154970 prio=120 target_cpu=003
<...>-154961  ( 154961) [003] d.... 27156.801597: sched_switch: prev_comm=kernelshark prev_pid=154961 prev_prio=120 prev_state=R ==> next_comm=llvmpipe-0 next_pid=154970 next_prio=120
<...>-154970  ( 154961) [003] d.... 27156.801606: sched_stat_runtime: comm=llvmpipe-0 pid=154970 runtime=20510 [ns] vruntime=3720601561 [ns]
<...>-154970  ( 154961) [003] d.... 27156.801613: sched_switch: prev_comm=llvmpipe-0 prev_pid=154970 prev_prio=120 prev_state=S ==> next_comm=kernelshark next_pid=154961 next_prio=120
<...>-154961  ( 154961) [003] d.... 27156.801619: sched_waking: comm=llvmpipe-1 pid=154971 prio=120 target_cpu=002
<...>-154961  ( 154961) [003] d.... 27156.801663: sched_waking: comm=llvmpipe-2 pid=154972 prio=120 target_cpu=000
<...>-154961  ( 154961) [003] d.... 27156.801705: sched_waking: comm=llvmpipe-3 pid=154973 prio=120 target_cpu=001
<...>-154961  ( 154961) [003] d.... 27156.801757: sched_stat_runtime: comm=kernelshark pid=154961 runtime=150977 [ns] vruntime=3724735976 [ns]
<...>-154961  ( 154961) [003] d.... 27156.801768: sched_switch: prev_comm=kernelshark prev_pid=154961 prev_prio=120 prev_state=S ==> next_comm=swapper/3 next_pid=0 next_prio=120
<...>-154972  ( 154961) [000] d.... 27156.801928: sched_stat_runtime: comm=llvmpipe-2 pid=154972 runtime=97025 [ns] vruntime=1316156804 [ns]
<...>-154972  ( 154961) [000] d.... 27156.801932: sched_switch: prev_comm=llvmpipe-2 prev_pid=154972 prev_prio=120 prev_state=S ==> next_comm=swapper/0 next_pid=0 next_prio=120
<...>-154973  ( 154961) [001] d.... 27156.802019: sched_stat_runtime: comm=llvmpipe-3 pid=154973 runtime=64504 [ns] vruntime=805259816 [ns]
<...>-154973  ( 154961) [001] d.... 27156.802027: sched_switch: prev_comm=llvmpipe-3 prev_pid=154973 prev_prio=120 prev_state=S ==> next_comm=swapper/1 next_pid=0 next_prio=120
<...>-154971  ( 154961) [002] d.... 27156.802056: sched_waking: comm=llvmpipe-0 pid=154970 prio=120 target_cpu=003
<...>-154971  ( 154961) [002] d.... 27156.802107: sched_waking: comm=llvmpipe-2 pid=154972 prio=120 target_cpu=000
<...>-154971  ( 154961) [002] d.... 27156.802147: sched_waking: comm=llvmpipe-3 pid=154973 prio=120 target_cpu=001
<...>-154970  ( 154961) [003] d.... 27156.803440: sched_stat_runtime: comm=llvmpipe-0 pid=154970 runtime=1171955 [ns] vruntime=3721773516 [ns]
<...>-154971  ( 154961) [002] d.... 27156.803442: sched_stat_runtime: comm=llvmpipe-1 pid=154971 runtime=1490236 [ns] vruntime=2592439807 [ns]
<...>-154972  ( 154961) [000] d.... 27156.803444: sched_stat_runtime: comm=llvmpipe-2 pid=154972 runtime=1034638 [ns] vruntime=1317191442 [ns]
<...>-154970  ( 154961) [003] d.... 27156.803450: sched_switch: prev_comm=llvmpipe-0 prev_pid=154970 prev_prio=120 prev_state=S ==> next_comm=swapper/3 next_pid=0 next_prio=120
<...>-154971  ( 154961) [002] d.... 27156.803451: sched_switch: prev_comm=llvmpipe-1 prev_pid=154971 prev_prio=120 prev_state=S ==> next_comm=swapper/2 next_pid=0 next_prio=120
<...>-154972  ( 154961) [000] d.... 27156.803453: sched_switch: prev_comm=llvmpipe-2 prev_pid=154972 prev_prio=120 prev_state=S ==> next_comm=swapper/0 next_pid=0 next_prio=120
<...>-154973  ( 154961) [001] d.... 27156.808376: sched_waking: comm=llvmpipe-0 pid=154970 prio=120 target_cpu=003
<...>-154973  ( 154961) [001] d.... 27156.808418: sched_waking: comm=llvmpipe-1 pid=154971 prio=120 target_cpu=002
<...>-154973  ( 154961) [001] d.... 27156.808466: sched_waking: comm=llvmpipe-2 pid=154972 prio=120 target_cpu=000
<...>-154973  ( 154961) [001] d.... 27156.808509: sched_stat_runtime: comm=llvmpipe-3 pid=154973 runtime=334837 [ns] vruntime=805594653 [ns]
<...>-154973  ( 154961) [001] d.... 27156.808517: sched_switch: prev_comm=llvmpipe-3 prev_pid=154973 prev_prio=120 prev_state=S ==> next_comm=swapper/1 next_pid=0 next_prio=120
<...>-154972  ( 154961) [000] d.... 27156.808672: sched_stat_runtime: comm=llvmpipe-2 pid=154972 runtime=36753 [ns] vruntime=1317228195 [ns]
<...>-154972  ( 154961) [000] d.... 27156.808678: sched_switch: prev_comm=llvmpipe-2 prev_pid=154972 prev_prio=120 prev_state=S ==> next_comm=swapper/0 next_pid=0 next_prio=120
<...>-154971  ( 154961) [002] d.... 27156.808728: sched_stat_runtime: comm=llvmpipe-1 pid=154971 runtime=100810 [ns] vruntime=2592540617 [ns]
<...>-154971  ( 154961) [002] d.... 27156.808735: sched_switch: prev_comm=llvmpipe-1 prev_pid=154971 prev_prio=120 prev_state=S ==> next_comm=swapper/2 next_pid=0 next_prio=120
<...>-154970  ( 154961) [003] d.... 27156.808841: sched_waking: comm=kernelshark pid=154961 prio=120 target_cpu=003
<...>-154970  ( 154961) [003] d.... 27156.808847: sched_stat_runtime: comm=llvmpipe-0 pid=154970 runtime=246445 [ns] vruntime=3722019961 [ns]
<...>-154970  ( 154961) [003] d.... 27156.808854: sched_wakeup: comm=kernelshark pid=154961 prio=120 target_cpu=003
<...>-154970  ( 154961) [003] d.... 27156.808861: sched_stat_runtime: comm=llvmpipe-0 pid=154970 runtime=14676 [ns] vruntime=3722034637 [ns]
<...>-154970  ( 154961) [003] d.... 27156.808868: sched_switch: prev_comm=llvmpipe-0 prev_pid=154970 prev_prio=120 prev_state=S ==> next_comm=kernelshark next_pid=154961 next_prio=120
<...>-154961  ( 154961) [003] d.... 27156.809026: softirq_raise: vec=3 [action=NET_RX]
<...>-154961  ( 154961) [003] ..s1. 27156.809034: softirq_entry: vec=3 [action=NET_RX]
<...>-154961  ( 154961) [003] d.s1. 27156.809050: sched_waking: comm=sshd pid=148212 prio=120 target_cpu=002
<...>-154961  ( 154961) [003] ..s1. 27156.809218: softirq_exit: vec=3 [action=NET_RX]
<...>-154961  ( 154961) [003] d.... 27156.809243: softirq_raise: vec=3 [action=NET_RX]
<...>-154961  ( 154961) [003] ..s1. 27156.809251: softirq_entry: vec=3 [action=NET_RX]
<...>-154961  ( 154961) [003] ..s1. 27156.809265: softirq_exit: vec=3 [action=NET_RX]
<...>-154961  ( 154961) [003] d.... 27156.809289: softirq_raise: vec=3 [action=NET_RX]
<...>-154961  ( 154961) [003] ..s1. 27156.809297: softirq_entry: vec=3 [action=NET_RX]
<...>-154961  ( 154961) [003] ..s1. 27156.809305: softirq_exit: vec=3 [action=NET_RX]
<...>-154961  ( 154961) [003] d.... 27156.809330: softirq_raise: vec=3 [action=NET_RX]
<...>-154961  ( 154961) [003] ..s1. 27156.809338: softirq_entry: vec=3 [action=NET_RX]
<...>-154961  ( 154961) [003] ..s1. 27156.809345: softirq_exit: vec=3 [action=NET_RX]
<...>-154961  ( 154961) [003] d.... 27156.809384: softirq_raise: vec=3 [action=NET_RX]
<...>-154961  ( 154961) [003] ..s1. 27156.809392: softirq_entry: vec=3 [action=NET_RX]
<...>-154961  ( 154961) [003] ..s1. 27156.809401: softirq_exit: vec=3 [action=NET_RX]
<...>-154961  ( 154961) [003] d.... 27156.809423: softirq_raise: vec=3 [action=NET_RX]
<...>-154961  ( 154961) [003] ..s1. 27156.809431: softirq_entry: vec=3 [action=NET_RX]
<...>-154961  ( 154961) [003] ..s1. 27156.809439: softirq_exit: vec=3 [action=NET_RX]
<...>-154961  ( 154961) [003] d.... 27156.809462: softirq_raise: vec=3 [action=NET_RX]
<...>-154961  ( 154961) [003] ..s1. 27156.809470: softirq_entry: vec=3 [action=NET_RX]
<...>-154961  ( 154961) [003] ..s1. 27156.809477: softirq_exit: vec=3 [action=NET_RX]
<...>-154961  ( 154961) [003] d.... 27156.809501: softirq_raise: vec=3 [action=NET_RX]
<...>-154961  ( 154961) [003] ..s1. 27156.809509: softirq_entry: vec=3 [action=NET_RX]
<...>-154961  ( 154961) [003] ..s1. 27156.809518: softirq_exit: vec=3 [action=NET_RX]
<...>-154961  ( 154961) [003] d.... 27156.809550: softirq_raise: vec=3 [action=NET_RX]
<...>-154961  ( 154961) [003] ..s1. 27156.809567: softirq_entry: vec=3 [action=NET_RX]
<...>-154961  ( 154961) [003] ..s1. 27156.809576: softirq_exit: vec=3 [action=NET_RX]
<...>-154961  ( 154961) [003] d.... 27156.809600: softirq_raise: vec=3 [action=NET_RX]
<...>-154961  ( 154961) [003] ..s1. 27156.809608: softirq_entry: vec=3 [action=NET_RX]
<...>-154961  ( 154961) [003] ..s1. 27156.809617: softirq_exit: vec=3 [action=NET_RX]
<...>-154961  ( 154961) [003] d.... 27156.809641: softirq_raise: vec=3 [action=NET_RX]
<...>-154961  ( 154961) [003] ..s1. 27156.809648: softirq_entry: vec=3 [action=NET_RX]
<...>-154961  ( 154961) [003] ..s1. 27156.809657: softirq_exit: vec=3 [action=NET_RX]
<...>-154961  ( 154961) [003] d.... 27156.809701: softirq_raise: vec=3 [action=NET_RX]
<...>-154961  ( 154961) [003] ..s1. 27156.809709: softirq_entry: vec=3 [action=NET_RX]
<...>-154961  ( 154961) [003] ..s1. 27156.809717: softirq_exit: vec=3 [action=NET_RX]
<...>-154961  ( 154961) [003] d.... 27156.809749: softirq_raise: vec=3 [action=NET_RX]
<...>-154961  ( 154961) [003] ..s1. 27156.809757: softirq_entry: vec=3 [action=NET_RX]
<...>-154961  ( 154961) [003] ..s1. 27156.809766: softirq_exit: vec=3 [action=NET_RX]
<...>-154961  ( 154961) [003] d.... 27156.809790: softirq_raise: vec=3 [action=NET_RX]
<...>-154961  ( 154961) [003] ..s1. 27156.809798: softirq_entry: vec=3 [action=NET_RX]
<...>-154961  ( 154961) [003] ..s1. 27156.809807: softirq_exit: vec=3 [action=NET_RX]
<...>-154961  ( 154961) [003] d.... 27156.809831: softirq_raise: vec=3 [action=NET_RX]
<...>-154961  ( 154961) [003] ..s1. 27156.809839: softirq_entry: vec=3 [action=NET_RX]
<...>-154961  ( 154961) [003] ..s1. 27156.809847: softirq_exit: vec=3 [action=NET_RX]
<...>-154961  ( 154961) [003] d.... 27156.809868: softirq_raise: vec=3 [action=NET_RX]
<...>-154961  ( 154961) [003] ..s1. 27156.809876: softirq_entry: vec=3 [action=NET_RX]
<...>-154961  ( 154961) [003] ..s1. 27156.809885: softirq_exit: vec=3 [action=NET_RX]
<...>-154961  ( 154961) [003] d.... 27156.809907: softirq_raise: vec=3 [action=NET_RX]
<...>-154961  ( 154961) [003] ..s1. 27156.809915: softirq_entry: vec=3 [action=NET_RX]
<...>-154961  ( 154961) [003] ..s1. 27156.809924: softirq_exit: vec=3 [action=NET_RX]
<...>-154961  ( 154961) [003] d.... 27156.810173: softirq_raise: vec=3 [action=NET_RX]
<...>-154961  ( 154961) [003] ..s1. 27156.810182: softirq_entry: vec=3 [action=NET_RX]
<...>-154961  ( 154961) [003] ..s1. 27156.810191: softirq_exit: vec=3 [action=NET_RX]
<...>-154961  ( 154961) [003] d.... 27156.810203: sched_stat_runtime: comm=kernelshark pid=154961 runtime=1341542 [ns] vruntime=3726077518 [ns]
<...>-154961  ( 154961) [003] d.... 27156.810216: sched_switch: prev_comm=kernelshark prev_pid=154961 prev_prio=120 prev_state=S ==> next_comm=swapper/3 next_pid=0 next_prio=120
<...>-154962  ( 154961) [002] d.... 27156.897890: sched_waking: comm=kernelshark pid=154961 prio=120 target_cpu=003
<...>-154962  ( 154961) [002] d.... 27156.898056: sched_stat_runtime: comm=QXcbEventQueue pid=154962 runtime=220400 [ns] vruntime=2595877139 [ns]
<...>-154962  ( 154961) [002] d.... 27156.898067: sched_switch: prev_comm=QXcbEventQueue prev_pid=154962 prev_prio=120 prev_state=S ==> next_comm=sshd next_pid=148212 next_prio=120
<idle>-0       (-------) [003] dNh.. 27156.898085: sched_wakeup: comm=kernelshark pid=154961 prio=120 target_cpu=003
<idle>-0       (-------) [003] d.... 27156.898133: sched_switch: prev_comm=swapper/3 prev_pid=0 prev_prio=120 prev_state=R ==> next_comm=kernelshark next_pid=154961 next_prio=120
<...>-154961  ( 154961) [003] d.... 27156.898162: softirq_raise: vec=3 [action=NET_RX]
<...>-154961  ( 154961) [003] ..s1. 27156.898170: softirq_entry: vec=3 [action=NET_RX]
<...>-154961  ( 154961) [003] d.s1. 27156.898184: sched_waking: comm=sshd pid=148212 prio=120 target_cpu=002
<...>-154961  ( 154961) [003] ..s1. 27156.898233: softirq_exit: vec=3 [action=NET_RX]
<...>-154961  ( 154961) [003] d.... 27156.898246: sched_stat_runtime: comm=kernelshark pid=154961 runtime=165731 [ns] vruntime=3726243249 [ns]
<...>-154961  ( 154961) [003] d.... 27156.898253: sched_switch: prev_comm=kernelshark prev_pid=154961 prev_prio=120 prev_state=S ==> next_comm=swapper/3 next_pid=0 next_prio=120
<...>-154962  ( 154961) [002] d.... 27156.899512: sched_waking: comm=kernelshark pid=154961 prio=120 target_cpu=003
<...>-154962  ( 154961) [002] d.... 27156.899556: sched_stat_runtime: comm=QXcbEventQueue pid=154962 runtime=83837 [ns] vruntime=2595960976 [ns]
<...>-154962  ( 154961) [002] d.... 27156.899564: sched_switch: prev_comm=QXcbEventQueue prev_pid=154962 prev_prio=120 prev_state=S ==> next_comm=sshd next_pid=148212 next_prio=120
<idle>-0       (-------) [003] dNh.. 27156.899795: sched_wakeup: comm=kernelshark pid=154961 prio=120 target_cpu=003
<idle>-0       (-------) [003] d.... 27156.899841: sched_switch: prev_comm=swapper/3 prev_pid=0 prev_prio=120 prev_state=R ==> next_comm=kernelshark next_pid=154961 next_prio=120
<...>-154961  ( 154961) [003] d.... 27156.899863: softirq_raise: vec=3 [action=NET_RX]
<...>-154961  ( 154961) [003] ..s1. 27156.899871: softirq_entry: vec=3 [action=NET_RX]
<...>-154961  ( 154961) [003] d.s1. 27156.899883: sched_waking: comm=sshd pid=148212 prio=120 target_cpu=002
<...>-154961  ( 154961) [003] d.H1. 27156.900117: softirq_raise: vec=9 [action=RCU]
<...>-154961  ( 154961) [003] d.H1. 27156.900129: sched_stat_runtime: comm=kernelshark pid=154961 runtime=336342 [ns] vruntime=3726579591 [ns]
<...>-154961  ( 154961) [003] d.H1. 27156.900141: softirq_raise: vec=7 [action=SCHED]
<...>-154961  ( 154961) [003] ..s1. 27156.900196: softirq_exit: vec=3 [action=NET_RX]
<...>-154961  ( 154961) [003] d.s1. 27156.900203: sched_waking: comm=ksoftirqd/3 pid=34 prio=120 target_cpu=003
<...>-154961  ( 154961) [003] dNs1. 27156.900212: sched_wakeup: comm=ksoftirqd/3 pid=34 prio=120 target_cpu=003
<...>-154961  ( 154961) [003] dN... 27156.900222: sched_stat_runtime: comm=kernelshark pid=154961 runtime=81434 [ns] vruntime=3726661025 [ns]
<...>-154961  ( 154961) [003] d.... 27156.900229: sched_switch: prev_comm=kernelshark prev_pid=154961 prev_prio=120 prev_state=R ==> next_comm=ksoftirqd/3 next_pid=34 next_prio=120
ksoftirqd/3-34      (     34) [003] d.... 27156.900254: sched_switch: prev_comm=ksoftirqd/3 prev_pid=34 prev_prio=120 prev_state=S ==> next_comm=kernelshark next_pid=154961 next_prio=120
<...>-154961  ( 154961) [003] d.... 27156.900261: sched_stat_runtime: comm=kernelshark pid=154961 runtime=12966 [ns] vruntime=3726673991 [ns]
<...>-154961  ( 154961) [003] d.... 27156.900270: sched_switch: prev_comm=kernelshark prev_pid=154961 prev_prio=120 prev_state=S ==> next_comm=swapper/3 next_pid=0 next_prio=120
<...>-154962  ( 154961) [002] d.... 27156.902020: sched_waking: comm=kernelshark pid=154961 prio=120 target_cpu=003
<...>-154962  ( 154961) [002] d.... 27156.902025: sched_wake_idle_without_ipi: cpu=3
<...>-154962  ( 154961) [002] d.... 27156.902032: sched_stat_runtime: comm=QXcbEventQueue pid=154962 runtime=53844 [ns] vruntime=2596014820 [ns]
<...>-154962  ( 154961) [002] d.... 27156.902040: sched_switch: prev_comm=QXcbEventQueue prev_pid=154962 prev_prio=120 prev_state=S ==> next_comm=sshd next_pid=148212 next_prio=120
<idle>-0       (-------) [003] dN... 27156.902068: sched_wakeup: comm=kernelshark pid=154961 prio=120 target_cpu=003
gnome-shell-1357    (   1357) [003] d.... 27156.902170: sched_switch: prev_comm=gnome-shell prev_pid=1357 prev_prio=120 prev_state=S ==> next_comm=kernelshark next_pid=154961 next_prio=120
<...>-154961  ( 154961) [003] d.... 27156.903106: softirq_raise: vec=3 [action=NET_RX]
<...>-154961  ( 154961) [003] ..s1. 27156.903114: softirq_entry: vec=3 [action=NET_RX]
<...>-154961  ( 154961) [003] d.s1. 27156.903127: sched_waking: comm=sshd pid=148212 prio=120 target_cpu=002
<...>-154961  ( 154961) [003] ..s1. 27156.903176: softirq_exit: vec=3 [action=NET_RX]
<...>-154961  ( 154961) [003] d.... 27156.903194: softirq_raise: vec=3 [action=NET_RX]
<...>-154961  ( 154961) [003] ..s1. 27156.903202: softirq_entry: vec=3 [action=NET_RX]
<...>-154961  ( 154961) [003] ..s1. 27156.903215: softirq_exit: vec=3 [action=NET_RX]
<...>-154961  ( 154961) [003] d.... 27156.903253: softirq_raise: vec=3 [action=NET_RX]
<...>-154961  ( 154961) [003] ..s1. 27156.903261: softirq_entry: vec=3 [action=NET_RX]
<...>-154961  ( 154961) [003] ..s1. 27156.903270: softirq_exit: vec=3 [action=NET_RX]
<...>-154961  ( 154961) [003] d.... 27156.903303: softirq_raise: vec=3 [action=NET_RX]
<...>-154961  ( 154961) [003] ..s1. 27156.903311: softirq_entry: vec=3 [action=NET_RX]
<...>-154961  ( 154961) [003] ..s1. 27156.903320: softirq_exit: vec=3 [action=NET_RX]
<...>-154961  ( 154961) [003] d.h.. 27156.904045: sched_stat_runtime: comm=kernelshark pid=154961 runtime=1884045 [ns] vruntime=3728558036 [ns]
<...>-154961  ( 154961) [003] d.h.. 27156.904052: softirq_raise: vec=7 [action=SCHED]
<...>-154961  ( 154961) [003] ..s.. 27156.904257: softirq_entry: vec=7 [action=SCHED]
<...>-154961  ( 154961) [003] ..s.. 27156.904263: softirq_exit: vec=7 [action=SCHED]
<...>-154961  ( 154961) [003] d.... 27156.906713: sched_stat_runtime: comm=kernelshark pid=154961 runtime=2667276 [ns] vruntime=3731225312 [ns]
<...>-154961  ( 154961) [003] ..... 27156.906840: sched_process_fork: comm=kernelshark pid=154961 child_comm=kernelshark child_pid=154979
<...>-154961  ( 154961) [003] d.... 27156.906854: sched_wakeup_new: comm=kernelshark pid=154979 prio=120 target_cpu=001
<...>-154961  ( 154961) [003] d.... 27156.907234: softirq_raise: vec=3 [action=NET_RX]
<...>-154961  ( 154961) [003] ..s1. 27156.907243: softirq_entry: vec=3 [action=NET_RX]
<...>-154961  ( 154961) [003] ..s1. 27156.907256: softirq_exit: vec=3 [action=NET_RX]
<...>-154961  ( 154961) [003] d.... 27156.907276: softirq_raise: vec=3 [action=NET_RX]
<...>-154961  ( 154961) [003] ..s1. 27156.907284: softirq_entry: vec=3 [action=NET_RX]
<...>-154961  ( 154961) [003] ..s1. 27156.907293: softirq_exit: vec=3 [action=NET_RX]
<...>-154979  ( 154961) [001] d.... 27156.907411: sched_waking: comm=kworker/u8:1 pid=153240 prio=120 target_cpu=000
<...>-154961  ( 154961) [003] d.... 27156.907610: softirq_raise: vec=3 [action=NET_RX]
<...>-154961  ( 154961) [003] ..s1. 27156.907618: softirq_entry: vec=3 [action=NET_RX]
<...>-154961  ( 154961) [003] ..s1. 27156.907628: softirq_exit: vec=3 [action=NET_RX]
<...>-154979  ( 154961) [001] d.h.. 27156.908154: softirq_raise: vec=9 [action=RCU]
<...>-154979  ( 154961) [001] d.h.. 27156.908163: sched_stat_runtime: comm=kernelshark pid=154979 runtime=1314740 [ns] vruntime=821196201 [ns]
<...>-154979  ( 154961) [001] d.h.. 27156.908171: softirq_raise: vec=7 [action=SCHED]
<...>-154979  ( 154961) [001] ..s.. 27156.908217: softirq_entry: vec=7 [action=SCHED]
<...>-154979  ( 154961) [001] ..s.. 27156.908227: softirq_exit: vec=7 [action=SCHED]
<...>-154961  ( 154961) [003] d.h.. 27156.908229: sched_stat_runtime: comm=kernelshark pid=154961 runtime=1516070 [ns] vruntime=3732741382 [ns]
<...>-154979  ( 154961) [001] ..s.. 27156.908232: softirq_entry: vec=9 [action=RCU]
<...>-154979  ( 154961) [001] ..s.. 27156.908239: softirq_exit: vec=9 [action=RCU]
<...>-154979  ( 154961) [001] d.... 27156.909043: sched_stat_runtime: comm=kernelshark pid=154979 runtime=880219 [ns] vruntime=822076420 [ns]
<...>-154979  ( 154961) [001] d.... 27156.909053: sched_switch: prev_comm=kernelshark prev_pid=154979 prev_prio=120 prev_state=D ==> next_comm=swapper/1 next_pid=0 next_prio=120
<...>-154961  ( 154961) [003] d.... 27156.909068: sched_waking: comm=kernelshark pid=154979 prio=120 target_cpu=001
<...>-154961  ( 154961) [003] d.... 27156.909074: sched_wake_idle_without_ipi: cpu=1
<...>-154961  ( 154961) [003] d.... 27156.909573: sched_stat_runtime: comm=kernelshark pid=154961 runtime=1344454 [ns] vruntime=3734085836 [ns]
<...>-154961  ( 154961) [003] d.... 27156.909582: sched_switch: prev_comm=kernelshark prev_pid=154961 prev_prio=120 prev_state=D ==> next_comm=swapper/3 next_pid=0 next_prio=120
<...>-154979  ( 154961) [001] d.... 27156.909830: sched_waking: comm=kernelshark pid=154961 prio=120 target_cpu=003
<...>-154979  ( 154961) [001] d.... 27156.909949: sched_stat_runtime: comm=kernelshark pid=154979 runtime=803989 [ns] vruntime=822880409 [ns]
<...>-154979  ( 154961) [001] d.... 27156.909958: sched_switch: prev_comm=kernelshark prev_pid=154979 prev_prio=120 prev_state=D ==> next_comm=swapper/1 next_pid=0 next_prio=120
<idle>-0       (-------) [003] dNh.. 27156.910021: sched_wakeup: comm=kernelshark pid=154961 prio=120 target_cpu=003
<idle>-0       (-------) [003] d.... 27156.910099: sched_switch: prev_comm=swapper/3 prev_pid=0 prev_prio=120 prev_state=R ==> next_comm=kernelshark next_pid=154961 next_prio=120
<...>-154961  ( 154961) [003] d.... 27156.910105: sched_waking: comm=kernelshark pid=154979 prio=120 target_cpu=001
<...>-154961  ( 154961) [003] d.... 27156.910325: sched_stat_runtime: comm=kernelshark pid=154961 runtime=306662 [ns] vruntime=3734392498 [ns]
<...>-154979  ( 154961) [001] d.... 27156.910327: sched_waking: comm=kernelshark pid=154961 prio=120 target_cpu=003
<...>-154961  ( 154961) [003] d.... 27156.910333: sched_switch: prev_comm=kernelshark prev_pid=154961 prev_prio=120 prev_state=R ==> next_comm=swapper/3 next_pid=0 next_prio=120
<...>-154979  ( 154961) [001] d.... 27156.910397: sched_stat_runtime: comm=kernelshark pid=154979 runtime=114985 [ns] vruntime=822995394 [ns]
<...>-154979  ( 154961) [001] d.... 27156.910402: sched_switch: prev_comm=kernelshark prev_pid=154979 prev_prio=120 prev_state=D ==> next_comm=swapper/1 next_pid=0 next_prio=120
<idle>-0       (-------) [003] dNh.. 27156.910445: sched_wakeup: comm=kernelshark pid=154961 prio=120 target_cpu=003
<idle>-0       (-------) [003] d.... 27156.910535: sched_switch: prev_comm=swapper/3 prev_pid=0 prev_prio=120 prev_state=R ==> next_comm=kernelshark next_pid=154961 next_prio=120
<...>-154961  ( 154961) [003] d.... 27156.910541: sched_waking: comm=kernelshark pid=154979 prio=120 target_cpu=001
<...>-154979  ( 154961) [001] d.... 27156.910757: sched_stat_runtime: comm=kernelshark pid=154979 runtime=40402 [ns] vruntime=823035796 [ns]
<...>-154961  ( 154961) [003] d.... 27156.910758: sched_waking: comm=kernelshark pid=154979 prio=120 target_cpu=001
<...>-154979  ( 154961) [001] d.... 27156.910760: sched_switch: prev_comm=kernelshark prev_pid=154979 prev_prio=120 prev_state=D ==> next_comm=swapper/1 next_pid=0 next_prio=120
<...>-154961  ( 154961) [003] d.... 27156.910884: sched_stat_runtime: comm=kernelshark pid=154961 runtime=441351 [ns] vruntime=3734833849 [ns]
<...>-154979  ( 154961) [001] d.... 27156.910888: sched_waking: comm=kernelshark pid=154961 prio=120 target_cpu=003
<...>-154961  ( 154961) [003] d.... 27156.910891: sched_switch: prev_comm=kernelshark prev_pid=154961 prev_prio=120 prev_state=R ==> next_comm=swapper/3 next_pid=0 next_prio=120
