<...>-154979  ( 154961) [001] d.... 27156.910933: sched_stat_runtime: comm=kernelshark pid=154979 runtime=84009 [ns] vruntime=823119805 [ns]
<...>-154979  ( 154961) [001] d.... 27156.910936: sched_switch: prev_comm=kernelshark prev_pid=154979 prev_prio=120 prev_state=D ==> next_comm=swapper/1 next_pid=0 next_prio=120
<idle>-0       (-------) [003] dNh.. 27156.910991: sched_wakeup: comm=kernelshark pid=154961 prio=120 target_cpu=003
<idle>-0       (-------) [003] d.... 27156.911078: sched_switch: prev_comm=swapper/3 prev_pid=0 prev_prio=120 prev_state=R ==> next_comm=kernelshark next_pid=154961 next_prio=120
<...>-154961  ( 154961) [003] d.... 27156.911086: sched_waking: comm=kernelshark pid=154979 prio=120 target_cpu=001
<...>-154979  ( 154961) [001] d.... 27156.911279: sched_stat_runtime: comm=kernelshark pid=154979 runtime=36095 [ns] vruntime=823155900 [ns]
<...>-154961  ( 154961) [003] d.... 27156.911281: sched_waking: comm=kernelshark pid=154979 prio=120 target_cpu=001
<...>-154979  ( 154961) [001] d.... 27156.911282: sched_switch: prev_comm=kernelshark prev_pid=154979 prev_prio=120 prev_state=D ==> next_comm=swapper/1 next_pid=0 next_prio=120
<...>-154961  ( 154961) [003] d.... 27156.911285: sched_wake_idle_without_ipi: cpu=1
<...>-154979  ( 154961) [001] d.... 27156.911346: sched_stat_runtime: comm=kernelshark pid=154979 runtime=4033 [ns] vruntime=823159933 [ns]
<...>-154979  ( 154961) [001] d.... 27156.911349: sched_switch: prev_comm=kernelshark prev_pid=154979 prev_prio=120 prev_state=D ==> next_comm=swapper/1 next_pid=0 next_prio=120
<...>-154961  ( 154961) [003] d.... 27156.911350: sched_waking: comm=kernelshark pid=154979 prio=120 target_cpu=001
<...>-154961  ( 154961) [003] d.... 27156.911353: sched_wake_idle_without_ipi: cpu=1
<...>-154979  ( 154961) [001] d.... 27156.911412: sched_stat_runtime: comm=kernelshark pid=154979 runtime=3742 [ns] vruntime=823163675 [ns]
<...>-154979  ( 154961) [001] d.... 27156.911415: sched_switch: prev_comm=kernelshark prev_pid=154979 prev_prio=120 prev_state=D ==> next_comm=swapper/1 next_pid=0 next_prio=120
<...>-154961  ( 154961) [003] d.... 27156.911416: sched_waking: comm=kernelshark pid=154979 prio=120 target_cpu=001
<...>-154961  ( 154961) [003] d.... 27156.911419: sched_wake_idle_without_ipi: cpu=1
<...>-154979  ( 154961) [001] d.h.. 27156.912165: sched_stat_runtime: comm=kernelshark pid=154979 runtime=690431 [ns] vruntime=823854106 [ns]
<...>-154961  ( 154961) [003] d.h.. 27156.912223: sched_stat_runtime: comm=kernelshark pid=154961 runtime=1234055 [ns] vruntime=3736067904 [ns]
<...>-154961  ( 154961) [003] d.h.. 27156.912229: softirq_raise: vec=7 [action=SCHED]
<...>-154961  ( 154961) [003] ..s.. 27156.912271: softirq_entry: vec=7 [action=SCHED]
<...>-154961  ( 154961) [003] ..s.. 27156.912276: softirq_exit: vec=7 [action=SCHED]
<...>-154961  ( 154961) [003] d.h.. 27156.916203: sched_stat_runtime: comm=kernelshark pid=154961 runtime=3975787 [ns] vruntime=3740043691 [ns]
<...>-154979  ( 154961) [001] d.h.. 27156.916208: sched_stat_runtime: comm=kernelshark pid=154979 runtime=4040601 [ns] vruntime=827894707 [ns]
<...>-154979  ( 154961) [001] d.h.. 27156.916229: softirq_raise: vec=7 [action=SCHED]
<...>-154979  ( 154961) [001] ..s.. 27156.916304: softirq_entry: vec=7 [action=SCHED]
<...>-154979  ( 154961) [001] ..s.. 27156.916317: softirq_exit: vec=7 [action=SCHED]
<...>-154961  ( 154961) [003] d.h.. 27156.920071: sched_stat_runtime: comm=kernelshark pid=154961 runtime=3870679 [ns] vruntime=3743914370 [ns]
<...>-154979  ( 154961) [001] d.h.. 27156.920101: softirq_raise: vec=9 [action=RCU]
<...>-154979  ( 154961) [001] d.h.. 27156.920110: sched_stat_runtime: comm=kernelshark pid=154979 runtime=3904756 [ns] vruntime=831799463 [ns]
<...>-154979  ( 154961) [001] ..s.. 27156.920158: softirq_entry: vec=9 [action=RCU]
<...>-154979  ( 154961) [001] d.s.. 27156.920165: sched_waking: comm=rcu_sched pid=14 prio=120 target_cpu=002
<...>-154979  ( 154961) [001] ..s.. 27156.920215: softirq_exit: vec=9 [action=RCU]
<...>-154961  ( 154961) [003] d.... 27156.922190: sched_waking: comm=llvmpipe-0 pid=154970 prio=120 target_cpu=003
<...>-154961  ( 154961) [003] d.... 27156.922202: sched_stat_runtime: comm=kernelshark pid=154961 runtime=2129095 [ns] vruntime=3746043465 [ns]
<...>-154961  ( 154961) [003] dN... 27156.922212: sched_wakeup: comm=llvmpipe-0 pid=154970 prio=120 target_cpu=003
<...>-154961  ( 154961) [003] d.... 27156.922220: sched_switch: prev_comm=kernelshark prev_pid=154961 prev_prio=120 prev_state=R ==> next_comm=llvmpipe-0 next_pid=154970 next_prio=120
<...>-154970  ( 154961) [003] d.... 27156.922231: sched_stat_runtime: comm=llvmpipe-0 pid=154970 runtime=32231 [ns] vruntime=3737075696 [ns]
<...>-154970  ( 154961) [003] d.... 27156.922238: sched_switch: prev_comm=llvmpipe-0 prev_pid=154970 prev_prio=120 prev_state=S ==> next_comm=kernelshark next_pid=154961 next_prio=120
<...>-154961  ( 154961) [003] d.... 27156.922244: sched_waking: comm=llvmpipe-0 pid=154970 prio=120 target_cpu=003
<...>-154961  ( 154961) [003] d.... 27156.922249: sched_stat_runtime: comm=kernelshark pid=154961 runtime=17071 [ns] vruntime=3746060536 [ns]
<...>-154961  ( 154961) [003] dN... 27156.922255: sched_wakeup: comm=llvmpipe-0 pid=154970 prio=120 target_cpu=003
<...>-154961  ( 154961) [003] d.... 27156.922261: sched_switch: prev_comm=kernelshark prev_pid=154961 prev_prio=120 prev_state=R ==> next_comm=llvmpipe-0 next_pid=154970 next_prio=120
<...>-154970  ( 154961) [003] d.... 27156.922270: sched_stat_runtime: comm=llvmpipe-0 pid=154970 runtime=21784 [ns] vruntime=3737097480 [ns]
<...>-154970  ( 154961) [003] d.... 27156.922277: sched_switch: prev_comm=llvmpipe-0 prev_pid=154970 prev_prio=120 prev_state=S ==> next_comm=kernelshark next_pid=154961 next_prio=120
<...>-154961  ( 154961) [003] d.... 27156.922284: sched_waking: comm=llvmpipe-1 pid=154971 prio=120 target_cpu=002
<...>-154961  ( 154961) [003] d.... 27156.922474: sched_waking: comm=llvmpipe-2 pid=154972 prio=120 target_cpu=000
<...>-154961  ( 154961) [003] d.... 27156.922529: sched_waking: comm=llvmpipe-3 pid=154973 prio=120 target_cpu=001
<...>-154961  ( 154961) [003] d.... 27156.922585: sched_stat_runtime: comm=kernelshark pid=154961 runtime=314560 [ns] vruntime=3746375096 [ns]
<...>-154961  ( 154961) [003] d.... 27156.922601: sched_switch: prev_comm=kernelshark prev_pid=154961 prev_prio=120 prev_state=S ==> next_comm=swapper/3 next_pid=0 next_prio=120
<...>-154971  ( 154961) [002] d.... 27156.922624: sched_stat_runtime: comm=llvmpipe-1 pid=154971 runtime=124086 [ns] vruntime=2592664703 [ns]
<...>-154971  ( 154961) [002] d.... 27156.922633: sched_switch: prev_comm=llvmpipe-1 prev_pid=154971 prev_prio=120 prev_state=S ==> next_comm=swapper/2 next_pid=0 next_prio=120
<...>-154972  ( 154961) [000] d.... 27156.922695: sched_stat_runtime: comm=llvmpipe-2 pid=154972 runtime=23885 [ns] vruntime=1317252080 [ns]
<...>-154972  ( 154961) [000] d.... 27156.922701: sched_switch: prev_comm=llvmpipe-2 prev_pid=154972 prev_prio=120 prev_state=S ==> next_comm=swapper/0 next_pid=0 next_prio=120
<...>-154979  ( 154961) [001] d.h.. 27156.922740: sched_stat_runtime: comm=kernelshark pid=154979 runtime=2626642 [ns] vruntime=834426105 [ns]
<...>-154979  ( 154961) [001] dNh.. 27156.922749: sched_wakeup: comm=llvmpipe-3 pid=154973 prio=120 target_cpu=001
<...>-154979  ( 154961) [001] d.... 27156.922757: sched_switch: prev_comm=kernelshark prev_pid=154979 prev_prio=120 prev_state=R ==> next_comm=llvmpipe-3 next_pid=154973 next_prio=120
<...>-154973  ( 154961) [001] d.... 27156.922770: sched_waking: comm=llvmpipe-0 pid=154970 prio=120 target_cpu=003
<...>-154973  ( 154961) [001] d.... 27156.922819: sched_waking: comm=llvmpipe-1 pid=154971 prio=120 target_cpu=002
<...>-154973  ( 154961) [001] d.... 27156.922868: sched_waking: comm=llvmpipe-2 pid=154972 prio=120 target_cpu=000
<...>-154970  ( 154961) [003] d.... 27156.922980: sched_stat_runtime: comm=llvmpipe-0 pid=154970 runtime=23626 [ns] vruntime=3737398722 [ns]
<...>-154973  ( 154961) [001] d.... 27156.922982: sched_stat_runtime: comm=llvmpipe-3 pid=154973 runtime=244526 [ns] vruntime=825670631 [ns]
<...>-154973  ( 154961) [001] d.... 27156.922992: sched_switch: prev_comm=llvmpipe-3 prev_pid=154973 prev_prio=120 prev_state=S ==> next_comm=kernelshark next_pid=154979 next_prio=120
<...>-154970  ( 154961) [003] d.... 27156.922993: sched_switch: prev_comm=llvmpipe-0 prev_pid=154970 prev_prio=120 prev_state=S ==> next_comm=swapper/3 next_pid=0 next_prio=120
<...>-154972  ( 154961) [000] d.... 27156.923118: sched_stat_runtime: comm=llvmpipe-2 pid=154972 runtime=21746 [ns] vruntime=1317273826 [ns]
<...>-154972  ( 154961) [000] d.... 27156.923125: sched_switch: prev_comm=llvmpipe-2 prev_pid=154972 prev_prio=120 prev_state=S ==> next_comm=swapper/0 next_pid=0 next_prio=120
<...>-154971  ( 154961) [002] d.... 27156.923134: sched_waking: comm=llvmpipe-0 pid=154970 prio=120 target_cpu=003
<...>-154971  ( 154961) [002] d.... 27156.923184: sched_waking: comm=llvmpipe-3 pid=154973 prio=120 target_cpu=001
<...>-154971  ( 154961) [002] d.... 27156.923230: sched_waking: comm=llvmpipe-2 pid=154972 prio=120 target_cpu=000
<...>-154971  ( 154961) [002] d.... 27156.923275: sched_stat_runtime: comm=llvmpipe-1 pid=154971 runtime=247499 [ns] vruntime=2592912202 [ns]
<...>-154971  ( 154961) [002] d.... 27156.923282: sched_switch: prev_comm=llvmpipe-1 prev_pid=154971 prev_prio=120 prev_state=S ==> next_comm=swapper/2 next_pid=0 next_prio=120
<...>-154979  ( 154961) [001] d.h.. 27156.923397: sched_stat_runtime: comm=kernelshark pid=154979 runtime=413547 [ns] vruntime=834839652 [ns]
<...>-154979  ( 154961) [001] dNh.. 27156.923407: sched_wakeup: comm=llvmpipe-3 pid=154973 prio=120 target_cpu=001
<...>-154979  ( 154961) [001] d.... 27156.923416: sched_switch: prev_comm=kernelshark prev_pid=154979 prev_prio=120 prev_state=R ==> next_comm=llvmpipe-3 next_pid=154973 next_prio=120
<...>-154973  ( 154961) [001] d.... 27156.923429: sched_stat_runtime: comm=llvmpipe-3 pid=154973 runtime=33952 [ns] vruntime=825873604 [ns]
<...>-154973  ( 154961) [001] d.... 27156.923439: sched_switch: prev_comm=llvmpipe-3 prev_pid=154973 prev_prio=120 prev_state=S ==> next_comm=kernelshark next_pid=154979 next_prio=120
<...>-154972  ( 154961) [000] d.... 27156.923538: sched_stat_runtime: comm=llvmpipe-2 pid=154972 runtime=40431 [ns] vruntime=1317314257 [ns]
<...>-154972  ( 154961) [000] d.... 27156.923556: sched_switch: prev_comm=llvmpipe-2 prev_pid=154972 prev_prio=120 prev_state=S ==> next_comm=swapper/0 next_pid=0 next_prio=120
<...>-154970  ( 154961) [003] d.... 27156.923635: sched_waking: comm=kernelshark pid=154961 prio=120 target_cpu=003
<...>-154970  ( 154961) [003] d.... 27156.923644: sched_stat_runtime: comm=llvmpipe-0 pid=154970 runtime=304959 [ns] vruntime=3737703681 [ns]
<...>-154970  ( 154961) [003] d.... 27156.923650: sched_wakeup: comm=kernelshark pid=154961 prio=120 target_cpu=003
<...>-154970  ( 154961) [003] d.... 27156.923658: sched_stat_runtime: comm=llvmpipe-0 pid=154970 runtime=16104 [ns] vruntime=3737719785 [ns]
<...>-154970  ( 154961) [003] d.... 27156.923665: sched_switch: prev_comm=llvmpipe-0 prev_pid=154970 prev_prio=120 prev_state=S ==> next_comm=kernelshark next_pid=154961 next_prio=120
<...>-154961  ( 154961) [003] d.h.. 27156.924258: softirq_raise: vec=1 [action=TIMER]
<...>-154961  ( 154961) [003] d.h.. 27156.924266: softirq_raise: vec=9 [action=RCU]
<...>-154961  ( 154961) [003] d.h.. 27156.924273: sched_stat_runtime: comm=kernelshark pid=154961 runtime=614949 [ns] vruntime=3746990045 [ns]
<...>-154961  ( 154961) [003] d.h.. 27156.924281: softirq_raise: vec=7 [action=SCHED]
<...>-154979  ( 154961) [001] d.h.. 27156.924296: softirq_raise: vec=9 [action=RCU]
<...>-154961  ( 154961) [003] ..s.. 27156.924348: softirq_entry: vec=1 [action=TIMER]
<...>-154961  ( 154961) [003] ..s.. 27156.924360: softirq_exit: vec=1 [action=TIMER]
<...>-154961  ( 154961) [003] ..s.. 27156.924364: softirq_entry: vec=7 [action=SCHED]
<...>-154961  ( 154961) [003] ..s.. 27156.924371: softirq_exit: vec=7 [action=SCHED]
<...>-154961  ( 154961) [003] ..s.. 27156.924376: softirq_entry: vec=9 [action=RCU]
<...>-154961  ( 154961) [003] ..s.. 27156.924382: softirq_exit: vec=9 [action=RCU]
<...>-154979  ( 154961) [001] d.h.. 27156.924455: sched_stat_runtime: comm=kernelshark pid=154979 runtime=1025722 [ns] vruntime=835865374 [ns]
<...>-154979  ( 154961) [001] ..s.. 27156.924522: softirq_entry: vec=9 [action=RCU]
<...>-154979  ( 154961) [001] ..s.. 27156.924530: softirq_exit: vec=9 [action=RCU]
<...>-154961  ( 154961) [003] d.... 27156.924591: softirq_raise: vec=3 [action=NET_RX]
<...>-154961  ( 154961) [003] ..s1. 27156.924607: softirq_entry: vec=3 [action=NET_RX]
<...>-154961  ( 154961) [003] ..s1. 27156.924635: softirq_exit: vec=3 [action=NET_RX]
<...>-154961  ( 154961) [003] d.... 27156.924684: softirq_raise: vec=3 [action=NET_RX]
<...>-154961  ( 154961) [003] ..s1. 27156.924694: softirq_entry: vec=3 [action=NET_RX]
<...>-154961  ( 154961) [003] ..s1. 27156.924707: softirq_exit: vec=3 [action=NET_RX]
<...>-154961  ( 154961) [003] d.... 27156.924725: sched_waking: comm=QXcbEventQueue pid=154962 prio=120 target_cpu=002
<...>-154961  ( 154961) [003] d.... 27156.924808: sched_stat_runtime: comm=kernelshark pid=154961 runtime=533948 [ns] vruntime=3747523993 [ns]
<...>-154961  ( 154961) [003] d.... 27156.924820: sched_switch: prev_comm=kernelshark prev_pid=154961 prev_prio=120 prev_state=S ==> next_comm=swapper/3 next_pid=0 next_prio=120
<...>-154962  ( 154961) [002] d.... 27156.925024: sched_waking: comm=kernelshark pid=154961 prio=120 target_cpu=003
<...>-154962  ( 154961) [002] d.... 27156.925099: sched_stat_runtime: comm=QXcbEventQueue pid=154962 runtime=126054 [ns] vruntime=2596140874 [ns]
<...>-154962  ( 154961) [002] d.... 27156.925110: sched_switch: prev_comm=QXcbEventQueue prev_pid=154962 prev_prio=120 prev_state=S ==> next_comm=sshd next_pid=148212 next_prio=120
<idle>-0       (-------) [003] dNh.. 27156.925411: sched_wakeup: comm=kernelshark pid=154961 prio=120 target_cpu=003
<idle>-0       (-------) [003] d.... 27156.925520: sched_switch: prev_comm=swapper/3 prev_pid=0 prev_prio=120 prev_state=R ==> next_comm=kernelshark next_pid=154961 next_prio=120
<...>-154961  ( 154961) [003] d.... 27156.925533: sched_stat_runtime: comm=kernelshark pid=154961 runtime=262044 [ns] vruntime=3747786037 [ns]
<...>-154961  ( 154961) [003] d.... 27156.925548: sched_switch: prev_comm=kernelshark prev_pid=154961 prev_prio=120 prev_state=S ==> next_comm=swapper/3 next_pid=0 next_prio=120
<...>-154979  ( 154961) [001] d.h.. 27156.928434: softirq_raise: vec=9 [action=RCU]
<...>-154979  ( 154961) [001] d.h.. 27156.928443: sched_stat_runtime: comm=kernelshark pid=154979 runtime=3988156 [ns] vruntime=839853530 [ns]
<...>-154979  ( 154961) [001] ..s.. 27156.928492: softirq_entry: vec=9 [action=RCU]
<...>-154979  ( 154961) [001] ..s.. 27156.928497: softirq_exit: vec=9 [action=RCU]
<...>-154979  ( 154961) [001] d.h.. 27156.932105: sched_stat_runtime: comm=kernelshark pid=154979 runtime=3661805 [ns] vruntime=843515335 [ns]
<...>-154962  ( 154961) [002] d.... 27156.933983: softirq_raise: vec=3 [action=NET_RX]
<...>-154962  ( 154961) [002] ..s1. 27156.933992: softirq_entry: vec=3 [action=NET_RX]
<...>-154962  ( 154961) [002] ..s1. 27156.934003: softirq_exit: vec=3 [action=NET_RX]
<...>-154962  ( 154961) [002] d.... 27156.934018: sched_waking: comm=kernelshark pid=154961 prio=120 target_cpu=003
<...>-154962  ( 154961) [002] d.... 27156.934174: sched_stat_runtime: comm=QXcbEventQueue pid=154962 runtime=237814 [ns] vruntime=2596378688 [ns]
<...>-154962  ( 154961) [002] d.... 27156.934183: sched_switch: prev_comm=QXcbEventQueue prev_pid=154962 prev_prio=120 prev_state=S ==> next_comm=sshd next_pid=148212 next_prio=120
<idle>-0       (-------) [003] dNh.. 27156.934225: sched_wakeup: comm=kernelshark pid=154961 prio=120 target_cpu=003
<idle>-0       (-------) [003] d.... 27156.934308: sched_switch: prev_comm=swapper/3 prev_pid=0 prev_prio=120 prev_state=R ==> next_comm=kernelshark next_pid=154961 next_prio=120
<...>-154979  ( 154961) [001] d.... 27156.934341: sched_stat_runtime: comm=kernelshark pid=154979 runtime=2236270 [ns] vruntime=845751605 [ns]
<...>-154961  ( 154961) [003] d.... 27156.934345: sched_waking: comm=kernelshark pid=154979 prio=120 target_cpu=001
<...>-154979  ( 154961) [001] d.... 27156.934351: sched_switch: prev_comm=kernelshark prev_pid=154979 prev_prio=120 prev_state=R ==> next_comm=swapper/1 next_pid=0 next_prio=120
<...>-154961  ( 154961) [003] d.... 27156.934458: sched_stat_runtime: comm=kernelshark pid=154961 runtime=237450 [ns] vruntime=3748023487 [ns]
<...>-154961  ( 154961) [003] d.... 27156.934466: sched_switch: prev_comm=kernelshark prev_pid=154961 prev_prio=120 prev_state=D ==> next_comm=swapper/3 next_pid=0 next_prio=120
<...>-154979  ( 154961) [001] d.... 27156.934566: sched_waking: comm=kernelshark pid=154961 prio=120 target_cpu=003
<idle>-0       (-------) [003] dNh.. 27156.934732: sched_wakeup: comm=kernelshark pid=154961 prio=120 target_cpu=003
<idle>-0       (-------) [003] d.... 27156.934819: sched_switch: prev_comm=swapper/3 prev_pid=0 prev_prio=120 prev_state=R ==> next_comm=kernelshark next_pid=154961 next_prio=120
<...>-154979  ( 154961) [001] d.... 27156.934826: sched_stat_runtime: comm=kernelshark pid=154979 runtime=277713 [ns] vruntime=846029318 [ns]
<...>-154961  ( 154961) [003] d.... 27156.934832: sched_waking: comm=kernelshark pid=154979 prio=120 target_cpu=001
<...>-154979  ( 154961) [001] d.... 27156.934834: sched_switch: prev_comm=kernelshark prev_pid=154979 prev_prio=120 prev_state=D ==> next_comm=swapper/1 next_pid=0 next_prio=120
<...>-154979  ( 154961) [001] d.... 27156.935625: sched_stat_runtime: comm=kernelshark pid=154979 runtime=597574 [ns] vruntime=846626892 [ns]
<...>-154961  ( 154961) [003] d.... 27156.935625: sched_waking: comm=kernelshark pid=154979 prio=120 target_cpu=001
<...>-154979  ( 154961) [001] d.... 27156.935634: sched_switch: prev_comm=kernelshark prev_pid=154979 prev_prio=120 prev_state=R ==> next_comm=swapper/1 next_pid=0 next_prio=120
<...>-154961  ( 154961) [003] d.h.. 27156.936205: softirq_raise: vec=1 [action=TIMER]
<...>-154961  ( 154961) [003] d.h.. 27156.936214: softirq_raise: vec=9 [action=RCU]
<...>-154979  ( 154961) [001] d.h.. 27156.936221: softirq_raise: vec=9 [action=RCU]
<...>-154961  ( 154961) [003] d.h.. 27156.936223: sched_stat_runtime: comm=kernelshark pid=154961 runtime=1492646 [ns] vruntime=3749516133 [ns]
<...>-154979  ( 154961) [001] d.h.. 27156.936228: sched_stat_runtime: comm=kernelshark pid=154979 runtime=394053 [ns] vruntime=847020945 [ns]
<...>-154961  ( 154961) [003] d.h.. 27156.936233: softirq_raise: vec=7 [action=SCHED]
<...>-154979  ( 154961) [001] d.h.. 27156.936235: softirq_raise: vec=7 [action=SCHED]
<...>-154979  ( 154961) [001] ..s.. 27156.936291: softirq_entry: vec=7 [action=SCHED]
<...>-154961  ( 154961) [003] ..s.. 27156.936294: softirq_entry: vec=1 [action=TIMER]
<...>-154979  ( 154961) [001] ..s.. 27156.936298: softirq_exit: vec=7 [action=SCHED]
<...>-154979  ( 154961) [001] ..s.. 27156.936303: softirq_entry: vec=9 [action=RCU]
<...>-154961  ( 154961) [003] ..s.. 27156.936303: softirq_exit: vec=1 [action=TIMER]
<...>-154961  ( 154961) [003] ..s.. 27156.936309: softirq_entry: vec=7 [action=SCHED]
<...>-154979  ( 154961) [001] ..s.. 27156.936313: softirq_exit: vec=9 [action=RCU]
<...>-154961  ( 154961) [003] ..s.. 27156.936317: softirq_exit: vec=7 [action=SCHED]
<...>-154961  ( 154961) [003] ..s.. 27156.936324: softirq_entry: vec=9 [action=RCU]
<...>-154961  ( 154961) [003] ..s.. 27156.936331: softirq_exit: vec=9 [action=RCU]
<...>-154961  ( 154961) [003] d.... 27156.937276: sched_waking: comm=llvmpipe-0 pid=154970 prio=120 target_cpu=003
<...>-154961  ( 154961) [003] d.... 27156.937288: sched_stat_runtime: comm=kernelshark pid=154961 runtime=1062076 [ns] vruntime=3750578209 [ns]
<...>-154961  ( 154961) [003] dN... 27156.937297: sched_wakeup: comm=llvmpipe-0 pid=154970 prio=120 target_cpu=003
<...>-154961  ( 154961) [003] d.... 27156.937306: sched_switch: prev_comm=kernelshark prev_pid=154961 prev_prio=120 prev_state=R ==> next_comm=llvmpipe-0 next_pid=154970 next_prio=120
<...>-154970  ( 154961) [003] d.... 27156.937318: sched_stat_runtime: comm=llvmpipe-0 pid=154970 runtime=32907 [ns] vruntime=3741611116 [ns]
<...>-154970  ( 154961) [003] d.... 27156.937326: sched_switch: prev_comm=llvmpipe-0 prev_pid=154970 prev_prio=120 prev_state=S ==> next_comm=kernelshark next_pid=154961 next_prio=120
<...>-154961  ( 154961) [003] d.... 27156.937333: sched_waking: comm=llvmpipe-0 pid=154970 prio=120 target_cpu=003
<...>-154961  ( 154961) [003] d.... 27156.937340: sched_stat_runtime: comm=kernelshark pid=154961 runtime=20920 [ns] vruntime=3750599129 [ns]
<...>-154961  ( 154961) [003] dN... 27156.937347: sched_wakeup: comm=llvmpipe-0 pid=154970 prio=120 target_cpu=003
<...>-154961  ( 154961) [003] d.... 27156.937355: sched_switch: prev_comm=kernelshark prev_pid=154961 prev_prio=120 prev_state=R ==> next_comm=llvmpipe-0 next_pid=154970 next_prio=120
<...>-154970  ( 154961) [003] d.... 27156.937367: sched_stat_runtime: comm=llvmpipe-0 pid=154970 runtime=28125 [ns] vruntime=3741639241 [ns]
<...>-154970  ( 154961) [003] d.... 27156.937375: sched_switch: prev_comm=llvmpipe-0 prev_pid=154970 prev_prio=120 prev_state=S ==> next_comm=kernelshark next_pid=154961 next_prio=120
<...>-154961  ( 154961) [003] d.... 27156.937383: sched_waking: comm=llvmpipe-1 pid=154971 prio=120 target_cpu=002
<...>-154961  ( 154961) [003] d.... 27156.937443: sched_waking: comm=llvmpipe-2 pid=154972 prio=120 target_cpu=000
<...>-154961  ( 154961) [003] d.... 27156.937495: sched_waking: comm=llvmpipe-3 pid=154973 prio=120 target_cpu=001
<...>-154961  ( 154961) [003] d.... 27156.937554: sched_stat_runtime: comm=kernelshark pid=154961 runtime=186782 [ns] vruntime=3750785911 [ns]
<...>-154961  ( 154961) [003] d.... 27156.937569: sched_switch: prev_comm=kernelshark prev_pid=154961 prev_prio=120 prev_state=S ==> next_comm=swapper/3 next_pid=0 next_prio=120
<...>-154972  ( 154961) [000] d.... 27156.937677: sched_stat_runtime: comm=llvmpipe-2 pid=154972 runtime=28411 [ns] vruntime=1317342668 [ns]
<...>-154972  ( 154961) [000] d.... 27156.937686: sched_switch: prev_comm=llvmpipe-2 prev_pid=154972 prev_prio=120 prev_state=S ==> next_comm=swapper/0 next_pid=0 next_prio=120
<...>-154979  ( 154961) [001] d.h.. 27156.937706: sched_stat_runtime: comm=kernelshark pid=154979 runtime=1475222 [ns] vruntime=848496167 [ns]
<...>-154979  ( 154961) [001] dNh.. 27156.937714: sched_wakeup: comm=llvmpipe-3 pid=154973 prio=120 target_cpu=001
<...>-154979  ( 154961) [001] d.... 27156.937721: sched_switch: prev_comm=kernelshark prev_pid=154979 prev_prio=120 prev_state=R ==> next_comm=llvmpipe-3 next_pid=154973 next_prio=120
<...>-154971  ( 154961) [002] d.... 27156.937725: sched_stat_runtime: comm=llvmpipe-1 pid=154971 runtime=105966 [ns] vruntime=2593018168 [ns]
<...>-154973  ( 154961) [001] d.... 27156.937733: sched_waking: comm=llvmpipe-0 pid=154970 prio=120 target_cpu=003
<...>-154971  ( 154961) [002] d.... 27156.937738: sched_switch: prev_comm=llvmpipe-1 prev_pid=154971 prev_prio=120 prev_state=S ==> next_comm=swapper/2 next_pid=0 next_prio=120
<...>-154973  ( 154961) [001] d.... 27156.937784: sched_waking: comm=llvmpipe-2 pid=154972 prio=120 target_cpu=000
<...>-154973  ( 154961) [001] d.... 27156.937830: sched_waking: comm=llvmpipe-1 pid=154971 prio=120 target_cpu=002
<...>-154971  ( 154961) [002] d.h.. 27156.940145: sched_stat_runtime: comm=llvmpipe-1 pid=154971 runtime=2126241 [ns] vruntime=2595144409 [ns]
<...>-154971  ( 154961) [002] d.h.. 27156.940157: softirq_raise: vec=7 [action=SCHED]
<...>-154970  ( 154961) [003] d.h.. 27156.940174: sched_stat_runtime: comm=llvmpipe-0 pid=154970 runtime=2245450 [ns] vruntime=3744031361 [ns]
<...>-154970  ( 154961) [003] d.h.. 27156.940185: softirq_raise: vec=7 [action=SCHED]
<...>-154971  ( 154961) [002] ..s.. 27156.940220: softirq_entry: vec=7 [action=SCHED]
<...>-154971  ( 154961) [002] ..s.. 27156.940230: softirq_exit: vec=7 [action=SCHED]
<...>-154970  ( 154961) [003] ..s.. 27156.940240: softirq_entry: vec=7 [action=SCHED]
<...>-154970  ( 154961) [003] ..s.. 27156.940248: softirq_exit: vec=7 [action=SCHED]
<...>-154972  ( 154961) [000] d.h.. 27156.940265: softirq_raise: vec=1 [action=TIMER]
<...>-154972  ( 154961) [000] d.h.. 27156.940274: sched_stat_runtime: comm=llvmpipe-2 pid=154972 runtime=2275694 [ns] vruntime=1319618362 [ns]
<...>-154972  ( 154961) [000] d.h.. 27156.940283: softirq_raise: vec=7 [action=SCHED]
<...>-154972  ( 154961) [000] ..s.. 27156.940336: softirq_entry: vec=1 [action=TIMER]
<...>-154973  ( 154961) [001] d.h.. 27156.940336: sched_stat_runtime: comm=llvmpipe-3 pid=154973 runtime=2632428 [ns] vruntime=842128595 [ns]
<...>-154972  ( 154961) [000] ..s.. 27156.940555: softirq_exit: vec=1 [action=TIMER]
<...>-154972  ( 154961) [000] ..s.. 27156.940561: softirq_entry: vec=7 [action=SCHED]
<...>-154972  ( 154961) [000] ..s.. 27156.940568: softirq_exit: vec=7 [action=SCHED]
<...>-154970  ( 154961) [003] d.... 27156.941313: sched_stat_runtime: comm=llvmpipe-0 pid=154970 runtime=1137919 [ns] vruntime=3745169280 [ns]
<...>-154973  ( 154961) [001] d.... 27156.941323: sched_stat_runtime: comm=llvmpipe-3 pid=154973 runtime=986938 [ns] vruntime=843115533 [ns]
<...>-154972  ( 154961) [000] d.... 27156.941331: sched_stat_runtime: comm=llvmpipe-2 pid=154972 runtime=1057273 [ns] vruntime=1320675635 [ns]
<...>-154973  ( 154961) [001] d.... 27156.941337: sched_switch: prev_comm=llvmpipe-3 prev_pid=154973 prev_prio=120 prev_state=S ==> next_comm=kernelshark next_pid=154979 next_prio=120
<...>-154972  ( 154961) [000] d.... 27156.941346: sched_switch: prev_comm=llvmpipe-2 prev_pid=154972 prev_prio=120 prev_state=S ==> next_comm=swapper/0 next_pid=0 next_prio=120
<...>-154970  ( 154961) [003] d.... 27156.941347: sched_switch: prev_comm=llvmpipe-0 prev_pid=154970 prev_prio=120 prev_state=S ==> next_comm=swapper/3 next_pid=0 next_prio=120
<...>-154971  ( 154961) [002] d.... 27156.941415: sched_waking: comm=llvmpipe-0 pid=154970 prio=120 target_cpu=003
<...>-154971  ( 154961) [002] d.... 27156.941466: sched_waking: comm=llvmpipe-3 pid=154973 prio=120 target_cpu=001
<...>-154971  ( 154961) [002] d.... 27156.941519: sched_waking: comm=llvmpipe-2 pid=154972 prio=120 target_cpu=000
<...>-154971  ( 154961) [002] d.... 27156.941575: sched_stat_runtime: comm=llvmpipe-1 pid=154971 runtime=1430447 [ns] vruntime=2596574856 [ns]
<...>-154971  ( 154961) [002] d.... 27156.941584: sched_switch: prev_comm=llvmpipe-1 prev_pid=154971 prev_prio=120 prev_state=S ==> next_comm=swapper/2 next_pid=0 next_prio=120
<...>-154972  ( 154961) [000] d.... 27156.941653: sched_stat_runtime: comm=llvmpipe-2 pid=154972 runtime=26206 [ns] vruntime=1320701841 [ns]
<...>-154972  ( 154961) [000] d.... 27156.941661: sched_switch: prev_comm=llvmpipe-2 prev_pid=154972 prev_prio=120 prev_state=S ==> next_comm=swapper/0 next_pid=0 next_prio=120
<...>-154979  ( 154961) [001] d.h.. 27156.941687: sched_stat_runtime: comm=kernelshark pid=154979 runtime=362478 [ns] vruntime=848858645 [ns]
<...>-154979  ( 154961) [001] dNh.. 27156.941694: sched_wakeup: comm=llvmpipe-3 pid=154973 prio=120 target_cpu=001
<...>-154979  ( 154961) [001] d.... 27156.941700: sched_switch: prev_comm=kernelshark prev_pid=154979 prev_prio=120 prev_state=R ==> next_comm=llvmpipe-3 next_pid=154973 next_prio=120
<...>-154973  ( 154961) [001] d.... 27156.941709: sched_stat_runtime: comm=llvmpipe-3 pid=154973 runtime=24004 [ns] vruntime=843139537 [ns]
<...>-154973  ( 154961) [001] d.... 27156.941716: sched_switch: prev_comm=llvmpipe-3 prev_pid=154973 prev_prio=120 prev_state=S ==> next_comm=kernelshark next_pid=154979 next_prio=120
<...>-154970  ( 154961) [003] d.... 27156.942042: sched_waking: comm=kernelshark pid=154961 prio=120 target_cpu=003
<...>-154970  ( 154961) [003] d.... 27156.942049: sched_stat_runtime: comm=llvmpipe-0 pid=154970 runtime=399842 [ns] vruntime=3745569122 [ns]
<...>-154970  ( 154961) [003] d.... 27156.942056: sched_wakeup: comm=kernelshark pid=154961 prio=120 target_cpu=003
<...>-154970  ( 154961) [003] d.... 27156.942063: sched_stat_runtime: comm=llvmpipe-0 pid=154970 runtime=15634 [ns] vruntime=3745584756 [ns]
<...>-154970  ( 154961) [003] d.... 27156.942071: sched_switch: prev_comm=llvmpipe-0 prev_pid=154970 prev_prio=120 prev_state=S ==> next_comm=kernelshark next_pid=154961 next_prio=120
<...>-154961  ( 154961) [003] d.... 27156.942251: softirq_raise: vec=3 [action=NET_RX]
<...>-154961  ( 154961) [003] ..s1. 27156.942260: softirq_entry: vec=3 [action=NET_RX]
<...>-154961  ( 154961) [003] d.s1. 27156.942277: sched_waking: comm=sshd pid=148212 prio=120 target_cpu=002
<...>-154961  ( 154961) [003] ..s1. 27156.942331: softirq_exit: vec=3 [action=NET_RX]
<...>-154961  ( 154961) [003] d.... 27156.942360: softirq_raise: vec=3 [action=NET_RX]
<...>-154961  ( 154961) [003] ..s1. 27156.942368: softirq_entry: vec=3 [action=NET_RX]
<...>-154961  ( 154961) [003] ..s1. 27156.942382: softirq_exit: vec=3 [action=NET_RX]
<...>-154961  ( 154961) [003] d.... 27156.942408: softirq_raise: vec=3 [action=NET_RX]
<...>-154961  ( 154961) [003] ..s1. 27156.942416: softirq_entry: vec=3 [action=NET_RX]
<...>-154961  ( 154961) [003] ..s1. 27156.942425: softirq_exit: vec=3 [action=NET_RX]
<...>-154961  ( 154961) [003] d.... 27156.942452: softirq_raise: vec=3 [action=NET_RX]
<...>-154961  ( 154961) [003] ..s1. 27156.942461: softirq_entry: vec=3 [action=NET_RX]
<...>-154961  ( 154961) [003] ..s1. 27156.942470: softirq_exit: vec=3 [action=NET_RX]
<...>-154961  ( 154961) [003] d.... 27156.942513: softirq_raise: vec=3 [action=NET_RX]
<...>-154961  ( 154961) [003] ..s1. 27156.942522: softirq_entry: vec=3 [action=NET_RX]
<...>-154961  ( 154961) [003] ..s1. 27156.942530: softirq_exit: vec=3 [action=NET_RX]
<...>-154961  ( 154961) [003] d.... 27156.942558: softirq_raise: vec=3 [action=NET_RX]
<...>-154961  ( 154961) [003] ..s1. 27156.942566: softirq_entry: vec=3 [action=NET_RX]
<...>-154961  ( 154961) [003] ..s1. 27156.942575: softirq_exit: vec=3 [action=NET_RX]
<...>-154961  ( 154961) [003] d.... 27156.942602: softirq_raise: vec=3 [action=NET_RX]
<...>-154961  ( 154961) [003] ..s1. 27156.942610: softirq_entry: vec=3 [action=NET_RX]
<...>-154961  ( 154961) [003] ..s1. 27156.942619: softirq_exit: vec=3 [action=NET_RX]
<...>-154961  ( 154961) [003] d.... 27156.942645: softirq_raise: vec=3 [action=NET_RX]
<...>-154961  ( 154961) [003] ..s1. 27156.942653: softirq_entry: vec=3 [action=NET_RX]
<...>-154961  ( 154961) [003] ..s1. 27156.942662: softirq_exit: vec=3 [action=NET_RX]
<...>-154961  ( 154961) [003] d.... 27156.942698: softirq_raise: vec=3 [action=NET_RX]
<...>-154961  ( 154961) [003] ..s1. 27156.942707: softirq_entry: vec=3 [action=NET_RX]
<...>-154961  ( 154961) [003] ..s1. 27156.942717: softirq_exit: vec=3 [action=NET_RX]
<...>-154961  ( 154961) [003] d.... 27156.942743: softirq_raise: vec=3 [action=NET_RX]
<...>-154961  ( 154961) [003] ..s1. 27156.942751: softirq_entry: vec=3 [action=NET_RX]
<...>-154961  ( 154961) [003] ..s1. 27156.942761: softirq_exit: vec=3 [action=NET_RX]
<...>-154961  ( 154961) [003] d.... 27156.942787: softirq_raise: vec=3 [action=NET_RX]
<...>-154961  ( 154961) [003] ..s1. 27156.942795: softirq_entry: vec=3 [action=NET_RX]
<...>-154961  ( 154961) [003] ..s1. 27156.942804: softirq_exit: vec=3 [action=NET_RX]
<...>-154961  ( 154961) [003] d.... 27156.942830: softirq_raise: vec=3 [action=NET_RX]
<...>-154961  ( 154961) [003] ..s1. 27156.942839: softirq_entry: vec=3 [action=NET_RX]
<...>-154961  ( 154961) [003] ..s1. 27156.942998: softirq_exit: vec=3 [action=NET_RX]
<...>-154961  ( 154961) [003] d.... 27156.943046: softirq_raise: vec=3 [action=NET_RX]
<...>-154961  ( 154961) [003] ..s1. 27156.943056: softirq_entry: vec=3 [action=NET_RX]
<...>-154961  ( 154961) [003] ..s1. 27156.943068: softirq_exit: vec=3 [action=NET_RX]
<...>-154961  ( 154961) [003] d.... 27156.943103: softirq_raise: vec=3 [action=NET_RX]
<...>-154961  ( 154961) [003] ..s1. 27156.943115: softirq_entry: vec=3 [action=NET_RX]
<...>-154961  ( 154961) [003] ..s1. 27156.943126: softirq_exit: vec=3 [action=NET_RX]
<...>-154961  ( 154961) [003] d.... 27156.943151: softirq_raise: vec=3 [action=NET_RX]
<...>-154961  ( 154961) [003] ..s1. 27156.943159: softirq_entry: vec=3 [action=NET_RX]
<...>-154961  ( 154961) [003] ..s1. 27156.943169: softirq_exit: vec=3 [action=NET_RX]
<...>-154961  ( 154961) [003] d.... 27156.943195: softirq_raise: vec=3 [action=NET_RX]
<...>-154961  ( 154961) [003] ..s1. 27156.943205: softirq_entry: vec=3 [action=NET_RX]
<...>-154961  ( 154961) [003] ..s1. 27156.943225: softirq_exit: vec=3 [action=NET_RX]
<...>-154961  ( 154961) [003] d.... 27156.943271: softirq_raise: vec=3 [action=NET_RX]
<...>-154961  ( 154961) [003] ..s1. 27156.943280: softirq_entry: vec=3 [action=NET_RX]
<...>-154961  ( 154961) [003] ..s1. 27156.943291: softirq_exit: vec=3 [action=NET_RX]
<...>-154979  ( 154961) [001] d.h.. 27156.943994: sched_stat_runtime: comm=kernelshark pid=154979 runtime=2283492 [ns] vruntime=851142137 [ns]
<...>-154961  ( 154961) [003] d.h.. 27156.944027: sched_stat_runtime: comm=kernelshark pid=154961 runtime=1963332 [ns] vruntime=3752749243 [ns]
<...>-154961  ( 154961) [003] d.h.. 27156.944034: softirq_raise: vec=7 [action=SCHED]
<...>-154961  ( 154961) [003] ..s.. 27156.944085: softirq_entry: vec=7 [action=SCHED]
<...>-154961  ( 154961) [003] ..s.. 27156.944094: softirq_exit: vec=7 [action=SCHED]
<...>-154961  ( 154961) [003] d.... 27156.944129: softirq_raise: vec=3 [action=NET_RX]
<...>-154961  ( 154961) [003] ..s1. 27156.944138: softirq_entry: vec=3 [action=NET_RX]
<...>-154961  ( 154961) [003] ..s1. 27156.944149: softirq_exit: vec=3 [action=NET_RX]
<...>-154961  ( 154961) [003] d.... 27156.944164: sched_stat_runtime: comm=kernelshark pid=154961 runtime=136706 [ns] vruntime=3752885949 [ns]
<...>-154961  ( 154961) [003] d.... 27156.944175: sched_switch: prev_comm=kernelshark prev_pid=154961 prev_prio=120 prev_state=S ==> next_comm=swapper/3 next_pid=0 next_prio=120
<...>-154979  ( 154961) [001] d.h.. 27156.948154: sched_stat_runtime: comm=kernelshark pid=154979 runtime=4159810 [ns] vruntime=855301947 [ns]
<...>-154979  ( 154961) [001] d.h.. 27156.952106: sched_stat_runtime: comm=kernelshark pid=154979 runtime=3952655 [ns] vruntime=859254602 [ns]
<...>-154979  ( 154961) [001] d.h.. 27156.956213: sched_stat_runtime: comm=kernelshark pid=154979 runtime=4106616 [ns] vruntime=863361218 [ns]
<...>-154979  ( 154961) [001] d.h.. 27156.960124: sched_stat_runtime: comm=kernelshark pid=154979 runtime=3911787 [ns] vruntime=867273005 [ns]
<...>-154979  ( 154961) [001] d.h.. 27156.964218: sched_stat_runtime: comm=kernelshark pid=154979 runtime=4093445 [ns] vruntime=871366450 [ns]
<...>-154979  ( 154961) [001] d.h.. 27156.968320: sched_stat_runtime: comm=kernelshark pid=154979 runtime=4102133 [ns] vruntime=875468583 [ns]
<...>-154979  ( 154961) [001] d.h.. 27156.972168: sched_stat_runtime: comm=kernelshark pid=154979 runtime=3847681 [ns] vruntime=879316264 [ns]
<...>-154979  ( 154961) [001] d.h.. 27156.976202: sched_stat_runtime: comm=kernelshark pid=154979 runtime=4032532 [ns] vruntime=883348796 [ns]
<...>-154979  ( 154961) [001] d.h.. 27156.980204: sched_stat_runtime: comm=kernelshark pid=154979 runtime=4003852 [ns] vruntime=887352648 [ns]
<...>-154979  ( 154961) [001] d.h.. 27156.984982: sched_stat_runtime: comm=kernelshark pid=154979 runtime=4777958 [ns] vruntime=892130606 [ns]
<...>-154979  ( 154961) [001] d.h.. 27156.988185: sched_stat_runtime: comm=kernelshark pid=154979 runtime=3203255 [ns] vruntime=895333861 [ns]
<...>-154979  ( 154961) [001] d.h.. 27156.992198: sched_stat_runtime: comm=kernelshark pid=154979 runtime=4013180 [ns] vruntime=899347041 [ns]
<...>-154979  ( 154961) [001] d.h.. 27156.996182: sched_stat_runtime: comm=kernelshark pid=154979 runtime=3983110 [ns] vruntime=903330151 [ns]
<...>-154979  ( 154961) [001] d.h.. 27157.000158: sched_stat_runtime: comm=kernelshark pid=154979 runtime=3977098 [ns] vruntime=907307249 [ns]
<...>-154979  ( 154961) [001] d.h.. 27157.004302: sched_stat_runtime: comm=kernelshark pid=154979 runtime=4144336 [ns] vruntime=911451585 [ns]
<...>-154979  ( 154961) [001] d.h.. 27157.008092: sched_stat_runtime: comm=kernelshark pid=154979 runtime=3789160 [ns] vruntime=915240745 [ns]
<...>-154979  ( 154961) [001] d.h.. 27157.012174: sched_stat_runtime: comm=kernelshark pid=154979 runtime=4082790 [ns] vruntime=919323535 [ns]
<...>-154979  ( 154961) [001] d.h.. 27157.016099: sched_stat_runtime: comm=kernelshark pid=154979 runtime=3923695 [ns] vruntime=923247230 [ns]
<...>-154979  ( 154961) [001] d.h.. 27157.020149: sched_stat_runtime: comm=kernelshark pid=154979 runtime=4050609 [ns] vruntime=927297839 [ns]
<...>-154979  ( 154961) [001] d.h.. 27157.024273: softirq_raise: vec=1 [action=TIMER]
<...>-154979  ( 154961) [001] d.h.. 27157.024280: sched_stat_runtime: comm=kernelshark pid=154979 runtime=4131488 [ns] vruntime=931429327 [ns]
<...>-154979  ( 154961) [001] ..s.. 27157.024333: softirq_entry: vec=1 [action=TIMER]
<...>-154979  ( 154961) [001] ..s.. 27157.024337: softirq_exit: vec=1 [action=TIMER]
<...>-154979  ( 154961) [001] d.h.. 27157.028173: sched_stat_runtime: comm=kernelshark pid=154979 runtime=3892302 [ns] vruntime=935321629 [ns]
<...>-154979  ( 154961) [001] d.h.. 27157.032152: sched_stat_runtime: comm=kernelshark pid=154979 runtime=3979621 [ns] vruntime=939301250 [ns]
<...>-154979  ( 154961) [001] d.h.. 27157.032158: softirq_raise: vec=7 [action=SCHED]
<...>-154979  ( 154961) [001] ..s.. 27157.032200: softirq_entry: vec=7 [action=SCHED]
<...>-154979  ( 154961) [001] ..s.. 27157.032206: softirq_exit: vec=7 [action=SCHED]
<...>-154979  ( 154961) [001] d.h.. 27157.036173: sched_stat_runtime: comm=kernelshark pid=154979 runtime=4020067 [ns] vruntime=943321317 [ns]
<...>-154962  ( 154961) [002] d.... 27157.037920: sched_waking: comm=kernelshark pid=154961 prio=120 target_cpu=003
<...>-154962  ( 154961) [002] d.... 27157.037968: sched_stat_runtime: comm=QXcbEventQueue pid=154962 runtime=87280 [ns] vruntime=2596465968 [ns]
<...>-154962  ( 154961) [002] d.... 27157.037976: sched_switch: prev_comm=QXcbEventQueue prev_pid=154962 prev_prio=120 prev_state=S ==> next_comm=ksoftirqd/2 next_pid=28 next_prio=120
<idle>-0       (-------) [003] dNh.. 27157.038134: sched_wakeup: comm=kernelshark pid=154961 prio=120 target_cpu=003
<idle>-0       (-------) [003] d.... 27157.038180: sched_switch: prev_comm=swapper/3 prev_pid=0 prev_prio=120 prev_state=R ==> next_comm=kernelshark next_pid=154961 next_prio=120
<...>-154961  ( 154961) [003] d.... 27157.038209: softirq_raise: vec=3 [action=NET_RX]
<...>-154961  ( 154961) [003] ..s1. 27157.038217: softirq_entry: vec=3 [action=NET_RX]
<...>-154961  ( 154961) [003] d.s1. 27157.038229: sched_waking: comm=sshd pid=148212 prio=120 target_cpu=002
<...>-154961  ( 154961) [003] ..s1. 27157.038277: softirq_exit: vec=3 [action=NET_RX]
<...>-154961  ( 154961) [003] d.... 27157.038289: sched_stat_runtime: comm=kernelshark pid=154961 runtime=159808 [ns] vruntime=3753045757 [ns]
<...>-154961  ( 154961) [003] d.... 27157.038296: sched_switch: prev_comm=kernelshark prev_pid=154961 prev_prio=120 prev_state=S ==> next_comm=swapper/3 next_pid=0 next_prio=120
<...>-154979  ( 154961) [001] d.h.. 27157.040173: sched_stat_runtime: comm=kernelshark pid=154979 runtime=4000199 [ns] vruntime=947321516 [ns]
<...>-154962  ( 154961) [002] d.... 27157.040942: sched_waking: comm=kernelshark pid=154961 prio=120 target_cpu=003
<...>-154962  ( 154961) [002] d.... 27157.040985: sched_stat_runtime: comm=QXcbEventQueue pid=154962 runtime=71570 [ns] vruntime=2596537538 [ns]
<...>-154962  ( 154961) [002] d.... 27157.040993: sched_switch: prev_comm=QXcbEventQueue prev_pid=154962 prev_prio=120 prev_state=S ==> next_comm=ksoftirqd/2 next_pid=28 next_prio=120
<idle>-0       (-------) [003] dNh.. 27157.041088: sched_wakeup: comm=kernelshark pid=154961 prio=120 target_cpu=003
<idle>-0       (-------) [003] d.... 27157.041152: sched_switch: prev_comm=swapper/3 prev_pid=0 prev_prio=120 prev_state=R ==> next_comm=kernelshark next_pid=154961 next_prio=120
<...>-154961  ( 154961) [003] d.... 27157.041212: softirq_raise: vec=3 [action=NET_RX]
<...>-154961  ( 154961) [003] ..s1. 27157.041215: softirq_entry: vec=3 [action=NET_RX]
<...>-154961  ( 154961) [003] d.s1. 27157.041222: sched_waking: comm=sshd pid=148212 prio=120 target_cpu=002
<...>-154961  ( 154961) [003] ..s1. 27157.041258: softirq_exit: vec=3 [action=NET_RX]
<...>-154961  ( 154961) [003] d.... 27157.041265: sched_stat_runtime: comm=kernelshark pid=154961 runtime=179414 [ns] vruntime=3753225171 [ns]
<...>-154961  ( 154961) [003] d.... 27157.041268: sched_switch: prev_comm=kernelshark prev_pid=154961 prev_prio=120 prev_state=S ==> next_comm=swapper/3 next_pid=0 next_prio=120
<...>-154962  ( 154961) [002] d.... 27157.042768: sched_waking: comm=kernelshark pid=154961 prio=120 target_cpu=003
<...>-154962  ( 154961) [002] d.... 27157.042812: sched_stat_runtime: comm=QXcbEventQueue pid=154962 runtime=79711 [ns] vruntime=2596617249 [ns]
<...>-154962  ( 154961) [002] d.... 27157.042819: sched_switch: prev_comm=QXcbEventQueue prev_pid=154962 prev_prio=120 prev_state=S ==> next_comm=sshd next_pid=148212 next_prio=120
<idle>-0       (-------) [003] dNh.. 27157.042916: sched_wakeup: comm=kernelshark pid=154961 prio=120 target_cpu=003
<idle>-0       (-------) [003] d.... 27157.042979: sched_switch: prev_comm=swapper/3 prev_pid=0 prev_prio=120 prev_state=R ==> next_comm=kernelshark next_pid=154961 next_prio=120
<...>-154961  ( 154961) [003] d.... 27157.043205: softirq_raise: vec=3 [action=NET_RX]
<...>-154961  ( 154961) [003] ..s1. 27157.043208: softirq_entry: vec=3 [action=NET_RX]
<...>-154961  ( 154961) [003] d.s1. 27157.043214: sched_waking: comm=sshd pid=148212 prio=120 target_cpu=002
<...>-154961  ( 154961) [003] ..s1. 27157.043250: softirq_exit: vec=3 [action=NET_RX]
<...>-154961  ( 154961) [003] d.... 27157.043256: sched_stat_runtime: comm=kernelshark pid=154961 runtime=342605 [ns] vruntime=3753567776 [ns]
<...>-154961  ( 154961) [003] d.... 27157.043260: sched_switch: prev_comm=kernelshark prev_pid=154961 prev_prio=120 prev_state=S ==> next_comm=swapper/3 next_pid=0 next_prio=120
<...>-154979  ( 154961) [001] d.h.. 27157.044163: sched_stat_runtime: comm=kernelshark pid=154979 runtime=3990181 [ns] vruntime=951311697 [ns]
<...>-154962  ( 154961) [002] d.... 27157.044722: sched_waking: comm=kernelshark pid=154961 prio=120 target_cpu=003
<...>-154962  ( 154961) [002] d.... 27157.044779: sched_stat_runtime: comm=QXcbEventQueue pid=154962 runtime=95986 [ns] vruntime=2596713235 [ns]
<...>-154962  ( 154961) [002] d.... 27157.044789: sched_switch: prev_comm=QXcbEventQueue prev_pid=154962 prev_prio=120 prev_state=S ==> next_comm=sshd next_pid=148212 next_prio=120
<idle>-0       (-------) [003] dNh.. 27157.044942: sched_wakeup: comm=kernelshark pid=154961 prio=120 target_cpu=003
<idle>-0       (-------) [003] d.... 27157.045042: sched_switch: prev_comm=swapper/3 prev_pid=0 prev_prio=120 prev_state=R ==> next_comm=kernelshark next_pid=154961 next_prio=120
<...>-154961  ( 154961) [003] d.... 27157.045064: softirq_raise: vec=3 [action=NET_RX]
<...>-154961  ( 154961) [003] ..s1. 27157.045075: softirq_entry: vec=3 [action=NET_RX]
<...>-154961  ( 154961) [003] d.s1. 27157.045090: sched_waking: comm=sshd pid=148212 prio=120 target_cpu=002
<...>-154961  ( 154961) [003] ..s1. 27157.045149: softirq_exit: vec=3 [action=NET_RX]
<...>-154961  ( 154961) [003] d.... 27157.045164: sched_stat_runtime: comm=kernelshark pid=154961 runtime=225155 [ns] vruntime=3753792931 [ns]
<...>-154961  ( 154961) [003] d.... 27157.045173: sched_switch: prev_comm=kernelshark prev_pid=154961 prev_prio=120 prev_state=S ==> next_comm=swapper/3 next_pid=0 next_prio=120
<...>-154962  ( 154961) [002] d.... 27157.047046: sched_waking: comm=kernelshark pid=154961 prio=120 target_cpu=003
<...>-154962  ( 154961) [002] d.... 27157.047084: sched_stat_runtime: comm=QXcbEventQueue pid=154962 runtime=59207 [ns] vruntime=2596772442 [ns]
<...>-154962  ( 154961) [002] d.... 27157.047088: sched_switch: prev_comm=QXcbEventQueue prev_pid=154962 prev_prio=120 prev_state=S ==> next_comm=sshd next_pid=148212 next_prio=120
<idle>-0       (-------) [003] dNh.. 27157.047196: sched_wakeup: comm=kernelshark pid=154961 prio=120 target_cpu=003
<idle>-0       (-------) [003] d.... 27157.047261: sched_switch: prev_comm=swapper/3 prev_pid=0 prev_prio=120 prev_state=R ==> next_comm=kernelshark next_pid=154961 next_prio=120
<...>-154961  ( 154961) [003] d.... 27157.047278: softirq_raise: vec=3 [action=NET_RX]
<...>-154961  ( 154961) [003] ..s1. 27157.047280: softirq_entry: vec=3 [action=NET_RX]
<...>-154961  ( 154961) [003] d.s1. 27157.047287: sched_waking: comm=sshd pid=148212 prio=120 target_cpu=002
<...>-154961  ( 154961) [003] ..s1. 27157.047335: softirq_exit: vec=3 [action=NET_RX]
<...>-154961  ( 154961) [003] d.... 27157.047343: sched_stat_runtime: comm=kernelshark pid=154961 runtime=148506 [ns] vruntime=3753941437 [ns]
<...>-154961  ( 154961) [003] d.... 27157.047346: sched_switch: prev_comm=kernelshark prev_pid=154961 prev_prio=120 prev_state=S ==> next_comm=swapper/3 next_pid=0 next_prio=120
<...>-154979  ( 154961) [001] d.h.. 27157.048175: sched_stat_runtime: comm=kernelshark pid=154979 runtime=4012314 [ns] vruntime=955324011 [ns]
<...>-154962  ( 154961) [002] d.... 27157.048898: sched_waking: comm=kernelshark pid=154961 prio=120 target_cpu=003
<...>-154962  ( 154961) [002] d.... 27157.048943: sched_stat_runtime: comm=QXcbEventQueue pid=154962 runtime=85115 [ns] vruntime=2596857557 [ns]
<...>-154962  ( 154961) [002] d.... 27157.048951: sched_switch: prev_comm=QXcbEventQueue prev_pid=154962 prev_prio=120 prev_state=S ==> next_comm=sshd next_pid=148212 next_prio=120
<idle>-0       (-------) [003] dNh.. 27157.049096: sched_wakeup: comm=kernelshark pid=154961 prio=120 target_cpu=003
<idle>-0       (-------) [003] d.... 27157.049175: sched_switch: prev_comm=swapper/3 prev_pid=0 prev_prio=120 prev_state=R ==> next_comm=kernelshark next_pid=154961 next_prio=120
<...>-154961  ( 154961) [003] d.... 27157.050492: softirq_raise: vec=3 [action=NET_RX]
<...>-154961  ( 154961) [003] ..s1. 27157.050502: softirq_entry: vec=3 [action=NET_RX]
<...>-154961  ( 154961) [003] d.s1. 27157.050514: sched_waking: comm=sshd pid=148212 prio=120 target_cpu=002
<...>-154961  ( 154961) [003] ..s1. 27157.050563: softirq_exit: vec=3 [action=NET_RX]
<...>-154961  ( 154961) [003] d.... 27157.050580: sched_stat_runtime: comm=kernelshark pid=154961 runtime=1486236 [ns] vruntime=3755427673 [ns]
<...>-154961  ( 154961) [003] d.... 27157.050587: sched_switch: prev_comm=kernelshark prev_pid=154961 prev_prio=120 prev_state=S ==> next_comm=swapper/3 next_pid=0 next_prio=120
<...>-154962  ( 154961) [002] d.... 27157.051836: sched_waking: comm=kernelshark pid=154961 prio=120 target_cpu=003
<...>-154962  ( 154961) [002] d.... 27157.051889: sched_stat_runtime: comm=QXcbEventQueue pid=154962 runtime=90225 [ns] vruntime=2596947782 [ns]
<...>-154962  ( 154961) [002] d.... 27157.052001: sched_switch: prev_comm=QXcbEventQueue prev_pid=154962 prev_prio=120 prev_state=S ==> next_comm=sshd next_pid=148212 next_prio=120
<idle>-0       (-------) [003] dNh.. 27157.052040: sched_wakeup: comm=kernelshark pid=154961 prio=120 target_cpu=003
<...>-154979  ( 154961) [001] d.h.. 27157.052309: sched_stat_runtime: comm=kernelshark pid=154979 runtime=4133869 [ns] vruntime=959457880 [ns]
<idle>-0       (-------) [003] d.... 27157.052318: sched_switch: prev_comm=swapper/3 prev_pid=0 prev_prio=120 prev_state=R ==> next_comm=kernelshark next_pid=154961 next_prio=120
<...>-154961  ( 154961) [003] d.... 27157.052686: sched_waking: comm=llvmpipe-0 pid=154970 prio=120 target_cpu=003
<...>-154961  ( 154961) [003] d.... 27157.052694: sched_stat_runtime: comm=kernelshark pid=154961 runtime=654927 [ns] vruntime=3756082600 [ns]
<...>-154961  ( 154961) [003] dN... 27157.052701: sched_wakeup: comm=llvmpipe-0 pid=154970 prio=120 target_cpu=003
<...>-154961  ( 154961) [003] d.... 27157.052708: sched_switch: prev_comm=kernelshark prev_pid=154961 prev_prio=120 prev_state=R ==> next_comm=llvmpipe-0 next_pid=154970 next_prio=120
<...>-154970  ( 154961) [003] d.... 27157.052716: sched_stat_runtime: comm=llvmpipe-0 pid=154970 runtime=23980 [ns] vruntime=3747106580 [ns]
<...>-154970  ( 154961) [003] d.... 27157.052723: sched_switch: prev_comm=llvmpipe-0 prev_pid=154970 prev_prio=120 prev_state=S ==> next_comm=kernelshark next_pid=154961 next_prio=120
<...>-154961  ( 154961) [003] d.... 27157.052729: sched_waking: comm=llvmpipe-0 pid=154970 prio=120 target_cpu=003
<...>-154961  ( 154961) [003] d.... 27157.052735: sched_stat_runtime: comm=kernelshark pid=154961 runtime=17396 [ns] vruntime=3756099996 [ns]
<...>-154961  ( 154961) [003] dN... 27157.052740: sched_wakeup: comm=llvmpipe-0 pid=154970 prio=120 target_cpu=003
<...>-154961  ( 154961) [003] d.... 27157.052747: sched_switch: prev_comm=kernelshark prev_pid=154961 prev_prio=120 prev_state=R ==> next_comm=llvmpipe-0 next_pid=154970 next_prio=120
<...>-154970  ( 154961) [003] d.... 27157.052756: sched_stat_runtime: comm=llvmpipe-0 pid=154970 runtime=22421 [ns] vruntime=3747129001 [ns]
<...>-154970  ( 154961) [003] d.... 27157.052764: sched_switch: prev_comm=llvmpipe-0 prev_pid=154970 prev_prio=120 prev_state=S ==> next_comm=kernelshark next_pid=154961 next_prio=120
<...>-154961  ( 154961) [003] d.... 27157.052770: sched_waking: comm=llvmpipe-1 pid=154971 prio=120 target_cpu=002
<...>-154961  ( 154961) [003] d.... 27157.052818: sched_waking: comm=llvmpipe-2 pid=154972 prio=120 target_cpu=000
